21:50:16 **** Incremental Build of configuration Debug for project FOC_bits_3 ****
make -j4 all 
arm-none-eabi-gcc "../Core/Src/drv8301.c" -mcpu=cortex-m4 -std=gnu11 -g3 -DDEBUG -DUSE_HAL_DRIVER -DSTM32F401xC -c -I../Core/Inc -I../Drivers/STM32F4xx_HAL_Driver/Inc -I../Drivers/STM32F4xx_HAL_Driver/Inc/Legacy -I../Drivers/CMSIS/Device/ST/STM32F4xx/Include -I../Drivers/CMSIS/Include -O0 -ffunction-sections -fdata-sections -Wall -fstack-usage -fcyclomatic-complexity -MMD -MP -MF"Core/Src/drv8301.d" -MT"Core/Src/drv8301.o" --specs=nano.specs -mfpu=fpv4-sp-d16 -mfloat-abi=hard -mthumb -o "Core/Src/drv8301.o"
arm-none-eabi-gcc "../Core/Src/drv8301_bedder.c" -mcpu=cortex-m4 -std=gnu11 -g3 -DDEBUG -DUSE_HAL_DRIVER -DSTM32F401xC -c -I../Core/Inc -I../Drivers/STM32F4xx_HAL_Driver/Inc -I../Drivers/STM32F4xx_HAL_Driver/Inc/Legacy -I../Drivers/CMSIS/Device/ST/STM32F4xx/Include -I../Drivers/CMSIS/Include -O0 -ffunction-sections -fdata-sections -Wall -fstack-usage -fcyclomatic-complexity -MMD -MP -MF"Core/Src/drv8301_bedder.d" -MT"Core/Src/drv8301_bedder.o" --specs=nano.specs -mfpu=fpv4-sp-d16 -mfloat-abi=hard -mthumb -o "Core/Src/drv8301_bedder.o"
arm-none-eabi-gcc "../Core/Src/syscalls.c" -mcpu=cortex-m4 -std=gnu11 -g3 -DDEBUG -DUSE_HAL_DRIVER -DSTM32F401xC -c -I../Core/Inc -I../Drivers/STM32F4xx_HAL_Driver/Inc -I../Drivers/STM32F4xx_HAL_Driver/Inc/Legacy -I../Drivers/CMSIS/Device/ST/STM32F4xx/Include -I../Drivers/CMSIS/Include -O0 -ffunction-sections -fdata-sections -Wall -fstack-usage -fcyclomatic-complexity -MMD -MP -MF"Core/Src/syscalls.d" -MT"Core/Src/syscalls.o" --specs=nano.specs -mfpu=fpv4-sp-d16 -mfloat-abi=hard -mthumb -o "Core/Src/syscalls.o"
arm-none-eabi-gcc "../Core/Src/sysmem.c" -mcpu=cortex-m4 -std=gnu11 -g3 -DDEBUG -DUSE_HAL_DRIVER -DSTM32F401xC -c -I../Core/Inc -I../Drivers/STM32F4xx_HAL_Driver/Inc -I../Drivers/STM32F4xx_HAL_Driver/Inc/Legacy -I../Drivers/CMSIS/Device/ST/STM32F4xx/Include -I../Drivers/CMSIS/Include -O0 -ffunction-sections -fdata-sections -Wall -fstack-usage -fcyclomatic-complexity -MMD -MP -MF"Core/Src/sysmem.d" -MT"Core/Src/sysmem.o" --specs=nano.specs -mfpu=fpv4-sp-d16 -mfloat-abi=hard -mthumb -o "Core/Src/sysmem.o"
arm-none-eabi-gcc "../Core/Src/system_stm32f4xx.c" -mcpu=cortex-m4 -std=gnu11 -g3 -DDEBUG -DUSE_HAL_DRIVER -DSTM32F401xC -c -I../Core/Inc -I../Drivers/STM32F4xx_HAL_Driver/Inc -I../Drivers/STM32F4xx_HAL_Driver/Inc/Legacy -I../Drivers/CMSIS/Device/ST/STM32F4xx/Include -I../Drivers/CMSIS/Include -O0 -ffunction-sections -fdata-sections -Wall -fstack-usage -fcyclomatic-complexity -MMD -MP -MF"Core/Src/system_stm32f4xx.d" -MT"Core/Src/system_stm32f4xx.o" --specs=nano.specs -mfpu=fpv4-sp-d16 -mfloat-abi=hard -mthumb -o "Core/Src/system_stm32f4xx.o"
../Core/Src/drv8301_bedder.c:15:39: warning: data definition has no type or storage class
   15 | static char m_fault_print_buffer[120];x;
      |                                       ^
../Core/Src/drv8301_bedder.c:15:39: warning: type defaults to 'int' in declaration of 'x' [-Wimplicit-int]
../Core/Src/drv8301_bedder.c: In function 'spi_transfer':
../Core/Src/drv8301_bedder.c:186:25: warning: implicit declaration of function 'palWritePad' [-Wimplicit-function-declaration]
  186 |                         palWritePad(DRV8301_MOSI_GPIO, DRV8301_MOSI_PIN, send >> 15);
      |                         ^~~~~~~~~~~
../Core/Src/drv8301_bedder.c:186:37: error: 'DRV8301_MOSI_GPIO' undeclared (first use in this function)
  186 |                         palWritePad(DRV8301_MOSI_GPIO, DRV8301_MOSI_PIN, send >> 15);
      |                                     ^~~~~~~~~~~~~~~~~
../Core/Src/drv8301_bedder.c:186:37: note: each undeclared identifier is reported only once for each function it appears in
../Core/Src/drv8301_bedder.c:186:56: error: 'DRV8301_MOSI_PIN' undeclared (first use in this function)
  186 |                         palWritePad(DRV8301_MOSI_GPIO, DRV8301_MOSI_PIN, send >> 15);
      |                                                        ^~~~~~~~~~~~~~~~
../Core/Src/drv8301_bedder.c:196:30: warning: implicit declaration of function 'palReadPad' [-Wimplicit-function-declaration]
  196 |                         r1 = palReadPad(DRV8301_MISO_GPIO, DRV8301_MISO_PIN);
      |                              ^~~~~~~~~~
../Core/Src/drv8301_bedder.c:196:41: error: 'DRV8301_MISO_GPIO' undeclared (first use in this function)
  196 |                         r1 = palReadPad(DRV8301_MISO_GPIO, DRV8301_MISO_PIN);
      |                                         ^~~~~~~~~~~~~~~~~
../Core/Src/drv8301_bedder.c:196:60: error: 'DRV8301_MISO_PIN' undeclared (first use in this function)
  196 |                         r1 = palReadPad(DRV8301_MISO_GPIO, DRV8301_MISO_PIN);
      |                                                            ^~~~~~~~~~~~~~~~
../Core/Src/drv8301_bedder.c: At top level:
../Core/Src/drv8301_bedder.c:231:8: warning: extra tokens at end of #endif directive [-Wendif-labels]
  231 | #endif BEDDER
      |        ^~~~~~
../Core/Src/drv8301_bedder.c:15:13: warning: 'm_fault_print_buffer' defined but not used [-Wunused-variable]
   15 | static char m_fault_print_buffer[120];x;
      |             ^~~~~~~~~~~~~~~~~~~~
make: *** [Core/Src/subdir.mk:43: Core/Src/drv8301_bedder.o] Error 1
make: *** Waiting for unfinished jobs....
"make -j4 all" terminated with exit code 2. Build might be incomplete.
