../Core/Src/drv8301.c:25:5:utils_middle_of_3_int	32	static
../Core/Src/drv8301.c:38:6:drv8301_init	24	static
../Core/Src/drv8301.c:83:6:drv8301_set_oc_adj	24	static
../Core/Src/drv8301.c:96:6:drv8301_set_oc_mode	24	static
../Core/Src/drv8301.c:103:6:drv8301_set_current_amp_gain	24	static
../Core/Src/drv8301.c:146:5:drv8301_read_faults	16	static
../Core/Src/drv8301.c:155:6:drv8301_reset_faults	16	static
../Core/Src/drv8301.c:172:14:drv8301_read_reg	24	static
../Core/Src/drv8301.c:191:6:drv8301_write_reg	24	static
../Core/Src/drv8301.c:202:17:spi_exchange	24	static
../Core/Src/drv8301.c:208:13:spi_transfer	48	static,ignoring_inline_asm
../Core/Src/drv8301.c:243:13:spi_begin	8	static
../Core/Src/drv8301.c:247:13:spi_end	8	static
../Core/Src/drv8301.c:251:13:spi_delay	16	static,ignoring_inline_asm
