../Core/Src/drv8301.c:25:5:utils_middle_of_3_int	32	static
../Core/Src/drv8301.c:38:6:drv8301_init	8	static
../Core/Src/drv8301.c:61:6:drv8301_set_oc_adj	24	static
../Core/Src/drv8301.c:74:6:drv8301_set_oc_mode	24	static
../Core/Src/drv8301.c:81:6:drv8301_set_current_amp_gain	24	static
../Core/Src/drv8301.c:124:5:drv8301_read_faults	16	static
../Core/Src/drv8301.c:133:6:drv8301_reset_faults	16	static
../Core/Src/drv8301.c:150:14:drv8301_read_reg	24	static
../Core/Src/drv8301.c:169:6:drv8301_write_reg	24	static
../Core/Src/drv8301.c:180:17:spi_exchange	24	static
../Core/Src/drv8301.c:186:13:spi_transfer	48	static,ignoring_inline_asm
../Core/Src/drv8301.c:221:13:spi_begin	8	static
../Core/Src/drv8301.c:225:13:spi_end	8	static
../Core/Src/drv8301.c:229:13:spi_delay	16	static,ignoring_inline_asm
