../Core/Src/main.c:89:5:main	8	static
../Core/Src/main.c:148:6:SystemClock_Config	88	static
../Core/Src/main.c:190:13:MX_ADC1_Init	24	static
../Core/Src/main.c:314:13:MX_TIM1_Init	80	static
../Core/Src/main.c:387:13:MX_TIM3_Init	32	static
../Core/Src/main.c:431:13:MX_TIM4_Init	32	static
../Core/Src/main.c:476:13:MX_TIM5_Init	32	static
../Core/Src/main.c:519:13:MX_DMA_Init	16	static
../Core/Src/main.c:537:13:MX_GPIO_Init	48	static
../Core/Src/main.c:623:6:Error_Handler	4	static,ignoring_inline_asm
