../Core/Src/uart_comm.c:6:6:comm	8	static
../Core/Src/uart_comm.c:31:9:comm_parse_command	24	static
../Core/Src/uart_comm.c:125:9:calculate_voltage	24	static
../Core/Src/uart_comm.c:135:9:get_voltage_1	8	static
../Core/Src/uart_comm.c:139:9:get_voltage_2	8	static
../Core/Src/uart_comm.c:143:9:get_voltage_3	8	static
../Core/Src/uart_comm.c:147:9:get_voltage_supply	8	static
../Core/Src/uart_comm.c:155:9:calculate_phase_current	24	static
../Core/Src/uart_comm.c:168:9:get_current_phase_1	8	static
../Core/Src/uart_comm.c:175:9:get_current_phase_2	8	static
../Core/Src/uart_comm.c:182:9:get_current_phase_3	8	static
../Core/Src/uart_comm.c:191:7:adc_to_resistance	32	static
../Core/Src/uart_comm.c:197:9:calculate_temperature_ntc	16	static
../Core/Src/uart_comm.c:204:9:get_temp_motor	16	static
../Core/Src/uart_comm.c:212:9:get_temp_adc	16	static
