../Core/Src/uart_comm.c:6:6:comm	16	static
../Core/Src/uart_comm.c:41:9:comm_parse_command	24	static
../Core/Src/uart_comm.c:136:9:calculate_voltage	24	static
../Core/Src/uart_comm.c:146:9:get_voltage_1	8	static
../Core/Src/uart_comm.c:150:9:get_voltage_2	8	static
../Core/Src/uart_comm.c:154:9:get_voltage_3	8	static
../Core/Src/uart_comm.c:158:9:get_voltage_supply	8	static
../Core/Src/uart_comm.c:166:9:calculate_phase_current	24	static
../Core/Src/uart_comm.c:179:9:get_current_phase_1	8	static
../Core/Src/uart_comm.c:186:9:get_current_phase_2	8	static
../Core/Src/uart_comm.c:193:9:get_current_phase_3	8	static
../Core/Src/uart_comm.c:202:7:adc_to_resistance	32	static
../Core/Src/uart_comm.c:208:9:calculate_temperature_ntc	16	static
../Core/Src/uart_comm.c:215:9:get_temp_motor	16	static
../Core/Src/uart_comm.c:223:9:get_temp_adc	16	static
