Archive member included to satisfy reference by file (symbol)

/home/cotti/st/stm32cubeide_1.17.0/plugins/com.st.stm32cube.ide.mcu.externaltools.gnu-tools-for-stm32.12.3.rel1.linux64_1.1.0.202410170702/tools/bin/../lib/gcc/arm-none-eabi/12.3.1/../../../../arm-none-eabi/lib/thumb/v7e-m+fp/hard/libc_nano.a(libc_a-exit.o)
                              /home/cotti/st/stm32cubeide_1.17.0/plugins/com.st.stm32cube.ide.mcu.externaltools.gnu-tools-for-stm32.12.3.rel1.linux64_1.1.0.202410170702/tools/bin/../lib/gcc/arm-none-eabi/12.3.1/../../../../arm-none-eabi/lib/thumb/v7e-m+fp/hard/crt0.o (exit)
/home/cotti/st/stm32cubeide_1.17.0/plugins/com.st.stm32cube.ide.mcu.externaltools.gnu-tools-for-stm32.12.3.rel1.linux64_1.1.0.202410170702/tools/bin/../lib/gcc/arm-none-eabi/12.3.1/../../../../arm-none-eabi/lib/thumb/v7e-m+fp/hard/libc_nano.a(libc_a-findfp.o)
                              /home/cotti/st/stm32cubeide_1.17.0/plugins/com.st.stm32cube.ide.mcu.externaltools.gnu-tools-for-stm32.12.3.rel1.linux64_1.1.0.202410170702/tools/bin/../lib/gcc/arm-none-eabi/12.3.1/../../../../arm-none-eabi/lib/thumb/v7e-m+fp/hard/libc_nano.a(libc_a-exit.o) (__stdio_exit_handler)
/home/cotti/st/stm32cubeide_1.17.0/plugins/com.st.stm32cube.ide.mcu.externaltools.gnu-tools-for-stm32.12.3.rel1.linux64_1.1.0.202410170702/tools/bin/../lib/gcc/arm-none-eabi/12.3.1/../../../../arm-none-eabi/lib/thumb/v7e-m+fp/hard/libc_nano.a(libc_a-fwalk.o)
                              /home/cotti/st/stm32cubeide_1.17.0/plugins/com.st.stm32cube.ide.mcu.externaltools.gnu-tools-for-stm32.12.3.rel1.linux64_1.1.0.202410170702/tools/bin/../lib/gcc/arm-none-eabi/12.3.1/../../../../arm-none-eabi/lib/thumb/v7e-m+fp/hard/libc_nano.a(libc_a-findfp.o) (_fwalk_sglue)
/home/cotti/st/stm32cubeide_1.17.0/plugins/com.st.stm32cube.ide.mcu.externaltools.gnu-tools-for-stm32.12.3.rel1.linux64_1.1.0.202410170702/tools/bin/../lib/gcc/arm-none-eabi/12.3.1/../../../../arm-none-eabi/lib/thumb/v7e-m+fp/hard/libc_nano.a(libc_a-stdio.o)
                              /home/cotti/st/stm32cubeide_1.17.0/plugins/com.st.stm32cube.ide.mcu.externaltools.gnu-tools-for-stm32.12.3.rel1.linux64_1.1.0.202410170702/tools/bin/../lib/gcc/arm-none-eabi/12.3.1/../../../../arm-none-eabi/lib/thumb/v7e-m+fp/hard/libc_nano.a(libc_a-findfp.o) (__sread)
/home/cotti/st/stm32cubeide_1.17.0/plugins/com.st.stm32cube.ide.mcu.externaltools.gnu-tools-for-stm32.12.3.rel1.linux64_1.1.0.202410170702/tools/bin/../lib/gcc/arm-none-eabi/12.3.1/../../../../arm-none-eabi/lib/thumb/v7e-m+fp/hard/libc_nano.a(libc_a-memset.o)
                              /home/cotti/st/stm32cubeide_1.17.0/plugins/com.st.stm32cube.ide.mcu.externaltools.gnu-tools-for-stm32.12.3.rel1.linux64_1.1.0.202410170702/tools/bin/../lib/gcc/arm-none-eabi/12.3.1/../../../../arm-none-eabi/lib/thumb/v7e-m+fp/hard/crt0.o (memset)
/home/cotti/st/stm32cubeide_1.17.0/plugins/com.st.stm32cube.ide.mcu.externaltools.gnu-tools-for-stm32.12.3.rel1.linux64_1.1.0.202410170702/tools/bin/../lib/gcc/arm-none-eabi/12.3.1/../../../../arm-none-eabi/lib/thumb/v7e-m+fp/hard/libc_nano.a(libc_a-closer.o)
                              /home/cotti/st/stm32cubeide_1.17.0/plugins/com.st.stm32cube.ide.mcu.externaltools.gnu-tools-for-stm32.12.3.rel1.linux64_1.1.0.202410170702/tools/bin/../lib/gcc/arm-none-eabi/12.3.1/../../../../arm-none-eabi/lib/thumb/v7e-m+fp/hard/libc_nano.a(libc_a-stdio.o) (_close_r)
/home/cotti/st/stm32cubeide_1.17.0/plugins/com.st.stm32cube.ide.mcu.externaltools.gnu-tools-for-stm32.12.3.rel1.linux64_1.1.0.202410170702/tools/bin/../lib/gcc/arm-none-eabi/12.3.1/../../../../arm-none-eabi/lib/thumb/v7e-m+fp/hard/libc_nano.a(libc_a-reent.o)
                              /home/cotti/st/stm32cubeide_1.17.0/plugins/com.st.stm32cube.ide.mcu.externaltools.gnu-tools-for-stm32.12.3.rel1.linux64_1.1.0.202410170702/tools/bin/../lib/gcc/arm-none-eabi/12.3.1/../../../../arm-none-eabi/lib/thumb/v7e-m+fp/hard/libc_nano.a(libc_a-closer.o) (errno)
/home/cotti/st/stm32cubeide_1.17.0/plugins/com.st.stm32cube.ide.mcu.externaltools.gnu-tools-for-stm32.12.3.rel1.linux64_1.1.0.202410170702/tools/bin/../lib/gcc/arm-none-eabi/12.3.1/../../../../arm-none-eabi/lib/thumb/v7e-m+fp/hard/libc_nano.a(libc_a-impure.o)
                              /home/cotti/st/stm32cubeide_1.17.0/plugins/com.st.stm32cube.ide.mcu.externaltools.gnu-tools-for-stm32.12.3.rel1.linux64_1.1.0.202410170702/tools/bin/../lib/gcc/arm-none-eabi/12.3.1/../../../../arm-none-eabi/lib/thumb/v7e-m+fp/hard/libc_nano.a(libc_a-reent.o) (_impure_ptr)
/home/cotti/st/stm32cubeide_1.17.0/plugins/com.st.stm32cube.ide.mcu.externaltools.gnu-tools-for-stm32.12.3.rel1.linux64_1.1.0.202410170702/tools/bin/../lib/gcc/arm-none-eabi/12.3.1/../../../../arm-none-eabi/lib/thumb/v7e-m+fp/hard/libc_nano.a(libc_a-lseekr.o)
[...]
Memory Configuration

Name             Origin             Length             Attributes
RAM              0x20000000         0x00010000         xrw
FLASH            0x08000000         0x00040000         xr
*default*        0x00000000         0xffffffff

Linker script and memory map

LOAD /home/cotti/st/stm32cubeide_1.17.0/plugins/com.st.stm32cube.ide.mcu.externaltools.gnu-tools-for-stm32.12.3.rel1.linux64_1.1.0.202410170702/tools/bin/../lib/gcc/arm-none-eabi/12.3.1/thumb/v7e-m+fp/hard/crti.o
LOAD /home/cotti/st/stm32cubeide_1.17.0/plugins/com.st.stm32cube.ide.mcu.externaltools.gnu-tools-for-stm32.12.3.rel1.linux64_1.1.0.202410170702/tools/bin/../lib/gcc/arm-none-eabi/12.3.1/thumb/v7e-m+fp/hard/crtbegin.o
LOAD /home/cotti/st/stm32cubeide_1.17.0/plugins/com.st.stm32cube.ide.mcu.externaltools.gnu-tools-for-stm32.12.3.rel1.linux64_1.1.0.202410170702/tools/bin/../lib/gcc/arm-none-eabi/12.3.1/../../../../arm-none-eabi/lib/thumb/v7e-m+fp/hard/crt0.o
LOAD ./Core/Src/drv8301.o
LOAD ./Core/Src/main.o
LOAD ./Core/Src/motor_bldc.o
LOAD ./Core/Src/stm32f4xx_hal_msp.o
LOAD ./Core/Src/stm32f4xx_it.o
LOAD ./Core/Src/syscalls.o
LOAD ./Core/Src/sysmem.o
LOAD ./Core/Src/system_stm32f4xx.o
LOAD ./Core/Src/uart_bitbang.o
LOAD ./Core/Src/uart_comm.o
LOAD ./Core/Startup/startup_stm32f401rctx.o
LOAD ./Drivers/STM32F4xx_HAL_Driver/Src/stm32f4xx_hal.o
LOAD ./Drivers/STM32F4xx_HAL_Driver/Src/stm32f4xx_hal_adc.o
LOAD ./Drivers/STM32F4xx_HAL_Driver/Src/stm32f4xx_hal_adc_ex.o
LOAD ./Drivers/STM32F4xx_HAL_Driver/Src/stm32f4xx_hal_cortex.o
LOAD ./Drivers/STM32F4xx_HAL_Driver/Src/stm32f4xx_hal_dma.o
LOAD ./Drivers/STM32F4xx_HAL_Driver/Src/stm32f4xx_hal_dma_ex.o
LOAD ./Drivers/STM32F4xx_HAL_Driver/Src/stm32f4xx_hal_exti.o
LOAD ./Drivers/STM32F4xx_HAL_Driver/Src/stm32f4xx_hal_flash.o
LOAD ./Drivers/STM32F4xx_HAL_Driver/Src/stm32f4xx_hal_flash_ex.o
LOAD ./Drivers/STM32F4xx_HAL_Driver/Src/stm32f4xx_hal_flash_ramfunc.o
LOAD ./Drivers/STM32F4xx_HAL_Driver/Src/stm32f4xx_hal_gpio.o
LOAD ./Drivers/STM32F4xx_HAL_Driver/Src/stm32f4xx_hal_pwr.o
LOAD ./Drivers/STM32F4xx_HAL_Driver/Src/stm32f4xx_hal_pwr_ex.o
LOAD ./Drivers/STM32F4xx_HAL_Driver/Src/stm32f4xx_hal_rcc.o
LOAD ./Drivers/STM32F4xx_HAL_Driver/Src/stm32f4xx_hal_rcc_ex.o
LOAD ./Drivers/STM32F4xx_HAL_Driver/Src/stm32f4xx_hal_tim.o
LOAD ./Drivers/STM32F4xx_HAL_Driver/Src/stm32f4xx_hal_tim_ex.o
LOAD ./Drivers/STM32F4xx_HAL_Driver/Src/stm32f4xx_ll_adc.o
START GROUP
LOAD /home/cotti/st/stm32cubeide_1.17.0/plugins/com.st.stm32cube.ide.mcu.externaltools.gnu-tools-for-stm32.12.3.rel1.linux64_1.1.0.202410170702/tools/bin/../lib/gcc/arm-none-eabi/12.3.1/../../../../arm-none-eabi/lib/thumb/v7e-m+fp/hard/libc_nano.a
LOAD /home/cotti/st/stm32cubeide_1.17.0/plugins/com.st.stm32cube.ide.mcu.externaltools.gnu-tools-for-stm32.12.3.rel1.linux64_1.1.0.202410170702/tools/bin/../lib/gcc/arm-none-eabi/12.3.1/../../../../arm-none-eabi/lib/thumb/v7e-m+fp/hard/libm.a
END GROUP
START GROUP
LOAD /home/cotti/st/stm32cubeide_1.17.0/plugins/com.st.stm32cube.ide.mcu.externaltools.gnu-tools-for-stm32.12.3.rel1.linux64_1.1.0.202410170702/tools/bin/../lib/gcc/arm-none-eabi/12.3.1/thumb/v7e-m+fp/hard/libgcc.a
LOAD /home/cotti/st/stm32cubeide_1.17.0/plugins/com.st.stm32cube.ide.mcu.externaltools.gnu-tools-for-stm32.12.3.rel1.linux64_1.1.0.202410170702/tools/bin/../lib/gcc/arm-none-eabi/12.3.1/../../../../arm-none-eabi/lib/thumb/v7e-m+fp/hard/libc_nano.a
END GROUP
START GROUP
LOAD /home/cotti/st/stm32cubeide_1.17.0/plugins/com.st.stm32cube.ide.mcu.externaltools.gnu-tools-for-stm32.12.3.rel1.linux64_1.1.0.202410170702/tools/bin/../lib/gcc/arm-none-eabi/12.3.1/thumb/v7e-m+fp/hard/libgcc.a
LOAD /home/cotti/st/stm32cubeide_1.17.0/plugins/com.st.stm32cube.ide.mcu.externaltools.gnu-tools-for-stm32.12.3.rel1.linux64_1.1.0.202410170702/tools/bin/../lib/gcc/arm-none-eabi/12.3.1/../../../../arm-none-eabi/lib/thumb/v7e-m+fp/hard/libc_nano.a
LOAD /home/cotti/st/stm32cubeide_1.17.0/plugins/com.st.stm32cube.ide.mcu.externaltools.gnu-tools-for-stm32.12.3.rel1.linux64_1.1.0.202410170702/tools/bin/../lib/gcc/arm-none-eabi/12.3.1/../../../../arm-none-eabi/lib/thumb/v7e-m+fp/hard/libnosys.a
END GROUP
START GROUP
LOAD /home/cotti/st/stm32cubeide_1.17.0/plugins/com.st.stm32cube.ide.mcu.externaltools.gnu-tools-for-stm32.12.3.rel1.linux64_1.1.0.202410170702/tools/bin/../lib/gcc/arm-none-eabi/12.3.1/thumb/v7e-m+fp/hard/libgcc.a
LOAD /home/cotti/st/stm32cubeide_1.17.0/plugins/com.st.stm32cube.ide.mcu.externaltools.gnu-tools-for-stm32.12.3.rel1.linux64_1.1.0.202410170702/tools/bin/../lib/gcc/arm-none-eabi/12.3.1/../../../../arm-none-eabi/lib/thumb/v7e-m+fp/hard/libc_nano.a
LOAD /home/cotti/st/stm32cubeide_1.17.0/plugins/com.st.stm32cube.ide.mcu.externaltools.gnu-tools-for-stm32.12.3.rel1.linux64_1.1.0.202410170702/tools/bin/../lib/gcc/arm-none-eabi/12.3.1/../../../../arm-none-eabi/lib/thumb/v7e-m+fp/hard/libnosys.a
END GROUP
LOAD /home/cotti/st/stm32cubeide_1.17.0/plugins/com.st.stm32cube.ide.mcu.externaltools.gnu-tools-for-stm32.12.3.rel1.linux64_1.1.0.202410170702/tools/bin/../lib/gcc/arm-none-eabi/12.3.1/thumb/v7e-m+fp/hard/crtend.o
LOAD /home/cotti/st/stm32cubeide_1.17.0/plugins/com.st.stm32cube.ide.mcu.externaltools.gnu-tools-for-stm32.12.3.rel1.linux64_1.1.0.202410170702/tools/bin/../lib/gcc/arm-none-eabi/12.3.1/thumb/v7e-m+fp/hard/crtn.o
                0x20010000                        _estack = (ORIGIN (RAM) + LENGTH (RAM))
                0x00000200                        _Min_Heap_Size = 0x200
                0x00000400                        _Min_Stack_Size = 0x400

.isr_vector     0x08000000      0x194
                0x08000000                        . = ALIGN (0x4)
 *(.isr_vector)
 .isr_vector    0x08000000      0x194 ./Core/Startup/startup_stm32f401rctx.o
                0x08000000                g_pfnVectors
                0x08000194                        . = ALIGN (0x4)

.text           0x08000198     0x6324
                0x08000198                        . = ALIGN (0x4)
 *(.text)
 .text          0x08000198       0x40 /home/cotti/st/stm32cubeide_1.17.0/plugins/com.st.stm32cube.ide.mcu.externaltools.gnu-tools-for-stm32.12.3.rel1.linux64_1.1.0.202410170702/tools/bin/../lib/gcc/arm-none-eabi/12.3.1/thumb/v7e-m+fp/hard/crtbegin.o
 .text          0x080001d8      0x378 /home/cotti/st/stm32cubeide_1.17.0/plugins/com.st.stm32cube.ide.mcu.externaltools.gnu-tools-for-stm32.12.3.rel1.linux64_1.1.0.202410170702/tools/bin/../lib/gcc/arm-none-eabi/12.3.1/thumb/v7e-m+fp/hard/libgcc.a(_arm_addsubdf3.o)
                0x080001d8                __aeabi_drsub
                0x080001e0                __aeabi_dsub
                0x080001e0                __subdf3
                0x080001e4                __adddf3
                0x080001e4                __aeabi_dadd
                0x0800045c                __aeabi_ui2d
                0x0800045c                __floatunsidf
                0x0800047c                __floatsidf
                0x0800047c                __aeabi_i2d
                0x080004a0                __extendsfdf2
                0x080004a0                __aeabi_f2d
                0x080004e4                __aeabi_ul2d
                0x080004e4                __floatundidf
                0x080004f4                __floatdidf
                0x080004f4                __aeabi_l2d
 .text          0x08000550      0x424 /home/cotti/st/stm32cubeide_1.17.0/plugins/com.st.stm32cube.ide.mcu.externaltools.gnu-tools-for-stm32.12.3.rel1.linux64_1.1.0.202410170702/tools/bin/../lib/gcc/arm-none-eabi/12.3.1/thumb/v7e-m+fp/hard/libgcc.a(_arm_muldivdf3.o)
                0x08000550                __aeabi_dmul
                0x08000550                __muldf3
                0x080007a4                __aeabi_ddiv
                0x080007a4                __divdf3
 .text          0x08000974      0x110 /home/cotti/st/stm32cubeide_1.17.0/plugins/com.st.stm32cube.ide.mcu.externaltools.gnu-tools-for-stm32.12.3.rel1.linux64_1.1.0.202410170702/tools/bin/../lib/gcc/arm-none-eabi/12.3.1/thumb/v7e-m+fp/hard/libgcc.a(_arm_cmpdf2.o)
                0x08000974                __gtdf2
                0x08000974                __gedf2
                0x0800097c                __ltdf2
                0x0800097c                __ledf2
                0x08000984                __cmpdf2
                0x08000984                __eqdf2
                0x08000984                __nedf2
                0x08000a00                __aeabi_cdrcmple
                0x08000a10                __aeabi_cdcmple
                0x08000a10                __aeabi_cdcmpeq
                0x08000a20                __aeabi_dcmpeq
                0x08000a34                __aeabi_dcmplt
                0x08000a48                __aeabi_dcmple
                0x08000a5c                __aeabi_dcmpge
                0x08000a70                __aeabi_dcmpgt
 .text          0x08000a84       0x2c /home/cotti/st/stm32cubeide_1.17.0/plugins/com.st.stm32cube.ide.mcu.externaltools.gnu-tools-for-stm32.12.3.rel1.linux64_1.1.0.202410170702/tools/bin/../lib/gcc/arm-none-eabi/12.3.1/thumb/v7e-m+fp/hard/libgcc.a(_arm_unorddf2.o)
                0x08000a84                __aeabi_dcmpun
                0x08000a84                __unorddf2
 .text          0x08000ab0       0x50 /home/cotti/st/stm32cubeide_1.17.0/plugins/com.st.stm32cube.ide.mcu.externaltools.gnu-tools-for-stm32.12.3.rel1.linux64_1.1.0.202410170702/tools/bin/../lib/gcc/arm-none-eabi/12.3.1/thumb/v7e-m+fp/hard/libgcc.a(_arm_fixdfsi.o)
                0x08000ab0                __fixdfsi
                0x08000ab0                __aeabi_d2iz
 .text          0x08000b00       0xa0 /home/cotti/st/stm32cubeide_1.17.0/plugins/com.st.stm32cube.ide.mcu.externaltools.gnu-tools-for-stm32.12.3.rel1.linux64_1.1.0.202410170702/tools/bin/../lib/gcc/arm-none-eabi/12.3.1/thumb/v7e-m+fp/hard/libgcc.a(_arm_truncdfsf2.o)
                0x08000b00                __aeabi_d2f
                0x08000b00                __truncdfsf2
 .text          0x08000ba0       0x30 /home/cotti/st/stm32cubeide_1.17.0/plugins/com.st.stm32cube.ide.mcu.externaltools.gnu-tools-for-stm32.12.3.rel1.linux64_1.1.0.202410170702/tools/bin/../lib/gcc/arm-none-eabi/12.3.1/thumb/v7e-m+fp/hard/libgcc.a(_aeabi_uldivmod.o)
                0x08000ba0                __aeabi_uldivmod
 .text          0x08000bd0      0x2bc /home/cotti/st/stm32cubeide_1.17.0/plugins/com.st.stm32cube.ide.mcu.externaltools.gnu-tools-for-stm32.12.3.rel1.linux64_1.1.0.202410170702/tools/bin/../lib/gcc/arm-none-eabi/12.3.1/thumb/v7e-m+fp/hard/libgcc.a(_udivmoddi4.o)
                0x08000bd0                __udivmoddi4
 .text          0x08000e8c        0x4 /home/cotti/st/stm32cubeide_1.17.0/plugins/com.st.stm32cube.ide.mcu.externaltools.gnu-tools-for-stm32.12.3.rel1.linux64_1.1.0.202410170702/tools/bin/../lib/gcc/arm-none-eabi/12.3.1/thumb/v7e-m+fp/hard/libgcc.a(_dvmd_tls.o)
                0x08000e8c                __aeabi_ldiv0
                0x08000e8c                __aeabi_idiv0
 *(.text*)
 .text.utils_middle_of_3_int
                0x08000e90       0x62 ./Core/Src/drv8301.o
                0x08000e90                utils_middle_of_3_int
 *fill*         0x08000ef2        0x2 
 .text.drv8301_init
                0x08000ef4       0x3c ./Core/Src/drv8301.o
                0x08000ef4                drv8301_init
 .text.drv8301_set_current_amp_gain
                0x08000f30       0x74 ./Core/Src/drv8301.o
                0x08000f30                drv8301_set_current_amp_gain
 .text.drv8301_reset_faults
                0x08000fa4       0x4c ./Core/Src/drv8301.o
                0x08000fa4                drv8301_reset_faults
 .text.drv8301_read_reg
                0x08000ff0       0x6a ./Core/Src/drv8301.o
                0x08000ff0                drv8301_read_reg
 .text.drv8301_write_reg
                0x0800105a       0x50 ./Core/Src/drv8301.o
                0x0800105a                drv8301_write_reg
 .text.spi_exchange
                0x080010aa       0x22 ./Core/Src/drv8301.o
 .text.spi_transfer
                0x080010cc       0xf4 ./Core/Src/drv8301.o
 .text.spi_begin
                0x080011c0       0x18 ./Core/Src/drv8301.o
 .text.spi_end  0x080011d8       0x18 ./Core/Src/drv8301.o
 .text.spi_delay
                0x080011f0       0x28 ./Core/Src/drv8301.o
 .text.main     0x08001218       0x54 ./Core/Src/main.o
                0x08001218                main
 .text.SystemClock_Config
                0x0800126c       0xc0 ./Core/Src/main.o
                0x0800126c                SystemClock_Config
 .text.MX_ADC1_Init
                0x0800132c      0x184 ./Core/Src/main.o
 .text.MX_TIM1_Init
                0x080014b0      0x134 ./Core/Src/main.o
 .text.MX_TIM3_Init
                0x080015e4       0x9c ./Core/Src/main.o
 .text.MX_TIM4_Init
                0x08001680       0x9c ./Core/Src/main.o
 .text.MX_TIM5_Init
                0x0800171c       0x9c ./Core/Src/main.o
 .text.MX_DMA_Init
                0x080017b8       0x40 ./Core/Src/main.o
 .text.MX_GPIO_Init
                0x080017f8      0x1b8 ./Core/Src/main.o
 .text.Error_Handler
                0x080019b0        0xc ./Core/Src/main.o
                0x080019b0                Error_Handler
 .text.motor_read_hall
                0x080019bc      0x208 ./Core/Src/motor_bldc.o
                0x080019bc                motor_read_hall
 .text.motor_get_hall
                0x08001bc4       0x18 ./Core/Src/motor_bldc.o
                0x08001bc4                motor_get_hall
 .text.motor_on_off
                0x08001bdc       0x54 ./Core/Src/motor_bldc.o
                0x08001bdc                motor_on_off
 .text.motor_reset
                0x08001c30       0x3c ./Core/Src/motor_bldc.o
                0x08001c30                motor_reset
 .text.motor_set_speed
                0x08001c6c       0x44 ./Core/Src/motor_bldc.o
                0x08001c6c                motor_set_speed
 .text.motor_set_duty
                0x08001cb0       0x9c ./Core/Src/motor_bldc.o
                0x08001cb0                motor_set_duty
 .text.motor_init
                0x08001d4c       0x20 ./Core/Src/motor_bldc.o
                0x08001d4c                motor_init
 .text.motor_calculate_speed
                0x08001d6c       0x8c ./Core/Src/motor_bldc.o
                0x08001d6c                motor_calculate_speed
 .text.motor_get_speed_rpm
                0x08001df8       0x18 ./Core/Src/motor_bldc.o
                0x08001df8                motor_get_speed_rpm
 .text.motor_rotate
                0x08001e10      0x100 ./Core/Src/motor_bldc.o
                0x08001e10                motor_rotate
 .text.HAL_MspInit
                0x08001f10       0x50 ./Core/Src/stm32f4xx_hal_msp.o
                0x08001f10                HAL_MspInit
 .text.HAL_ADC_MspInit
                0x08001f60      0x128 ./Core/Src/stm32f4xx_hal_msp.o
                0x08001f60                HAL_ADC_MspInit
 .text.HAL_TIM_PWM_MspInit
                0x08002088       0x44 ./Core/Src/stm32f4xx_hal_msp.o
                0x08002088                HAL_TIM_PWM_MspInit
 .text.HAL_TIM_Base_MspInit
                0x080020cc       0xc8 ./Core/Src/stm32f4xx_hal_msp.o
                0x080020cc                HAL_TIM_Base_MspInit
 .text.HAL_TIM_MspPostInit
                0x08002194       0xb8 ./Core/Src/stm32f4xx_hal_msp.o
                0x08002194                HAL_TIM_MspPostInit
 .text.NMI_Handler
                0x0800224c        0x8 ./Core/Src/stm32f4xx_it.o
                0x0800224c                NMI_Handler
 .text.HardFault_Handler
                0x08002254        0x8 ./Core/Src/stm32f4xx_it.o
                0x08002254                HardFault_Handler
 .text.MemManage_Handler
                0x0800225c        0x8 ./Core/Src/stm32f4xx_it.o
                0x0800225c                MemManage_Handler
 .text.BusFault_Handler
                0x08002264        0x8 ./Core/Src/stm32f4xx_it.o
                0x08002264                BusFault_Handler
 .text.UsageFault_Handler
                0x0800226c        0x8 ./Core/Src/stm32f4xx_it.o
                0x0800226c                UsageFault_Handler
 .text.SVC_Handler
                0x08002274        0xe ./Core/Src/stm32f4xx_it.o
                0x08002274                SVC_Handler
 .text.DebugMon_Handler
                0x08002282        0xe ./Core/Src/stm32f4xx_it.o
                0x08002282                DebugMon_Handler
 .text.PendSV_Handler
                0x08002290        0xe ./Core/Src/stm32f4xx_it.o
                0x08002290                PendSV_Handler
 .text.SysTick_Handler
                0x0800229e        0xc ./Core/Src/stm32f4xx_it.o
                0x0800229e                SysTick_Handler
 .text.EXTI2_IRQHandler
                0x080022aa       0x12 ./Core/Src/stm32f4xx_it.o
                0x080022aa                EXTI2_IRQHandler
 .text.EXTI9_5_IRQHandler
                0x080022bc       0x3c ./Core/Src/stm32f4xx_it.o
                0x080022bc                EXTI9_5_IRQHandler
 .text.TIM3_IRQHandler
                0x080022f8       0x24 ./Core/Src/stm32f4xx_it.o
                0x080022f8                TIM3_IRQHandler
 .text.TIM4_IRQHandler
                0x0800231c       0x18 ./Core/Src/stm32f4xx_it.o
                0x0800231c                TIM4_IRQHandler
 .text.TIM5_IRQHandler
                0x08002334       0x18 ./Core/Src/stm32f4xx_it.o
                0x08002334                TIM5_IRQHandler
 .text.DMA2_Stream0_IRQHandler
                0x0800234c       0x14 ./Core/Src/stm32f4xx_it.o
                0x0800234c                DMA2_Stream0_IRQHandler
 .text.SystemInit
                0x08002360       0x24 ./Core/Src/system_stm32f4xx.o
                0x08002360                SystemInit
 .text.uart_init
                0x08002384       0x24 ./Core/Src/uart_bitbang.o
                0x08002384                uart_init
 .text.uart_is_empty
                0x080023a8       0x28 ./Core/Src/uart_bitbang.o
                0x080023a8                uart_is_empty
 .text.uart_read
                0x080023d0       0x54 ./Core/Src/uart_bitbang.o
                0x080023d0                uart_read
 .text.uart_write
                0x08002424       0x60 ./Core/Src/uart_bitbang.o
                0x08002424                uart_write
 .text.uart_start_received
                0x08002484       0x40 ./Core/Src/uart_bitbang.o
                0x08002484                uart_start_received
 .text.uart_write_next_bit
                0x080024c4       0xec ./Core/Src/uart_bitbang.o
                0x080024c4                uart_write_next_bit
 .text.uart_read_next_bit
                0x080025b0       0xb4 ./Core/Src/uart_bitbang.o
                0x080025b0                uart_read_next_bit
 .text.comm     0x08002664       0x6c ./Core/Src/uart_comm.o
                0x08002664                comm
 .text.comm_parse_command
                0x080026d0      0x1d4 ./Core/Src/uart_comm.o
                0x080026d0                comm_parse_command
 *fill*         0x080028a4        0x4 
 .text.calculate_voltage
                0x080028a8       0xa8 ./Core/Src/uart_comm.o
                0x080028a8                calculate_voltage
 .text.get_voltage_1
                0x08002950       0x18 ./Core/Src/uart_comm.o
                0x08002950                get_voltage_1
 .text.get_voltage_2
                0x08002968       0x18 ./Core/Src/uart_comm.o
                0x08002968                get_voltage_2
 .text.get_voltage_3
                0x08002980       0x18 ./Core/Src/uart_comm.o
                0x08002980                get_voltage_3
 .text.get_voltage_supply
                0x08002998       0x18 ./Core/Src/uart_comm.o
                0x08002998                get_voltage_supply
 .text.calculate_phase_current
                0x080029b0       0x90 ./Core/Src/uart_comm.o
                0x080029b0                calculate_phase_current
 .text.get_current_phase_1
                0x08002a40       0x18 ./Core/Src/uart_comm.o
                0x08002a40                get_current_phase_1
 .text.get_current_phase_2
                0x08002a58       0x18 ./Core/Src/uart_comm.o
                0x08002a58                get_current_phase_2
 .text.get_current_phase_3
                0x08002a70       0x18 ./Core/Src/uart_comm.o
                0x08002a70                get_current_phase_3
 .text.adc_to_resistance
                0x08002a88       0xa8 ./Core/Src/uart_comm.o
                0x08002a88                adc_to_resistance
 .text.calculate_temperature_ntc
                0x08002b30       0xac ./Core/Src/uart_comm.o
                0x08002b30                calculate_temperature_ntc
 *fill*         0x08002bdc        0x4 
 .text.get_temp_motor
                0x08002be0       0xcc ./Core/Src/uart_comm.o
                0x08002be0                get_temp_motor
 .text.get_temp_adc
                0x08002cac       0x2c ./Core/Src/uart_comm.o
                0x08002cac                get_temp_adc
 .text.Reset_Handler
                0x08002cd8       0x50 ./Core/Startup/startup_stm32f401rctx.o
                0x08002cd8                Reset_Handler
 .text.Default_Handler
                0x08002d28        0x2 ./Core/Startup/startup_stm32f401rctx.o
                0x08002d28                RTC_Alarm_IRQHandler
                0x08002d28                SPI4_IRQHandler
                0x08002d28                TIM1_CC_IRQHandler
                0x08002d28                DMA2_Stream5_IRQHandler
                0x08002d28                DMA1_Stream5_IRQHandler
                0x08002d28                PVD_IRQHandler
                0x08002d28                SDIO_IRQHandler
                0x08002d28                TAMP_STAMP_IRQHandler
                0x08002d28                EXTI3_IRQHandler
                0x08002d28                TIM1_UP_TIM10_IRQHandler
                0x08002d28                I2C3_ER_IRQHandler
                0x08002d28                EXTI0_IRQHandler
                0x08002d28                I2C2_EV_IRQHandler
                0x08002d28                DMA1_Stream2_IRQHandler
                0x08002d28                FPU_IRQHandler
                0x08002d28                DMA2_Stream2_IRQHandler
                0x08002d28                SPI1_IRQHandler
                0x08002d28                TIM1_BRK_TIM9_IRQHandler
                0x08002d28                DMA2_Stream3_IRQHandler
                0x08002d28                USART6_IRQHandler
                0x08002d28                I2C1_EV_IRQHandler
                0x08002d28                DMA1_Stream6_IRQHandler
                0x08002d28                DMA1_Stream1_IRQHandler
                0x08002d28                RCC_IRQHandler
                0x08002d28                Default_Handler
                0x08002d28                EXTI15_10_IRQHandler
                0x08002d28                ADC_IRQHandler
                0x08002d28                DMA1_Stream7_IRQHandler
                0x08002d28                DMA2_Stream7_IRQHandler
                0x08002d28                I2C3_EV_IRQHandler
                0x08002d28                RTC_WKUP_IRQHandler
                0x08002d28                SPI2_IRQHandler
                0x08002d28                DMA1_Stream0_IRQHandler
                0x08002d28                EXTI4_IRQHandler
                0x08002d28                WWDG_IRQHandler
                0x08002d28                TIM2_IRQHandler
                0x08002d28                OTG_FS_WKUP_IRQHandler
                0x08002d28                TIM1_TRG_COM_TIM11_IRQHandler
                0x08002d28                EXTI1_IRQHandler
                0x08002d28                USART2_IRQHandler
                0x08002d28                I2C2_ER_IRQHandler
                0x08002d28                DMA2_Stream1_IRQHandler
                0x08002d28                FLASH_IRQHandler
                0x08002d28                DMA2_Stream4_IRQHandler
                0x08002d28                USART1_IRQHandler
                0x08002d28                OTG_FS_IRQHandler
                0x08002d28                SPI3_IRQHandler
                0x08002d28                DMA1_Stream4_IRQHandler
                0x08002d28                I2C1_ER_IRQHandler
                0x08002d28                DMA2_Stream6_IRQHandler
                0x08002d28                DMA1_Stream3_IRQHandler
 *fill*         0x08002d2a        0x2 
 .text.HAL_Init
                0x08002d2c       0x44 ./Drivers/STM32F4xx_HAL_Driver/Src/stm32f4xx_hal.o
                0x08002d2c                HAL_Init
 .text.HAL_InitTick
                0x08002d70       0x60 ./Drivers/STM32F4xx_HAL_Driver/Src/stm32f4xx_hal.o
                0x08002d70                HAL_InitTick
 .text.HAL_IncTick
                0x08002dd0       0x28 ./Drivers/STM32F4xx_HAL_Driver/Src/stm32f4xx_hal.o
                0x08002dd0                HAL_IncTick
 .text.HAL_GetTick
                0x08002df8       0x18 ./Drivers/STM32F4xx_HAL_Driver/Src/stm32f4xx_hal.o
                0x08002df8                HAL_GetTick
 .text.HAL_Delay
                0x08002e10       0x48 ./Drivers/STM32F4xx_HAL_Driver/Src/stm32f4xx_hal.o
                0x08002e10                HAL_Delay
 .text.HAL_ADC_Init
                0x08002e58       0x86 ./Drivers/STM32F4xx_HAL_Driver/Src/stm32f4xx_hal_adc.o
                0x08002e58                HAL_ADC_Init
 *fill*         0x08002ede        0x2 
 .text.HAL_ADC_Start_DMA
                0x08002ee0      0x1e0 ./Drivers/STM32F4xx_HAL_Driver/Src/stm32f4xx_hal_adc.o
                0x08002ee0                HAL_ADC_Start_DMA
 .text.HAL_ADC_ConvCpltCallback
                0x080030c0       0x14 ./Drivers/STM32F4xx_HAL_Driver/Src/stm32f4xx_hal_adc.o
                0x080030c0                HAL_ADC_ConvCpltCallback
 .text.HAL_ADC_ConvHalfCpltCallback
                0x080030d4       0x14 ./Drivers/STM32F4xx_HAL_Driver/Src/stm32f4xx_hal_adc.o
                0x080030d4                HAL_ADC_ConvHalfCpltCallback
 .text.HAL_ADC_ErrorCallback
                0x080030e8       0x14 ./Drivers/STM32F4xx_HAL_Driver/Src/stm32f4xx_hal_adc.o
                0x080030e8                HAL_ADC_ErrorCallback
 .text.HAL_ADC_ConfigChannel
                0x080030fc      0x244 ./Drivers/STM32F4xx_HAL_Driver/Src/stm32f4xx_hal_adc.o
                0x080030fc                HAL_ADC_ConfigChannel
 .text.ADC_Init
                0x08003340      0x1f8 ./Drivers/STM32F4xx_HAL_Driver/Src/stm32f4xx_hal_adc.o
 .text.ADC_DMAConvCplt
                0x08003538       0xba ./Drivers/STM32F4xx_HAL_Driver/Src/stm32f4xx_hal_adc.o
 .text.ADC_DMAHalfConvCplt
                0x080035f2       0x1c ./Drivers/STM32F4xx_HAL_Driver/Src/stm32f4xx_hal_adc.o
 .text.ADC_DMAError
                0x0800360e       0x2e ./Drivers/STM32F4xx_HAL_Driver/Src/stm32f4xx_hal_adc.o
 .text.__NVIC_SetPriorityGrouping
                0x0800363c       0x48 ./Drivers/STM32F4xx_HAL_Driver/Src/stm32f4xx_hal_cortex.o
 .text.__NVIC_GetPriorityGrouping
                0x08003684       0x1c ./Drivers/STM32F4xx_HAL_Driver/Src/stm32f4xx_hal_cortex.o
 .text.__NVIC_EnableIRQ
                0x080036a0       0x3c ./Drivers/STM32F4xx_HAL_Driver/Src/stm32f4xx_hal_cortex.o
 .text.__NVIC_DisableIRQ
                0x080036dc       0x48 ./Drivers/STM32F4xx_HAL_Driver/Src/stm32f4xx_hal_cortex.o
 .text.__NVIC_ClearPendingIRQ
                0x08003724       0x3c ./Drivers/STM32F4xx_HAL_Driver/Src/stm32f4xx_hal_cortex.o
 .text.__NVIC_SetPriority
                0x08003760       0x54 ./Drivers/STM32F4xx_HAL_Driver/Src/stm32f4xx_hal_cortex.o
 .text.NVIC_EncodePriority
                0x080037b4       0x66 ./Drivers/STM32F4xx_HAL_Driver/Src/stm32f4xx_hal_cortex.o
 *fill*         0x0800381a        0x2 
 .text.SysTick_Config
                0x0800381c       0x44 ./Drivers/STM32F4xx_HAL_Driver/Src/stm32f4xx_hal_cortex.o
 .text.HAL_NVIC_SetPriorityGrouping
                0x08003860       0x16 ./Drivers/STM32F4xx_HAL_Driver/Src/stm32f4xx_hal_cortex.o
                0x08003860                HAL_NVIC_SetPriorityGrouping
 .text.HAL_NVIC_SetPriority
                0x08003876       0x38 ./Drivers/STM32F4xx_HAL_Driver/Src/stm32f4xx_hal_cortex.o
                0x08003876                HAL_NVIC_SetPriority
 .text.HAL_NVIC_EnableIRQ
                0x080038ae       0x1c ./Drivers/STM32F4xx_HAL_Driver/Src/stm32f4xx_hal_cortex.o
                0x080038ae                HAL_NVIC_EnableIRQ
 .text.HAL_NVIC_DisableIRQ
                0x080038ca       0x1c ./Drivers/STM32F4xx_HAL_Driver/Src/stm32f4xx_hal_cortex.o
                0x080038ca                HAL_NVIC_DisableIRQ
 .text.HAL_SYSTICK_Config
                0x080038e6       0x18 ./Drivers/STM32F4xx_HAL_Driver/Src/stm32f4xx_hal_cortex.o
                0x080038e6                HAL_SYSTICK_Config
 .text.HAL_NVIC_ClearPendingIRQ
                0x080038fe       0x1c ./Drivers/STM32F4xx_HAL_Driver/Src/stm32f4xx_hal_cortex.o
                0x080038fe                HAL_NVIC_ClearPendingIRQ
 *fill*         0x0800391a        0x2 
 .text.HAL_DMA_Init
                0x0800391c      0x15c ./Drivers/STM32F4xx_HAL_Driver/Src/stm32f4xx_hal_dma.o
                0x0800391c                HAL_DMA_Init
 .text.HAL_DMA_Start_IT
                0x08003a78       0xb0 ./Drivers/STM32F4xx_HAL_Driver/Src/stm32f4xx_hal_dma.o
                0x08003a78                HAL_DMA_Start_IT
 .text.HAL_DMA_IRQHandler
                0x08003b28      0x314 ./Drivers/STM32F4xx_HAL_Driver/Src/stm32f4xx_hal_dma.o
                0x08003b28                HAL_DMA_IRQHandler
 .text.DMA_SetConfig
                0x08003e3c       0x5c ./Drivers/STM32F4xx_HAL_Driver/Src/stm32f4xx_hal_dma.o
 .text.DMA_CalcBaseAndBitshift
                0x08003e98       0x6c ./Drivers/STM32F4xx_HAL_Driver/Src/stm32f4xx_hal_dma.o
 .text.DMA_CheckFifoParam
                0x08003f04       0xf8 ./Drivers/STM32F4xx_HAL_Driver/Src/stm32f4xx_hal_dma.o
 .text.HAL_GPIO_Init
                0x08003ffc      0x308 ./Drivers/STM32F4xx_HAL_Driver/Src/stm32f4xx_hal_gpio.o
                0x08003ffc                HAL_GPIO_Init
 .text.HAL_GPIO_ReadPin
                0x08004304       0x30 ./Drivers/STM32F4xx_HAL_Driver/Src/stm32f4xx_hal_gpio.o
                0x08004304                HAL_GPIO_ReadPin
 .text.HAL_GPIO_WritePin
                0x08004334       0x32 ./Drivers/STM32F4xx_HAL_Driver/Src/stm32f4xx_hal_gpio.o
                0x08004334                HAL_GPIO_WritePin
 .text.HAL_GPIO_TogglePin
                0x08004366       0x34 ./Drivers/STM32F4xx_HAL_Driver/Src/stm32f4xx_hal_gpio.o
                0x08004366                HAL_GPIO_TogglePin
 *fill*         0x0800439a        0x2 
 .text.HAL_GPIO_EXTI_IRQHandler
                0x0800439c       0x30 ./Drivers/STM32F4xx_HAL_Driver/Src/stm32f4xx_hal_gpio.o
                0x0800439c                HAL_GPIO_EXTI_IRQHandler
 .text.HAL_GPIO_EXTI_Callback
                0x080043cc       0x16 ./Drivers/STM32F4xx_HAL_Driver/Src/stm32f4xx_hal_gpio.o
                0x080043cc                HAL_GPIO_EXTI_Callback
 *fill*         0x080043e2        0x2 
 .text.HAL_RCC_OscConfig
                0x080043e4      0x4f0 ./Drivers/STM32F4xx_HAL_Driver/Src/stm32f4xx_hal_rcc.o
                0x080043e4                HAL_RCC_OscConfig
 .text.HAL_RCC_ClockConfig
                0x080048d4      0x1cc ./Drivers/STM32F4xx_HAL_Driver/Src/stm32f4xx_hal_rcc.o
                0x080048d4                HAL_RCC_ClockConfig
 .text.HAL_RCC_GetSysClockFreq
                0x08004aa0      0x20c ./Drivers/STM32F4xx_HAL_Driver/Src/stm32f4xx_hal_rcc.o
                0x08004aa0                HAL_RCC_GetSysClockFreq
 .text.HAL_TIM_Base_Init
                0x08004cac       0x9e ./Drivers/STM32F4xx_HAL_Driver/Src/stm32f4xx_hal_tim.o
                0x08004cac                HAL_TIM_Base_Init
 *fill*         0x08004d4a        0x2 
 .text.HAL_TIM_Base_Start_IT
                0x08004d4c       0xc4 ./Drivers/STM32F4xx_HAL_Driver/Src/stm32f4xx_hal_tim.o
                0x08004d4c                HAL_TIM_Base_Start_IT
 .text.HAL_TIM_Base_Stop_IT
                0x08004e10       0x5e ./Drivers/STM32F4xx_HAL_Driver/Src/stm32f4xx_hal_tim.o
                0x08004e10                HAL_TIM_Base_Stop_IT
 .text.HAL_TIM_PWM_Init
                0x08004e6e       0x9e ./Drivers/STM32F4xx_HAL_Driver/Src/stm32f4xx_hal_tim.o
                0x08004e6e                HAL_TIM_PWM_Init
 .text.HAL_TIM_PWM_Start
                0x08004f0c      0x160 ./Drivers/STM32F4xx_HAL_Driver/Src/stm32f4xx_hal_tim.o
                0x08004f0c                HAL_TIM_PWM_Start
 .text.HAL_TIM_PWM_Stop
                0x0800506c       0xc8 ./Drivers/STM32F4xx_HAL_Driver/Src/stm32f4xx_hal_tim.o
                0x0800506c                HAL_TIM_PWM_Stop
 .text.HAL_TIM_IRQHandler
                0x08005134      0x1e0 ./Drivers/STM32F4xx_HAL_Driver/Src/stm32f4xx_hal_tim.o
                0x08005134                HAL_TIM_IRQHandler
 .text.HAL_TIM_PWM_ConfigChannel
                0x08005314      0x184 ./Drivers/STM32F4xx_HAL_Driver/Src/stm32f4xx_hal_tim.o
                0x08005314                HAL_TIM_PWM_ConfigChannel
 .text.HAL_TIM_ConfigClockSource
                0x08005498      0x18e ./Drivers/STM32F4xx_HAL_Driver/Src/stm32f4xx_hal_tim.o
                0x08005498                HAL_TIM_ConfigClockSource
 .text.HAL_TIM_PeriodElapsedCallback
                0x08005626       0x14 ./Drivers/STM32F4xx_HAL_Driver/Src/stm32f4xx_hal_tim.o
                0x08005626                HAL_TIM_PeriodElapsedCallback
 .text.HAL_TIM_OC_DelayElapsedCallback
                0x0800563a       0x14 ./Drivers/STM32F4xx_HAL_Driver/Src/stm32f4xx_hal_tim.o
                0x0800563a                HAL_TIM_OC_DelayElapsedCallback
 .text.HAL_TIM_IC_CaptureCallback
                0x0800564e       0x14 ./Drivers/STM32F4xx_HAL_Driver/Src/stm32f4xx_hal_tim.o
                0x0800564e                HAL_TIM_IC_CaptureCallback
 .text.HAL_TIM_PWM_PulseFinishedCallback
                0x08005662       0x14 ./Drivers/STM32F4xx_HAL_Driver/Src/stm32f4xx_hal_tim.o
                0x08005662                HAL_TIM_PWM_PulseFinishedCallback
 .text.HAL_TIM_TriggerCallback
                0x08005676       0x14 ./Drivers/STM32F4xx_HAL_Driver/Src/stm32f4xx_hal_tim.o
                0x08005676                HAL_TIM_TriggerCallback
 *fill*         0x0800568a        0x2 
 .text.TIM_Base_SetConfig
                0x0800568c      0x118 ./Drivers/STM32F4xx_HAL_Driver/Src/stm32f4xx_hal_tim.o
                0x0800568c                TIM_Base_SetConfig
 .text.TIM_OC1_SetConfig
                0x080057a4       0xcc ./Drivers/STM32F4xx_HAL_Driver/Src/stm32f4xx_hal_tim.o
 .text.TIM_OC2_SetConfig
                0x08005870       0xd8 ./Drivers/STM32F4xx_HAL_Driver/Src/stm32f4xx_hal_tim.o
                0x08005870                TIM_OC2_SetConfig
 .text.TIM_OC3_SetConfig
                0x08005948       0xd4 ./Drivers/STM32F4xx_HAL_Driver/Src/stm32f4xx_hal_tim.o
 .text.TIM_OC4_SetConfig
                0x08005a1c       0xa0 ./Drivers/STM32F4xx_HAL_Driver/Src/stm32f4xx_hal_tim.o
 .text.TIM_TI1_ConfigInputStage
                0x08005abc       0x5e ./Drivers/STM32F4xx_HAL_Driver/Src/stm32f4xx_hal_tim.o
 .text.TIM_TI2_ConfigInputStage
                0x08005b1a       0x60 ./Drivers/STM32F4xx_HAL_Driver/Src/stm32f4xx_hal_tim.o
 .text.TIM_ITRx_SetConfig
                0x08005b7a       0x36 ./Drivers/STM32F4xx_HAL_Driver/Src/stm32f4xx_hal_tim.o
 .text.TIM_ETR_SetConfig
                0x08005bb0       0x40 ./Drivers/STM32F4xx_HAL_Driver/Src/stm32f4xx_hal_tim.o
                0x08005bb0                TIM_ETR_SetConfig
 .text.TIM_CCxChannelCmd
                0x08005bf0       0x4a ./Drivers/STM32F4xx_HAL_Driver/Src/stm32f4xx_hal_tim.o
                0x08005bf0                TIM_CCxChannelCmd
 *fill*         0x08005c3a        0x2 
 .text.HAL_TIMEx_PWMN_Start
                0x08005c3c      0x158 ./Drivers/STM32F4xx_HAL_Driver/Src/stm32f4xx_hal_tim_ex.o
                0x08005c3c                HAL_TIMEx_PWMN_Start
 .text.HAL_TIMEx_PWMN_Stop
                0x08005d94       0xba ./Drivers/STM32F4xx_HAL_Driver/Src/stm32f4xx_hal_tim_ex.o
                0x08005d94                HAL_TIMEx_PWMN_Stop
 *fill*         0x08005e4e        0x2 
 .text.HAL_TIMEx_MasterConfigSynchronization
                0x08005e50       0xdc ./Drivers/STM32F4xx_HAL_Driver/Src/stm32f4xx_hal_tim_ex.o
                0x08005e50                HAL_TIMEx_MasterConfigSynchronization
 .text.HAL_TIMEx_ConfigBreakDeadTime
                0x08005f2c       0xa4 ./Drivers/STM32F4xx_HAL_Driver/Src/stm32f4xx_hal_tim_ex.o
                0x08005f2c                HAL_TIMEx_ConfigBreakDeadTime
 .text.HAL_TIMEx_CommutCallback
                0x08005fd0       0x14 ./Drivers/STM32F4xx_HAL_Driver/Src/stm32f4xx_hal_tim_ex.o
                0x08005fd0                HAL_TIMEx_CommutCallback
 .text.HAL_TIMEx_BreakCallback
                0x08005fe4       0x14 ./Drivers/STM32F4xx_HAL_Driver/Src/stm32f4xx_hal_tim_ex.o
                0x08005fe4                HAL_TIMEx_BreakCallback
 .text.TIM_CCxNChannelCmd
                0x08005ff8       0x4a ./Drivers/STM32F4xx_HAL_Driver/Src/stm32f4xx_hal_tim_ex.o
 .text.memset   0x08006042       0x10 /home/cotti/st/stm32cubeide_1.17.0/plugins/com.st.stm32cube.ide.mcu.externaltools.gnu-tools-for-stm32.12.3.rel1.linux64_1.1.0.202410170702/tools/bin/../lib/gcc/arm-none-eabi/12.3.1/../../../../arm-none-eabi/lib/thumb/v7e-m+fp/hard/libc_nano.a(libc_a-memset.o)
                0x08006042                memset
 *fill*         0x08006052        0x2 
 .text.__errno  0x08006054        0xc /home/cotti/st/stm32cubeide_1.17.0/plugins/com.st.stm32cube.ide.mcu.externaltools.gnu-tools-for-stm32.12.3.rel1.linux64_1.1.0.202410170702/tools/bin/../lib/gcc/arm-none-eabi/12.3.1/../../../../arm-none-eabi/lib/thumb/v7e-m+fp/hard/libc_nano.a(libc_a-errno.o)
                0x08006054                __errno
 .text.__libc_init_array
                0x08006060       0x48 /home/cotti/st/stm32cubeide_1.17.0/plugins/com.st.stm32cube.ide.mcu.externaltools.gnu-tools-for-stm32.12.3.rel1.linux64_1.1.0.202410170702/tools/bin/../lib/gcc/arm-none-eabi/12.3.1/../../../../arm-none-eabi/lib/thumb/v7e-m+fp/hard/libc_nano.a(libc_a-init.o)
                0x08006060                __libc_init_array
 .text.log      0x080060a8       0x7c /home/cotti/st/stm32cubeide_1.17.0/plugins/com.st.stm32cube.ide.mcu.externaltools.gnu-tools-for-stm32.12.3.rel1.linux64_1.1.0.202410170702/tools/bin/../lib/gcc/arm-none-eabi/12.3.1/../../../../arm-none-eabi/lib/thumb/v7e-m+fp/hard/libm.a(libm_a-w_log.o)
                0x080060a8                log
 *fill*         0x08006124        0x4 
 .text.nan      0x08006128       0x10 /home/cotti/st/stm32cubeide_1.17.0/plugins/com.st.stm32cube.ide.mcu.externaltools.gnu-tools-for-stm32.12.3.rel1.linux64_1.1.0.202410170702/tools/bin/../lib/gcc/arm-none-eabi/12.3.1/../../../../arm-none-eabi/lib/thumb/v7e-m+fp/hard/libm.a(libm_a-s_nan.o)
                0x08006128                nan
 .text.__ieee754_log
                0x08006138      0x36c /home/cotti/st/stm32cubeide_1.17.0/plugins/com.st.stm32cube.ide.mcu.externaltools.gnu-tools-for-stm32.12.3.rel1.linux64_1.1.0.202410170702/tools/bin/../lib/gcc/arm-none-eabi/12.3.1/../../../../arm-none-eabi/lib/thumb/v7e-m+fp/hard/libm.a(libm_a-e_log.o)
                0x08006138                __ieee754_log
 *(.glue_7)
 .glue_7        0x080064a4        0x0 linker stubs
 *(.glue_7t)
 .glue_7t       0x080064a4        0x0 linker stubs
 *(.eh_frame)
 .eh_frame      0x080064a4        0x0 /home/cotti/st/stm32cubeide_1.17.0/plugins/com.st.stm32cube.ide.mcu.externaltools.gnu-tools-for-stm32.12.3.rel1.linux64_1.1.0.202410170702/tools/bin/../lib/gcc/arm-none-eabi/12.3.1/thumb/v7e-m+fp/hard/crtbegin.o
 *(.init)
 .init          0x080064a4        0x4 /home/cotti/st/stm32cubeide_1.17.0/plugins/com.st.stm32cube.ide.mcu.externaltools.gnu-tools-for-stm32.12.3.rel1.linux64_1.1.0.202410170702/tools/bin/../lib/gcc/arm-none-eabi/12.3.1/thumb/v7e-m+fp/hard/crti.o
                0x080064a4                _init
 .init          0x080064a8        0x8 /home/cotti/st/stm32cubeide_1.17.0/plugins/com.st.stm32cube.ide.mcu.externaltools.gnu-tools-for-stm32.12.3.rel1.linux64_1.1.0.202410170702/tools/bin/../lib/gcc/arm-none-eabi/12.3.1/thumb/v7e-m+fp/hard/crtn.o
 *(.fini)
 .fini          0x080064b0        0x4 /home/cotti/st/stm32cubeide_1.17.0/plugins/com.st.stm32cube.ide.mcu.externaltools.gnu-tools-for-stm32.12.3.rel1.linux64_1.1.0.202410170702/tools/bin/../lib/gcc/arm-none-eabi/12.3.1/thumb/v7e-m+fp/hard/crti.o
                0x080064b0                _fini
 .fini          0x080064b4        0x8 /home/cotti/st/stm32cubeide_1.17.0/plugins/com.st.stm32cube.ide.mcu.externaltools.gnu-tools-for-stm32.12.3.rel1.linux64_1.1.0.202410170702/tools/bin/../lib/gcc/arm-none-eabi/12.3.1/thumb/v7e-m+fp/hard/crtn.o
                0x080064bc                        . = ALIGN (0x4)
                0x080064bc                        _etext = .

.vfp11_veneer   0x080064bc        0x0
 .vfp11_veneer  0x080064bc        0x0 linker stubs

.v4_bx          0x080064bc        0x0
 .v4_bx         0x080064bc        0x0 linker stubs

.iplt           0x080064bc        0x0
 .iplt          0x080064bc        0x0 /home/cotti/st/stm32cubeide_1.17.0/plugins/com.st.stm32cube.ide.mcu.externaltools.gnu-tools-for-stm32.12.3.rel1.linux64_1.1.0.202410170702/tools/bin/../lib/gcc/arm-none-eabi/12.3.1/thumb/v7e-m+fp/hard/crtbegin.o

.rodata         0x080064bc       0x1c
                0x080064bc                        . = ALIGN (0x4)
 *(.rodata)
 *(.rodata*)
 .rodata.AHBPrescTable
                0x080064bc       0x10 ./Core/Src/system_stm32f4xx.o
                0x080064bc                AHBPrescTable
 .rodata.flagBitshiftOffset.0
                0x080064cc        0x8 ./Drivers/STM32F4xx_HAL_Driver/Src/stm32f4xx_hal_dma.o
 .rodata.log.str1.1
                0x080064d4        0x1 /home/cotti/st/stm32cubeide_1.17.0/plugins/com.st.stm32cube.ide.mcu.externaltools.gnu-tools-for-stm32.12.3.rel1.linux64_1.1.0.202410170702/tools/bin/../lib/gcc/arm-none-eabi/12.3.1/../../../../arm-none-eabi/lib/thumb/v7e-m+fp/hard/libm.a(libm_a-w_log.o)
                0x080064d8                        . = ALIGN (0x4)
 *fill*         0x080064d5        0x3 

.ARM.extab      0x080064d8        0x0
                0x080064d8                        . = ALIGN (0x4)
 *(.ARM.extab* .gnu.linkonce.armextab.*)
                0x080064d8                        . = ALIGN (0x4)

.ARM            0x080064d8        0x8
                0x080064d8                        . = ALIGN (0x4)
                0x080064d8                        __exidx_start = .
 *(.ARM.exidx*)
 .ARM.exidx     0x080064d8        0x8 /home/cotti/st/stm32cubeide_1.17.0/plugins/com.st.stm32cube.ide.mcu.externaltools.gnu-tools-for-stm32.12.3.rel1.linux64_1.1.0.202410170702/tools/bin/../lib/gcc/arm-none-eabi/12.3.1/thumb/v7e-m+fp/hard/libgcc.a(_udivmoddi4.o)
                0x080064e0                        __exidx_end = .
                0x080064e0                        . = ALIGN (0x4)

.preinit_array  0x080064e0        0x0
                0x080064e0                        . = ALIGN (0x4)
                0x080064e0                        PROVIDE (__preinit_array_start = .)
 *(.preinit_array*)
                0x080064e0                        PROVIDE (__preinit_array_end = .)
                0x080064e0                        . = ALIGN (0x4)

.init_array     0x080064e0        0x4
                0x080064e0                        . = ALIGN (0x4)
                0x080064e0                        PROVIDE (__init_array_start = .)
 *(SORT_BY_NAME(.init_array.*))
 *(.init_array*)
 .init_array    0x080064e0        0x4 /home/cotti/st/stm32cubeide_1.17.0/plugins/com.st.stm32cube.ide.mcu.externaltools.gnu-tools-for-stm32.12.3.rel1.linux64_1.1.0.202410170702/tools/bin/../lib/gcc/arm-none-eabi/12.3.1/thumb/v7e-m+fp/hard/crtbegin.o
                0x080064e4                        PROVIDE (__init_array_end = .)
                0x080064e4                        . = ALIGN (0x4)

.fini_array     0x080064e4        0x4
                0x080064e4                        . = ALIGN (0x4)
                [!provide]                        PROVIDE (__fini_array_start = .)
 *(SORT_BY_NAME(.fini_array.*))
 *(.fini_array*)
 .fini_array    0x080064e4        0x4 /home/cotti/st/stm32cubeide_1.17.0/plugins/com.st.stm32cube.ide.mcu.externaltools.gnu-tools-for-stm32.12.3.rel1.linux64_1.1.0.202410170702/tools/bin/../lib/gcc/arm-none-eabi/12.3.1/thumb/v7e-m+fp/hard/crtbegin.o
                [!provide]                        PROVIDE (__fini_array_end = .)
                0x080064e8                        . = ALIGN (0x4)
                0x080064e8                        _sidata = LOADADDR (.data)

.rel.dyn        0x080064e8        0x0
 .rel.iplt      0x080064e8        0x0 /home/cotti/st/stm32cubeide_1.17.0/plugins/com.st.stm32cube.ide.mcu.externaltools.gnu-tools-for-stm32.12.3.rel1.linux64_1.1.0.202410170702/tools/bin/../lib/gcc/arm-none-eabi/12.3.1/thumb/v7e-m+fp/hard/crtbegin.o

.data           0x20000000       0x64 load address 0x080064e8
                0x20000000                        . = ALIGN (0x4)
                0x20000000                        _sdata = .
 *(.data)
 *(.data*)
 .data.g_desired_speed_rpm
                0x20000000        0x1 ./Core/Src/motor_bldc.o
 *fill*         0x20000001        0x3 
 .data.g_delta_duty
                0x20000004        0x4 ./Core/Src/motor_bldc.o
 .data.SystemCoreClock
                0x20000008        0x4 ./Core/Src/system_stm32f4xx.o
                0x20000008                SystemCoreClock
 .data.uwTickPrio
                0x2000000c        0x4 ./Drivers/STM32F4xx_HAL_Driver/Src/stm32f4xx_hal.o
                0x2000000c                uwTickPrio
 .data.uwTickFreq
                0x20000010        0x1 ./Drivers/STM32F4xx_HAL_Driver/Src/stm32f4xx_hal.o
                0x20000010                uwTickFreq
 *fill*         0x20000011        0x3 
 .data._impure_ptr
                0x20000014        0x4 /home/cotti/st/stm32cubeide_1.17.0/plugins/com.st.stm32cube.ide.mcu.externaltools.gnu-tools-for-stm32.12.3.rel1.linux64_1.1.0.202410170702/tools/bin/../lib/gcc/arm-none-eabi/12.3.1/../../../../arm-none-eabi/lib/thumb/v7e-m+fp/hard/libc_nano.a(libc_a-impure.o)
                0x20000014                _impure_ptr
 .data._impure_data
                0x20000018       0x4c /home/cotti/st/stm32cubeide_1.17.0/plugins/com.st.stm32cube.ide.mcu.externaltools.gnu-tools-for-stm32.12.3.rel1.linux64_1.1.0.202410170702/tools/bin/../lib/gcc/arm-none-eabi/12.3.1/../../../../arm-none-eabi/lib/thumb/v7e-m+fp/hard/libc_nano.a(libc_a-impure.o)
                0x20000018                _impure_data
 *(.RamFunc)
 *(.RamFunc*)
                0x20000064                        . = ALIGN (0x4)
                0x20000064                        _edata = .

.igot.plt       0x20000064        0x0 load address 0x0800654c
 .igot.plt      0x20000064        0x0 /home/cotti/st/stm32cubeide_1.17.0/plugins/com.st.stm32cube.ide.mcu.externaltools.gnu-tools-for-stm32.12.3.rel1.linux64_1.1.0.202410170702/tools/bin/../lib/gcc/arm-none-eabi/12.3.1/thumb/v7e-m+fp/hard/crtbegin.o
                0x20000064                        . = ALIGN (0x4)

.bss            0x20000064      0x398 load address 0x0800654c
                0x20000064                        _sbss = .
                0x20000064                        __bss_start__ = _sbss
 *(.bss)
 .bss           0x20000064       0x1c /home/cotti/st/stm32cubeide_1.17.0/plugins/com.st.stm32cube.ide.mcu.externaltools.gnu-tools-for-stm32.12.3.rel1.linux64_1.1.0.202410170702/tools/bin/../lib/gcc/arm-none-eabi/12.3.1/thumb/v7e-m+fp/hard/crtbegin.o
 *(.bss*)
 .bss.hadc1     0x20000080       0x48 ./Core/Src/main.o
                0x20000080                hadc1
 .bss.hdma_adc1
                0x200000c8       0x60 ./Core/Src/main.o
                0x200000c8                hdma_adc1
 .bss.htim1     0x20000128       0x48 ./Core/Src/main.o
                0x20000128                htim1
 .bss.htim3     0x20000170       0x48 ./Core/Src/main.o
                0x20000170                htim3
 .bss.htim4     0x200001b8       0x48 ./Core/Src/main.o
                0x200001b8                htim4
 .bss.htim5     0x20000200       0x48 ./Core/Src/main.o
                0x20000200                htim5
 .bss.adc_buffer
                0x20000248       0x24 ./Core/Src/main.o
                0x20000248                adc_buffer
 .bss.g_hall    0x2000026c        0x1 ./Core/Src/motor_bldc.o
 .bss.g_on_off  0x2000026d        0x1 ./Core/Src/motor_bldc.o
 *fill*         0x2000026e        0x2 
 .bss.g_spins   0x20000270        0x4 ./Core/Src/motor_bldc.o
 .bss.g_duty    0x20000274        0x4 ./Core/Src/motor_bldc.o
 .bss.g_speed_rpm
                0x20000278        0x1 ./Core/Src/motor_bldc.o
 .bss.previous_hall_state.0
                0x20000279        0x1 ./Core/Src/motor_bldc.o
 *fill*         0x2000027a        0x2 
 .bss.g_value_tx
                0x2000027c        0x4 ./Core/Src/uart_bitbang.o
 .bss.g_bit_pos_tx
                0x20000280        0x1 ./Core/Src/uart_bitbang.o
 .bss.g_bits_to_tx
                0x20000281        0x1 ./Core/Src/uart_bitbang.o
 .bss.g_tx_uart_busy
                0x20000282        0x1 ./Core/Src/uart_bitbang.o
 .bss.g_data_rx
                0x20000283        0x1 ./Core/Src/uart_bitbang.o
 .bss.g_bit_pos_rx
                0x20000284        0x1 ./Core/Src/uart_bitbang.o
 .bss.g_rx_uart_busy
                0x20000285        0x1 ./Core/Src/uart_bitbang.o
 *fill*         0x20000286        0x2 
 .bss.g_circ_buffer_rx
                0x20000288       0x32 ./Core/Src/uart_bitbang.o
 .bss.g_write_circ_pos
                0x200002ba        0x1 ./Core/Src/uart_bitbang.o
 .bss.g_read_circ_pos
                0x200002bb        0x1 ./Core/Src/uart_bitbang.o
 .bss.state.0   0x200002bc        0x1 ./Core/Src/uart_comm.o
 *fill*         0x200002bd        0x3 
 .bss.uwTick    0x200002c0        0x4 ./Drivers/STM32F4xx_HAL_Driver/Src/stm32f4xx_hal.o
                0x200002c0                uwTick
 .bss.__sf      0x200002c4      0x138 /home/cotti/st/stm32cubeide_1.17.0/plugins/com.st.stm32cube.ide.mcu.externaltools.gnu-tools-for-stm32.12.3.rel1.linux64_1.1.0.202410170702/tools/bin/../lib/gcc/arm-none-eabi/12.3.1/../../../../arm-none-eabi/lib/thumb/v7e-m+fp/hard/libc_nano.a(libc_a-findfp.o)
                0x200002c4                __sf
 *(COMMON)
                0x200003fc                        . = ALIGN (0x4)
                0x200003fc                        _ebss = .
                0x200003fc                        __bss_end__ = _ebss

._user_heap_stack
                0x200003fc      0x604 load address 0x0800654c
                0x20000400                        . = ALIGN (0x8)
 *fill*         0x200003fc        0x4 
                [!provide]                        PROVIDE (end = .)
                0x20000400                        PROVIDE (_end = .)
                0x20000600                        . = (. + _Min_Heap_Size)
 *fill*         0x20000400      0x200 
                0x20000a00                        . = (. + _Min_Stack_Size)
 *fill*         0x20000600      0x400 
                0x20000a00                        . = ALIGN (0x8)

/DISCARD/
 libc.a(*)
 libm.a(*)
 libgcc.a(*)

.ARM.attributes
                0x00000000       0x30
 *(.ARM.attributes)
 .ARM.attributes
                0x00000000       0x22 /home/cotti/st/stm32cubeide_1.17.0/plugins/com.st.stm32cube.ide.mcu.externaltools.gnu-tools-for-stm32.12.3.rel1.linux64_1.1.0.202410170702/tools/bin/../lib/gcc/arm-none-eabi/12.3.1/thumb/v7e-m+fp/hard/crti.o
 .ARM.attributes
                0x00000022       0x34 /home/cotti/st/stm32cubeide_1.17.0/plugins/com.st.stm32cube.ide.mcu.externaltools.gnu-tools-for-stm32.12.3.rel1.linux64_1.1.0.202410170702/tools/bin/../lib/gcc/arm-none-eabi/12.3.1/thumb/v7e-m+fp/hard/crtbegin.o
 .ARM.attributes
                0x00000056       0x34 ./Core/Src/drv8301.o
 .ARM.attributes
                0x0000008a       0x34 ./Core/Src/main.o
 .ARM.attributes
                0x000000be       0x34 ./Core/Src/motor_bldc.o
 .ARM.attributes
                0x000000f2       0x34 ./Core/Src/stm32f4xx_hal_msp.o
 .ARM.attributes
                0x00000126       0x34 ./Core/Src/stm32f4xx_it.o
 .ARM.attributes
                0x0000015a       0x34 ./Core/Src/system_stm32f4xx.o
 .ARM.attributes
                0x0000018e       0x34 ./Core/Src/uart_bitbang.o
 .ARM.attributes
                0x000001c2       0x34 ./Core/Src/uart_comm.o
 .ARM.attributes
                0x000001f6       0x21 ./Core/Startup/startup_stm32f401rctx.o
 .ARM.attributes
                0x00000217       0x34 ./Drivers/STM32F4xx_HAL_Driver/Src/stm32f4xx_hal.o
 .ARM.attributes
                0x0000024b       0x34 ./Drivers/STM32F4xx_HAL_Driver/Src/stm32f4xx_hal_adc.o
 .ARM.attributes
                0x0000027f       0x34 ./Drivers/STM32F4xx_HAL_Driver/Src/stm32f4xx_hal_cortex.o
 .ARM.attributes
                0x000002b3       0x34 ./Drivers/STM32F4xx_HAL_Driver/Src/stm32f4xx_hal_dma.o
 .ARM.attributes
                0x000002e7       0x34 ./Drivers/STM32F4xx_HAL_Driver/Src/stm32f4xx_hal_gpio.o
 .ARM.attributes
                0x0000031b       0x34 ./Drivers/STM32F4xx_HAL_Driver/Src/stm32f4xx_hal_rcc.o
 .ARM.attributes
                0x0000034f       0x34 ./Drivers/STM32F4xx_HAL_Driver/Src/stm32f4xx_hal_tim.o
 .ARM.attributes
                0x00000383       0x34 ./Drivers/STM32F4xx_HAL_Driver/Src/stm32f4xx_hal_tim_ex.o
 .ARM.attributes
                0x000003b7       0x34 /home/cotti/st/stm32cubeide_1.17.0/plugins/com.st.stm32cube.ide.mcu.externaltools.gnu-tools-for-stm32.12.3.rel1.linux64_1.1.0.202410170702/tools/bin/../lib/gcc/arm-none-eabi/12.3.1/../../../../arm-none-eabi/lib/thumb/v7e-m+fp/hard/libc_nano.a(libc_a-findfp.o)
 .ARM.attributes
                0x000003eb       0x34 /home/cotti/st/stm32cubeide_1.17.0/plugins/com.st.stm32cube.ide.mcu.externaltools.gnu-tools-for-stm32.12.3.rel1.linux64_1.1.0.202410170702/tools/bin/../lib/gcc/arm-none-eabi/12.3.1/../../../../arm-none-eabi/lib/thumb/v7e-m+fp/hard/libc_nano.a(libc_a-memset.o)
 .ARM.attributes
                0x0000041f       0x34 /home/cotti/st/stm32cubeide_1.17.0/plugins/com.st.stm32cube.ide.mcu.externaltools.gnu-tools-for-stm32.12.3.rel1.linux64_1.1.0.202410170702/tools/bin/../lib/gcc/arm-none-eabi/12.3.1/../../../../arm-none-eabi/lib/thumb/v7e-m+fp/hard/libc_nano.a(libc_a-impure.o)
 .ARM.attributes
                0x00000453       0x34 /home/cotti/st/stm32cubeide_1.17.0/plugins/com.st.stm32cube.ide.mcu.externaltools.gnu-tools-for-stm32.12.3.rel1.linux64_1.1.0.202410170702/tools/bin/../lib/gcc/arm-none-eabi/12.3.1/../../../../arm-none-eabi/lib/thumb/v7e-m+fp/hard/libc_nano.a(libc_a-errno.o)
 .ARM.attributes
                0x00000487       0x34 /home/cotti/st/stm32cubeide_1.17.0/plugins/com.st.stm32cube.ide.mcu.externaltools.gnu-tools-for-stm32.12.3.rel1.linux64_1.1.0.202410170702/tools/bin/../lib/gcc/arm-none-eabi/12.3.1/../../../../arm-none-eabi/lib/thumb/v7e-m+fp/hard/libc_nano.a(libc_a-init.o)
 .ARM.attributes
                0x000004bb       0x34 /home/cotti/st/stm32cubeide_1.17.0/plugins/com.st.stm32cube.ide.mcu.externaltools.gnu-tools-for-stm32.12.3.rel1.linux64_1.1.0.202410170702/tools/bin/../lib/gcc/arm-none-eabi/12.3.1/../../../../arm-none-eabi/lib/thumb/v7e-m+fp/hard/libm.a(libm_a-w_log.o)
 .ARM.attributes
                0x000004ef       0x34 /home/cotti/st/stm32cubeide_1.17.0/plugins/com.st.stm32cube.ide.mcu.externaltools.gnu-tools-for-stm32.12.3.rel1.linux64_1.1.0.202410170702/tools/bin/../lib/gcc/arm-none-eabi/12.3.1/../../../../arm-none-eabi/lib/thumb/v7e-m+fp/hard/libm.a(libm_a-s_nan.o)
 .ARM.attributes
                0x00000523       0x34 /home/cotti/st/stm32cubeide_1.17.0/plugins/com.st.stm32cube.ide.mcu.externaltools.gnu-tools-for-stm32.12.3.rel1.linux64_1.1.0.202410170702/tools/bin/../lib/gcc/arm-none-eabi/12.3.1/../../../../arm-none-eabi/lib/thumb/v7e-m+fp/hard/libm.a(libm_a-e_log.o)
 .ARM.attributes
                0x00000557       0x22 /home/cotti/st/stm32cubeide_1.17.0/plugins/com.st.stm32cube.ide.mcu.externaltools.gnu-tools-for-stm32.12.3.rel1.linux64_1.1.0.202410170702/tools/bin/../lib/gcc/arm-none-eabi/12.3.1/thumb/v7e-m+fp/hard/libgcc.a(_arm_addsubdf3.o)
 .ARM.attributes
                0x00000579       0x22 /home/cotti/st/stm32cubeide_1.17.0/plugins/com.st.stm32cube.ide.mcu.externaltools.gnu-tools-for-stm32.12.3.rel1.linux64_1.1.0.202410170702/tools/bin/../lib/gcc/arm-none-eabi/12.3.1/thumb/v7e-m+fp/hard/libgcc.a(_arm_muldivdf3.o)
 .ARM.attributes
                0x0000059b       0x22 /home/cotti/st/stm32cubeide_1.17.0/plugins/com.st.stm32cube.ide.mcu.externaltools.gnu-tools-for-stm32.12.3.rel1.linux64_1.1.0.202410170702/tools/bin/../lib/gcc/arm-none-eabi/12.3.1/thumb/v7e-m+fp/hard/libgcc.a(_arm_cmpdf2.o)
 .ARM.attributes
                0x000005bd       0x22 /home/cotti/st/stm32cubeide_1.17.0/plugins/com.st.stm32cube.ide.mcu.externaltools.gnu-tools-for-stm32.12.3.rel1.linux64_1.1.0.202410170702/tools/bin/../lib/gcc/arm-none-eabi/12.3.1/thumb/v7e-m+fp/hard/libgcc.a(_arm_unorddf2.o)
 .ARM.attributes
                0x000005df       0x22 /home/cotti/st/stm32cubeide_1.17.0/plugins/com.st.stm32cube.ide.mcu.externaltools.gnu-tools-for-stm32.12.3.rel1.linux64_1.1.0.202410170702/tools/bin/../lib/gcc/arm-none-eabi/12.3.1/thumb/v7e-m+fp/hard/libgcc.a(_arm_fixdfsi.o)
 .ARM.attributes
                0x00000601       0x22 /home/cotti/st/stm32cubeide_1.17.0/plugins/com.st.stm32cube.ide.mcu.externaltools.gnu-tools-for-stm32.12.3.rel1.linux64_1.1.0.202410170702/tools/bin/../lib/gcc/arm-none-eabi/12.3.1/thumb/v7e-m+fp/hard/libgcc.a(_arm_truncdfsf2.o)
 .ARM.attributes
                0x00000623       0x22 /home/cotti/st/stm32cubeide_1.17.0/plugins/com.st.stm32cube.ide.mcu.externaltools.gnu-tools-for-stm32.12.3.rel1.linux64_1.1.0.202410170702/tools/bin/../lib/gcc/arm-none-eabi/12.3.1/thumb/v7e-m+fp/hard/libgcc.a(_aeabi_uldivmod.o)
 .ARM.attributes
                0x00000645       0x34 /home/cotti/st/stm32cubeide_1.17.0/plugins/com.st.stm32cube.ide.mcu.externaltools.gnu-tools-for-stm32.12.3.rel1.linux64_1.1.0.202410170702/tools/bin/../lib/gcc/arm-none-eabi/12.3.1/thumb/v7e-m+fp/hard/libgcc.a(_udivmoddi4.o)
 .ARM.attributes
                0x00000679       0x22 /home/cotti/st/stm32cubeide_1.17.0/plugins/com.st.stm32cube.ide.mcu.externaltools.gnu-tools-for-stm32.12.3.rel1.linux64_1.1.0.202410170702/tools/bin/../lib/gcc/arm-none-eabi/12.3.1/thumb/v7e-m+fp/hard/libgcc.a(_dvmd_tls.o)
 .ARM.attributes
                0x0000069b       0x22 /home/cotti/st/stm32cubeide_1.17.0/plugins/com.st.stm32cube.ide.mcu.externaltools.gnu-tools-for-stm32.12.3.rel1.linux64_1.1.0.202410170702/tools/bin/../lib/gcc/arm-none-eabi/12.3.1/thumb/v7e-m+fp/hard/crtn.o
OUTPUT(FOC_pwm.elf elf32-littlearm)
LOAD linker stubs
LOAD /home/cotti/st/stm32cubeide_1.17.0/plugins/com.st.stm32cube.ide.mcu.externaltools.gnu-tools-for-stm32.12.3.rel1.linux64_1.1.0.202410170702/tools/bin/../lib/gcc/arm-none-eabi/12.3.1/../../../../arm-none-eabi/lib/thumb/v7e-m+fp/hard/libc.a
LOAD /home/cotti/st/stm32cubeide_1.17.0/plugins/com.st.stm32cube.ide.mcu.externaltools.gnu-tools-for-stm32.12.3.rel1.linux64_1.1.0.202410170702/tools/bin/../lib/gcc/arm-none-eabi/12.3.1/../../../../arm-none-eabi/lib/thumb/v7e-m+fp/hard/libm.a
LOAD /home/cotti/st/stm32cubeide_1.17.0/plugins/com.st.stm32cube.ide.mcu.externaltools.gnu-tools-for-stm32.12.3.rel1.linux64_1.1.0.202410170702/tools/bin/../lib/gcc/arm-none-eabi/12.3.1/thumb/v7e-m+fp/hard/libgcc.a

.debug_info     0x00000000     0xccd6
 .debug_info    0x00000000      0x520 ./Core/Src/drv8301.o
 .debug_info    0x00000520     0x15fc ./Core/Src/main.o
 .debug_info    0x00001b1c      0xa3a ./Core/Src/motor_bldc.o
 .debug_info    0x00002556     0x107a ./Core/Src/stm32f4xx_hal_msp.o
 .debug_info    0x000035d0      0x8fc ./Core/Src/stm32f4xx_it.o
 .debug_info    0x00003ecc      0x53e ./Core/Src/system_stm32f4xx.o
 .debug_info    0x0000440a      0xb59 ./Core/Src/uart_bitbang.o
 .debug_info    0x00004f63      0x387 ./Core/Src/uart_comm.o
 .debug_info    0x000052ea       0x30 ./Core/Startup/startup_stm32f401rctx.o
 .debug_info    0x0000531a      0x8bb ./Drivers/STM32F4xx_HAL_Driver/Src/stm32f4xx_hal.o
 .debug_info    0x00005bd5      0xcd1 ./Drivers/STM32F4xx_HAL_Driver/Src/stm32f4xx_hal_adc.o
 .debug_info    0x000068a6      0xcf6 ./Drivers/STM32F4xx_HAL_Driver/Src/stm32f4xx_hal_cortex.o
 .debug_info    0x0000759c      0x8e6 ./Drivers/STM32F4xx_HAL_Driver/Src/stm32f4xx_hal_dma.o
 .debug_info    0x00007e82      0x6f9 ./Drivers/STM32F4xx_HAL_Driver/Src/stm32f4xx_hal_gpio.o
 .debug_info    0x0000857b      0x8f1 ./Drivers/STM32F4xx_HAL_Driver/Src/stm32f4xx_hal_rcc.o
 .debug_info    0x00008e6c     0x2996 ./Drivers/STM32F4xx_HAL_Driver/Src/stm32f4xx_hal_tim.o
 .debug_info    0x0000b802     0x14d4 ./Drivers/STM32F4xx_HAL_Driver/Src/stm32f4xx_hal_tim_ex.o

.debug_abbrev   0x00000000     0x23e5
 .debug_abbrev  0x00000000      0x221 ./Core/Src/drv8301.o
 .debug_abbrev  0x00000221      0x2c6 ./Core/Src/main.o
 .debug_abbrev  0x000004e7      0x269 ./Core/Src/motor_bldc.o
 .debug_abbrev  0x00000750      0x28c ./Core/Src/stm32f4xx_hal_msp.o
 .debug_abbrev  0x000009dc      0x21c ./Core/Src/stm32f4xx_it.o
 .debug_abbrev  0x00000bf8      0x11a ./Core/Src/system_stm32f4xx.o
 .debug_abbrev  0x00000d12      0x24c ./Core/Src/uart_bitbang.o
 .debug_abbrev  0x00000f5e      0x122 ./Core/Src/uart_comm.o
 .debug_abbrev  0x00001080       0x24 ./Core/Startup/startup_stm32f401rctx.o
 .debug_abbrev  0x000010a4      0x24b ./Drivers/STM32F4xx_HAL_Driver/Src/stm32f4xx_hal.o
 .debug_abbrev  0x000012ef      0x20e ./Drivers/STM32F4xx_HAL_Driver/Src/stm32f4xx_hal_adc.o
 .debug_abbrev  0x000014fd      0x31d ./Drivers/STM32F4xx_HAL_Driver/Src/stm32f4xx_hal_cortex.o
 .debug_abbrev  0x0000181a      0x221 ./Drivers/STM32F4xx_HAL_Driver/Src/stm32f4xx_hal_dma.o
 .debug_abbrev  0x00001a3b      0x1d3 ./Drivers/STM32F4xx_HAL_Driver/Src/stm32f4xx_hal_gpio.o
 .debug_abbrev  0x00001c0e      0x2b6 ./Drivers/STM32F4xx_HAL_Driver/Src/stm32f4xx_hal_rcc.o
 .debug_abbrev  0x00001ec4      0x28b ./Drivers/STM32F4xx_HAL_Driver/Src/stm32f4xx_hal_tim.o
 .debug_abbrev  0x0000214f      0x296 ./Drivers/STM32F4xx_HAL_Driver/Src/stm32f4xx_hal_tim_ex.o

.debug_aranges  0x00000000      0xd28
 .debug_aranges
                0x00000000       0x88 ./Core/Src/drv8301.o
 .debug_aranges
                0x00000088       0x68 ./Core/Src/main.o
 .debug_aranges
                0x000000f0       0x70 ./Core/Src/motor_bldc.o
 .debug_aranges
                0x00000160       0x58 ./Core/Src/stm32f4xx_hal_msp.o
 .debug_aranges
                0x000001b8       0x90 ./Core/Src/stm32f4xx_it.o
 .debug_aranges
                0x00000248       0x28 ./Core/Src/system_stm32f4xx.o
 .debug_aranges
                0x00000270       0x50 ./Core/Src/uart_bitbang.o
 .debug_aranges
                0x000002c0       0x90 ./Core/Src/uart_comm.o
 .debug_aranges
                0x00000350       0x28 ./Core/Startup/startup_stm32f401rctx.o
 .debug_aranges
                0x00000378       0xf0 ./Drivers/STM32F4xx_HAL_Driver/Src/stm32f4xx_hal.o
 .debug_aranges
                0x00000468       0xe8 ./Drivers/STM32F4xx_HAL_Driver/Src/stm32f4xx_hal_adc.o
 .debug_aranges
                0x00000550      0x130 ./Drivers/STM32F4xx_HAL_Driver/Src/stm32f4xx_hal_cortex.o
 .debug_aranges
                0x00000680       0x90 ./Drivers/STM32F4xx_HAL_Driver/Src/stm32f4xx_hal_dma.o
 .debug_aranges
                0x00000710       0x58 ./Drivers/STM32F4xx_HAL_Driver/Src/stm32f4xx_hal_gpio.o
 .debug_aranges
                0x00000768       0x88 ./Drivers/STM32F4xx_HAL_Driver/Src/stm32f4xx_hal_rcc.o
 .debug_aranges
                0x000007f0      0x3d0 ./Drivers/STM32F4xx_HAL_Driver/Src/stm32f4xx_hal_tim.o
 .debug_aranges
                0x00000bc0      0x168 ./Drivers/STM32F4xx_HAL_Driver/Src/stm32f4xx_hal_tim_ex.o

.debug_rnglists
                0x00000000      0xa1d
 .debug_rnglists
                0x00000000       0x62 ./Core/Src/drv8301.o
 .debug_rnglists
                0x00000062       0x50 ./Core/Src/main.o
 .debug_rnglists
                0x000000b2       0x53 ./Core/Src/motor_bldc.o
 .debug_rnglists
                0x00000105       0x40 ./Core/Src/stm32f4xx_hal_msp.o
 .debug_rnglists
                0x00000145       0x67 ./Core/Src/stm32f4xx_it.o
 .debug_rnglists
                0x000001ac       0x1a ./Core/Src/system_stm32f4xx.o
 .debug_rnglists
                0x000001c6       0x39 ./Core/Src/uart_bitbang.o
 .debug_rnglists
                0x000001ff       0x6d ./Core/Src/uart_comm.o
 .debug_rnglists
                0x0000026c       0x19 ./Core/Startup/startup_stm32f401rctx.o
 .debug_rnglists
                0x00000285       0xaf ./Drivers/STM32F4xx_HAL_Driver/Src/stm32f4xx_hal.o
 .debug_rnglists
                0x00000334       0xb5 ./Drivers/STM32F4xx_HAL_Driver/Src/stm32f4xx_hal_adc.o
 .debug_rnglists
                0x000003e9       0xe0 ./Drivers/STM32F4xx_HAL_Driver/Src/stm32f4xx_hal_cortex.o
 .debug_rnglists
                0x000004c9       0x70 ./Drivers/STM32F4xx_HAL_Driver/Src/stm32f4xx_hal_dma.o
 .debug_rnglists
                0x00000539       0x3f ./Drivers/STM32F4xx_HAL_Driver/Src/stm32f4xx_hal_gpio.o
 .debug_rnglists
                0x00000578       0x66 ./Drivers/STM32F4xx_HAL_Driver/Src/stm32f4xx_hal_rcc.o
 .debug_rnglists
                0x000005de      0x31a ./Drivers/STM32F4xx_HAL_Driver/Src/stm32f4xx_hal_tim.o
 .debug_rnglists
                0x000008f8      0x125 ./Drivers/STM32F4xx_HAL_Driver/Src/stm32f4xx_hal_tim_ex.o

.debug_macro    0x00000000    0x17ebc
 .debug_macro   0x00000000      0x2dd ./Core/Src/drv8301.o
 .debug_macro   0x000002dd      0xab4 ./Core/Src/drv8301.o
 .debug_macro   0x00000d91      0x29b ./Core/Src/drv8301.o
 .debug_macro   0x0000102c       0x2e ./Core/Src/drv8301.o
 .debug_macro   0x0000105a       0x28 ./Core/Src/drv8301.o
 .debug_macro   0x00001082       0x22 ./Core/Src/drv8301.o
 .debug_macro   0x000010a4       0x8e ./Core/Src/drv8301.o
 .debug_macro   0x00001132       0x51 ./Core/Src/drv8301.o
 .debug_macro   0x00001183      0x103 ./Core/Src/drv8301.o
 .debug_macro   0x00001286       0x6a ./Core/Src/drv8301.o
 .debug_macro   0x000012f0      0x1df ./Core/Src/drv8301.o
 .debug_macro   0x000014cf       0x1c ./Core/Src/drv8301.o
 .debug_macro   0x000014eb       0x22 ./Core/Src/drv8301.o
 .debug_macro   0x0000150d       0xfb ./Core/Src/drv8301.o
 .debug_macro   0x00001608     0x1011 ./Core/Src/drv8301.o
 .debug_macro   0x00002619      0x11f ./Core/Src/drv8301.o
 .debug_macro   0x00002738     0xb86c ./Core/Src/drv8301.o
 .debug_macro   0x0000dfa4       0x6d ./Core/Src/drv8301.o
 .debug_macro   0x0000e011     0x369a ./Core/Src/drv8301.o
 .debug_macro   0x000116ab      0x189 ./Core/Src/drv8301.o
 .debug_macro   0x00011834       0x5c ./Core/Src/drv8301.o
 .debug_macro   0x00011890      0x416 ./Core/Src/drv8301.o
 .debug_macro   0x00011ca6      0x9e9 ./Core/Src/drv8301.o
 .debug_macro   0x0001268f      0x115 ./Core/Src/drv8301.o
 .debug_macro   0x000127a4       0xf8 ./Core/Src/drv8301.o
 .debug_macro   0x0001289c       0xa5 ./Core/Src/drv8301.o
 .debug_macro   0x00012941      0x15f ./Core/Src/drv8301.o
 .debug_macro   0x00012aa0      0x287 ./Core/Src/drv8301.o
 .debug_macro   0x00012d27       0x5f ./Core/Src/drv8301.o
 .debug_macro   0x00012d86      0x236 ./Core/Src/drv8301.o
 .debug_macro   0x00012fbc      0x9e1 ./Core/Src/drv8301.o
 .debug_macro   0x0001399d      0x38b ./Core/Src/drv8301.o
 .debug_macro   0x00013d28      0x176 ./Core/Src/drv8301.o
 .debug_macro   0x00013e9e       0xf9 ./Core/Src/drv8301.o
 .debug_macro   0x00013f97      0x132 ./Core/Src/drv8301.o
 .debug_macro   0x000140c9      0x23a ./Core/Src/drv8301.o
 .debug_macro   0x00014303       0x2e ./Core/Src/drv8301.o
 .debug_macro   0x00014331      0x127 ./Core/Src/drv8301.o
 .debug_macro   0x00014458       0x85 ./Core/Src/drv8301.o
 .debug_macro   0x000144dd       0x89 ./Core/Src/drv8301.o
 .debug_macro   0x00014566      0x8ed ./Core/Src/drv8301.o
 .debug_macro   0x00014e53       0x47 ./Core/Src/drv8301.o
 .debug_macro   0x00014e9a      0x126 ./Core/Src/drv8301.o
 .debug_macro   0x00014fc0       0x40 ./Core/Src/drv8301.o
 .debug_macro   0x00015000       0x5e ./Core/Src/drv8301.o
 .debug_macro   0x0001505e       0x34 ./Core/Src/drv8301.o
 .debug_macro   0x00015092       0x16 ./Core/Src/drv8301.o
 .debug_macro   0x000150a8       0x61 ./Core/Src/drv8301.o
 .debug_macro   0x00015109       0x2a ./Core/Src/drv8301.o
 .debug_macro   0x00015133       0x43 ./Core/Src/drv8301.o
 .debug_macro   0x00015176       0x34 ./Core/Src/drv8301.o
 .debug_macro   0x000151aa       0x16 ./Core/Src/drv8301.o
 .debug_macro   0x000151c0       0x43 ./Core/Src/drv8301.o
 .debug_macro   0x00015203       0x34 ./Core/Src/drv8301.o
 .debug_macro   0x00015237       0x10 ./Core/Src/drv8301.o
 .debug_macro   0x00015247       0x58 ./Core/Src/drv8301.o
 .debug_macro   0x0001529f       0x8e ./Core/Src/drv8301.o
 .debug_macro   0x0001532d       0x1c ./Core/Src/drv8301.o
 .debug_macro   0x00015349      0x177 ./Core/Src/drv8301.o
 .debug_macro   0x000154c0      0x369 ./Core/Src/drv8301.o
 .debug_macro   0x00015829      0x19b ./Core/Src/drv8301.o
 .debug_macro   0x000159c4       0xb2 ./Core/Src/drv8301.o
 .debug_macro   0x00015a76      0x126 ./Core/Src/drv8301.o
 .debug_macro   0x00015b9c      0x2d9 ./Core/Src/main.o
 .debug_macro   0x00015e75      0x2dd ./Core/Src/motor_bldc.o
 .debug_macro   0x00016152      0x2d9 ./Core/Src/stm32f4xx_hal_msp.o
 .debug_macro   0x0001642b      0x2e3 ./Core/Src/stm32f4xx_it.o
 .debug_macro   0x0001670e      0x1ec ./Core/Src/system_stm32f4xx.o
 .debug_macro   0x000168fa      0x2e3 ./Core/Src/uart_bitbang.o
 .debug_macro   0x00016bdd       0x10 ./Core/Src/uart_bitbang.o
 .debug_macro   0x00016bed      0x2dd ./Core/Src/uart_comm.o
 .debug_macro   0x00016eca      0x24c ./Drivers/STM32F4xx_HAL_Driver/Src/stm32f4xx_hal.o
 .debug_macro   0x00017116      0x1ed ./Drivers/STM32F4xx_HAL_Driver/Src/stm32f4xx_hal_adc.o
 .debug_macro   0x00017303      0x1ec ./Drivers/STM32F4xx_HAL_Driver/Src/stm32f4xx_hal_cortex.o
 .debug_macro   0x000174ef      0x1f2 ./Drivers/STM32F4xx_HAL_Driver/Src/stm32f4xx_hal_dma.o
 .debug_macro   0x000176e1      0x1f2 ./Drivers/STM32F4xx_HAL_Driver/Src/stm32f4xx_hal_gpio.o
 .debug_macro   0x000178d3      0x210 ./Drivers/STM32F4xx_HAL_Driver/Src/stm32f4xx_hal_rcc.o
 .debug_macro   0x00017ae3      0x1ed ./Drivers/STM32F4xx_HAL_Driver/Src/stm32f4xx_hal_tim.o
 .debug_macro   0x00017cd0      0x1ec ./Drivers/STM32F4xx_HAL_Driver/Src/stm32f4xx_hal_tim_ex.o

.debug_line     0x00000000     0xee9f
 .debug_line    0x00000000      0xad0 ./Core/Src/drv8301.o
 .debug_line    0x00000ad0      0xbb1 ./Core/Src/main.o
 .debug_line    0x00001681      0xaff ./Core/Src/motor_bldc.o
 .debug_line    0x00002180      0x9bd ./Core/Src/stm32f4xx_hal_msp.o
 .debug_line    0x00002b3d      0x9a2 ./Core/Src/stm32f4xx_it.o
 .debug_line    0x000034df      0x75b ./Core/Src/system_stm32f4xx.o
 .debug_line    0x00003c3a      0x982 ./Core/Src/uart_bitbang.o
 .debug_line    0x000045bc      0xa41 ./Core/Src/uart_comm.o
 .debug_line    0x00004ffd       0x7a ./Core/Startup/startup_stm32f401rctx.o
 .debug_line    0x00005077      0x9c4 ./Drivers/STM32F4xx_HAL_Driver/Src/stm32f4xx_hal.o
 .debug_line    0x00005a3b     0x1180 ./Drivers/STM32F4xx_HAL_Driver/Src/stm32f4xx_hal_adc.o
 .debug_line    0x00006bbb      0xcb6 ./Drivers/STM32F4xx_HAL_Driver/Src/stm32f4xx_hal_cortex.o
 .debug_line    0x00007871      0xf34 ./Drivers/STM32F4xx_HAL_Driver/Src/stm32f4xx_hal_dma.o
 .debug_line    0x000087a5      0xb14 ./Drivers/STM32F4xx_HAL_Driver/Src/stm32f4xx_hal_gpio.o
 .debug_line    0x000092b9      0xd4f ./Drivers/STM32F4xx_HAL_Driver/Src/stm32f4xx_hal_rcc.o
 .debug_line    0x0000a008     0x3542 ./Drivers/STM32F4xx_HAL_Driver/Src/stm32f4xx_hal_tim.o
 .debug_line    0x0000d54a     0x1955 ./Drivers/STM32F4xx_HAL_Driver/Src/stm32f4xx_hal_tim_ex.o

.debug_str      0x00000000    0x978f6
 .debug_str     0x00000000    0x93e76 ./Core/Src/drv8301.o
                              0x9410e (size before relaxing)
 .debug_str     0x00093e76      0xfd9 ./Core/Src/main.o
                              0x95066 (size before relaxing)
 .debug_str     0x00094e4f      0x1ae ./Core/Src/motor_bldc.o
                              0x946cd (size before relaxing)
 .debug_str     0x00094ffd      0x101 ./Core/Src/stm32f4xx_hal_msp.o
                              0x94c4e (size before relaxing)
 .debug_str     0x000950fe      0x1c9 ./Core/Src/stm32f4xx_it.o
                              0x94694 (size before relaxing)
 .debug_str     0x000952c7       0xdb ./Core/Src/system_stm32f4xx.o
                              0x8fe51 (size before relaxing)
 .debug_str     0x000953a2      0x10c ./Core/Src/uart_bitbang.o
                              0x94a2e (size before relaxing)
 .debug_str     0x000954ae      0x12d ./Core/Src/uart_comm.o
                              0x940c0 (size before relaxing)
 .debug_str     0x000955db       0x81 ./Core/Startup/startup_stm32f401rctx.o
 .debug_str     0x0009565c      0x60d ./Drivers/STM32F4xx_HAL_Driver/Src/stm32f4xx_hal.o
                              0x90873 (size before relaxing)
 .debug_str     0x00095c69      0x2c1 ./Drivers/STM32F4xx_HAL_Driver/Src/stm32f4xx_hal_adc.o
                              0x9042c (size before relaxing)
 .debug_str     0x00095f2a      0x34d ./Drivers/STM32F4xx_HAL_Driver/Src/stm32f4xx_hal_cortex.o
                              0x905dd (size before relaxing)
 .debug_str     0x00096277      0x2d5 ./Drivers/STM32F4xx_HAL_Driver/Src/stm32f4xx_hal_dma.o
                              0x90259 (size before relaxing)
 .debug_str     0x0009654c       0xe4 ./Drivers/STM32F4xx_HAL_Driver/Src/stm32f4xx_hal_gpio.o
                              0x8ffcc (size before relaxing)
 .debug_str     0x00096630      0x233 ./Drivers/STM32F4xx_HAL_Driver/Src/stm32f4xx_hal_rcc.o
                              0x90285 (size before relaxing)
 .debug_str     0x00096863      0xcdb ./Drivers/STM32F4xx_HAL_Driver/Src/stm32f4xx_hal_tim.o
                              0x911c9 (size before relaxing)
 .debug_str     0x0009753e      0x3b8 ./Drivers/STM32F4xx_HAL_Driver/Src/stm32f4xx_hal_tim_ex.o
                              0x909d5 (size before relaxing)

.comment        0x00000000       0x43
 .comment       0x00000000       0x43 ./Core/Src/drv8301.o
                                 0x44 (size before relaxing)
 .comment       0x00000043       0x44 ./Core/Src/main.o
 .comment       0x00000043       0x44 ./Core/Src/motor_bldc.o
 .comment       0x00000043       0x44 ./Core/Src/stm32f4xx_hal_msp.o
 .comment       0x00000043       0x44 ./Core/Src/stm32f4xx_it.o
 .comment       0x00000043       0x44 ./Core/Src/system_stm32f4xx.o
 .comment       0x00000043       0x44 ./Core/Src/uart_bitbang.o
 .comment       0x00000043       0x44 ./Core/Src/uart_comm.o
 .comment       0x00000043       0x44 ./Drivers/STM32F4xx_HAL_Driver/Src/stm32f4xx_hal.o
 .comment       0x00000043       0x44 ./Drivers/STM32F4xx_HAL_Driver/Src/stm32f4xx_hal_adc.o
 .comment       0x00000043       0x44 ./Drivers/STM32F4xx_HAL_Driver/Src/stm32f4xx_hal_cortex.o
 .comment       0x00000043       0x44 ./Drivers/STM32F4xx_HAL_Driver/Src/stm32f4xx_hal_dma.o
 .comment       0x00000043       0x44 ./Drivers/STM32F4xx_HAL_Driver/Src/stm32f4xx_hal_gpio.o
 .comment       0x00000043       0x44 ./Drivers/STM32F4xx_HAL_Driver/Src/stm32f4xx_hal_rcc.o
 .comment       0x00000043       0x44 ./Drivers/STM32F4xx_HAL_Driver/Src/stm32f4xx_hal_tim.o
 .comment       0x00000043       0x44 ./Drivers/STM32F4xx_HAL_Driver/Src/stm32f4xx_hal_tim_ex.o

.debug_frame    0x00000000     0x39fc
 .debug_frame   0x00000000      0x1f8 ./Core/Src/drv8301.o
 .debug_frame   0x000001f8      0x164 ./Core/Src/main.o
 .debug_frame   0x0000035c      0x190 ./Core/Src/motor_bldc.o
 .debug_frame   0x000004ec      0x13c ./Core/Src/stm32f4xx_hal_msp.o
 .debug_frame   0x00000628      0x1b4 ./Core/Src/stm32f4xx_it.o
 .debug_frame   0x000007dc       0x58 ./Core/Src/system_stm32f4xx.o
 .debug_frame   0x00000834       0xfc ./Core/Src/uart_bitbang.o
 .debug_frame   0x00000930      0x1f0 ./Core/Src/uart_comm.o
 .debug_frame   0x00000b20      0x374 ./Drivers/STM32F4xx_HAL_Driver/Src/stm32f4xx_hal.o
 .debug_frame   0x00000e94      0x3fc ./Drivers/STM32F4xx_HAL_Driver/Src/stm32f4xx_hal_adc.o
 .debug_frame   0x00001290      0x508 ./Drivers/STM32F4xx_HAL_Driver/Src/stm32f4xx_hal_cortex.o
 .debug_frame   0x00001798      0x250 ./Drivers/STM32F4xx_HAL_Driver/Src/stm32f4xx_hal_dma.o
 .debug_frame   0x000019e8      0x14c ./Drivers/STM32F4xx_HAL_Driver/Src/stm32f4xx_hal_gpio.o
 .debug_frame   0x00001b34      0x1f4 ./Drivers/STM32F4xx_HAL_Driver/Src/stm32f4xx_hal_rcc.o
 .debug_frame   0x00001d28     0x11b8 ./Drivers/STM32F4xx_HAL_Driver/Src/stm32f4xx_hal_tim.o
 .debug_frame   0x00002ee0      0x638 ./Drivers/STM32F4xx_HAL_Driver/Src/stm32f4xx_hal_tim_ex.o
 .debug_frame   0x00003518      0x144 /home/cotti/st/stm32cubeide_1.17.0/plugins/com.st.stm32cube.ide.mcu.externaltools.gnu-tools-for-stm32.12.3.rel1.linux64_1.1.0.202410170702/tools/bin/../lib/gcc/arm-none-eabi/12.3.1/../../../../arm-none-eabi/lib/thumb/v7e-m+fp/hard/libc_nano.a(libc_a-findfp.o)
 .debug_frame   0x0000365c       0x20 /home/cotti/st/stm32cubeide_1.17.0/plugins/com.st.stm32cube.ide.mcu.externaltools.gnu-tools-for-stm32.12.3.rel1.linux64_1.1.0.202410170702/tools/bin/../lib/gcc/arm-none-eabi/12.3.1/../../../../arm-none-eabi/lib/thumb/v7e-m+fp/hard/libc_nano.a(libc_a-memset.o)
 .debug_frame   0x0000367c       0x20 /home/cotti/st/stm32cubeide_1.17.0/plugins/com.st.stm32cube.ide.mcu.externaltools.gnu-tools-for-stm32.12.3.rel1.linux64_1.1.0.202410170702/tools/bin/../lib/gcc/arm-none-eabi/12.3.1/../../../../arm-none-eabi/lib/thumb/v7e-m+fp/hard/libc_nano.a(libc_a-errno.o)
 .debug_frame   0x0000369c       0x2c /home/cotti/st/stm32cubeide_1.17.0/plugins/com.st.stm32cube.ide.mcu.externaltools.gnu-tools-for-stm32.12.3.rel1.linux64_1.1.0.202410170702/tools/bin/../lib/gcc/arm-none-eabi/12.3.1/../../../../arm-none-eabi/lib/thumb/v7e-m+fp/hard/libc_nano.a(libc_a-init.o)
 .debug_frame   0x000036c8       0x4c /home/cotti/st/stm32cubeide_1.17.0/plugins/com.st.stm32cube.ide.mcu.externaltools.gnu-tools-for-stm32.12.3.rel1.linux64_1.1.0.202410170702/tools/bin/../lib/gcc/arm-none-eabi/12.3.1/../../../../arm-none-eabi/lib/thumb/v7e-m+fp/hard/libm.a(libm_a-w_log.o)
 .debug_frame   0x00003714       0x20 /home/cotti/st/stm32cubeide_1.17.0/plugins/com.st.stm32cube.ide.mcu.externaltools.gnu-tools-for-stm32.12.3.rel1.linux64_1.1.0.202410170702/tools/bin/../lib/gcc/arm-none-eabi/12.3.1/../../../../arm-none-eabi/lib/thumb/v7e-m+fp/hard/libm.a(libm_a-s_nan.o)
 .debug_frame   0x00003734       0x40 /home/cotti/st/stm32cubeide_1.17.0/plugins/com.st.stm32cube.ide.mcu.externaltools.gnu-tools-for-stm32.12.3.rel1.linux64_1.1.0.202410170702/tools/bin/../lib/gcc/arm-none-eabi/12.3.1/../../../../arm-none-eabi/lib/thumb/v7e-m+fp/hard/libm.a(libm_a-e_log.o)
 .debug_frame   0x00003774       0xac /home/cotti/st/stm32cubeide_1.17.0/plugins/com.st.stm32cube.ide.mcu.externaltools.gnu-tools-for-stm32.12.3.rel1.linux64_1.1.0.202410170702/tools/bin/../lib/gcc/arm-none-eabi/12.3.1/thumb/v7e-m+fp/hard/libgcc.a(_arm_addsubdf3.o)
 .debug_frame   0x00003820       0x50 /home/cotti/st/stm32cubeide_1.17.0/plugins/com.st.stm32cube.ide.mcu.externaltools.gnu-tools-for-stm32.12.3.rel1.linux64_1.1.0.202410170702/tools/bin/../lib/gcc/arm-none-eabi/12.3.1/thumb/v7e-m+fp/hard/libgcc.a(_arm_muldivdf3.o)
 .debug_frame   0x00003870       0xc4 /home/cotti/st/stm32cubeide_1.17.0/plugins/com.st.stm32cube.ide.mcu.externaltools.gnu-tools-for-stm32.12.3.rel1.linux64_1.1.0.202410170702/tools/bin/../lib/gcc/arm-none-eabi/12.3.1/thumb/v7e-m+fp/hard/libgcc.a(_arm_cmpdf2.o)
 .debug_frame   0x00003934       0x20 /home/cotti/st/stm32cubeide_1.17.0/plugins/com.st.stm32cube.ide.mcu.externaltools.gnu-tools-for-stm32.12.3.rel1.linux64_1.1.0.202410170702/tools/bin/../lib/gcc/arm-none-eabi/12.3.1/thumb/v7e-m+fp/hard/libgcc.a(_arm_unorddf2.o)
 .debug_frame   0x00003954       0x24 /home/cotti/st/stm32cubeide_1.17.0/plugins/com.st.stm32cube.ide.mcu.externaltools.gnu-tools-for-stm32.12.3.rel1.linux64_1.1.0.202410170702/tools/bin/../lib/gcc/arm-none-eabi/12.3.1/thumb/v7e-m+fp/hard/libgcc.a(_arm_fixdfsi.o)
 .debug_frame   0x00003978       0x24 /home/cotti/st/stm32cubeide_1.17.0/plugins/com.st.stm32cube.ide.mcu.externaltools.gnu-tools-for-stm32.12.3.rel1.linux64_1.1.0.202410170702/tools/bin/../lib/gcc/arm-none-eabi/12.3.1/thumb/v7e-m+fp/hard/libgcc.a(_arm_truncdfsf2.o)
 .debug_frame   0x0000399c       0x2c /home/cotti/st/stm32cubeide_1.17.0/plugins/com.st.stm32cube.ide.mcu.externaltools.gnu-tools-for-stm32.12.3.rel1.linux64_1.1.0.202410170702/tools/bin/../lib/gcc/arm-none-eabi/12.3.1/thumb/v7e-m+fp/hard/libgcc.a(_aeabi_uldivmod.o)
 .debug_frame   0x000039c8       0x34 /home/cotti/st/stm32cubeide_1.17.0/plugins/com.st.stm32cube.ide.mcu.externaltools.gnu-tools-for-stm32.12.3.rel1.linux64_1.1.0.202410170702/tools/bin/../lib/gcc/arm-none-eabi/12.3.1/thumb/v7e-m+fp/hard/libgcc.a(_udivmoddi4.o)

.debug_line_str
                0x00000000       0x65
 .debug_line_str
                0x00000000       0x65 ./Core/Startup/startup_stm32f401rctx.o
