Archive member included to satisfy reference by file (symbol)

/home/cotti/st/stm32cubeide_1.17.0/plugins/com.st.stm32cube.ide.mcu.externaltools.gnu-tools-for-stm32.12.3.rel1.linux64_1.1.0.202410170702/tools/bin/../lib/gcc/arm-none-eabi/12.3.1/../../../../arm-none-eabi/lib/thumb/v7e-m+fp/hard/libc_nano.a(libc_a-exit.o)
                              /home/cotti/st/stm32cubeide_1.17.0/plugins/com.st.stm32cube.ide.mcu.externaltools.gnu-tools-for-stm32.12.3.rel1.linux64_1.1.0.202410170702/tools/bin/../lib/gcc/arm-none-eabi/12.3.1/../../../../arm-none-eabi/lib/thumb/v7e-m+fp/hard/crt0.o (exit)
/home/cotti/st/stm32cubeide_1.17.0/plugins/com.st.stm32cube.ide.mcu.externaltools.gnu-tools-for-stm32.12.3.rel1.linux64_1.1.0.202410170702/tools/bin/../lib/gcc/arm-none-eabi/12.3.1/../../../../arm-none-eabi/lib/thumb/v7e-m+fp/hard/libc_nano.a(libc_a-findfp.o)
                              /home/cotti/st/stm32cubeide_1.17.0/plugins/com.st.stm32cube.ide.mcu.externaltools.gnu-tools-for-stm32.12.3.rel1.linux64_1.1.0.202410170702/tools/bin/../lib/gcc/arm-none-eabi/12.3.1/../../../../arm-none-eabi/lib/thumb/v7e-m+fp/hard/libc_nano.a(libc_a-exit.o) (__stdio_exit_handler)
/home/cotti/st/stm32cubeide_1.17.0/plugins/com.st.stm32cube.ide.mcu.externaltools.gnu-tools-for-stm32.12.3.rel1.linux64_1.1.0.202410170702/tools/bin/../lib/gcc/arm-none-eabi/12.3.1/../../../../arm-none-eabi/lib/thumb/v7e-m+fp/hard/libc_nano.a(libc_a-fwalk.o)
                              /home/cotti/st/stm32cubeide_1.17.0/plugins/com.st.stm32cube.ide.mcu.externaltools.gnu-tools-for-stm32.12.3.rel1.linux64_1.1.0.202410170702/tools/bin/../lib/gcc/arm-none-eabi/12.3.1/../../../../arm-none-eabi/lib/thumb/v7e-m+fp/hard/libc_nano.a(libc_a-findfp.o) (_fwalk_sglue)
/home/cotti/st/stm32cubeide_1.17.0/plugins/com.st.stm32cube.ide.mcu.externaltools.gnu-tools-for-stm32.12.3.rel1.linux64_1.1.0.202410170702/tools/bin/../lib/gcc/arm-none-eabi/12.3.1/../../../../arm-none-eabi/lib/thumb/v7e-m+fp/hard/libc_nano.a(libc_a-stdio.o)
                              /home/cotti/st/stm32cubeide_1.17.0/plugins/com.st.stm32cube.ide.mcu.externaltools.gnu-tools-for-stm32.12.3.rel1.linux64_1.1.0.202410170702/tools/bin/../lib/gcc/arm-none-eabi/12.3.1/../../../../arm-none-eabi/lib/thumb/v7e-m+fp/hard/libc_nano.a(libc_a-findfp.o) (__sread)
/home/cotti/st/stm32cubeide_1.17.0/plugins/com.st.stm32cube.ide.mcu.externaltools.gnu-tools-for-stm32.12.3.rel1.linux64_1.1.0.202410170702/tools/bin/../lib/gcc/arm-none-eabi/12.3.1/../../../../arm-none-eabi/lib/thumb/v7e-m+fp/hard/libc_nano.a(libc_a-memset.o)
                              /home/cotti/st/stm32cubeide_1.17.0/plugins/com.st.stm32cube.ide.mcu.externaltools.gnu-tools-for-stm32.12.3.rel1.linux64_1.1.0.202410170702/tools/bin/../lib/gcc/arm-none-eabi/12.3.1/../../../../arm-none-eabi/lib/thumb/v7e-m+fp/hard/crt0.o (memset)
/home/cotti/st/stm32cubeide_1.17.0/plugins/com.st.stm32cube.ide.mcu.externaltools.gnu-tools-for-stm32.12.3.rel1.linux64_1.1.0.202410170702/tools/bin/../lib/gcc/arm-none-eabi/12.3.1/../../../../arm-none-eabi/lib/thumb/v7e-m+fp/hard/libc_nano.a(libc_a-closer.o)
                              /home/cotti/st/stm32cubeide_1.17.0/plugins/com.st.stm32cube.ide.mcu.externaltools.gnu-tools-for-stm32.12.3.rel1.linux64_1.1.0.202410170702/tools/bin/../lib/gcc/arm-none-eabi/12.3.1/../../../../arm-none-eabi/lib/thumb/v7e-m+fp/hard/libc_nano.a(libc_a-stdio.o) (_close_r)
/home/cotti/st/stm32cubeide_1.17.0/plugins/com.st.stm32cube.ide.mcu.externaltools.gnu-tools-for-stm32.12.3.rel1.linux64_1.1.0.202410170702/tools/bin/../lib/gcc/arm-none-eabi/12.3.1/../../../../arm-none-eabi/lib/thumb/v7e-m+fp/hard/libc_nano.a(libc_a-reent.o)
                              /home/cotti/st/stm32cubeide_1.17.0/plugins/com.st.stm32cube.ide.mcu.externaltools.gnu-tools-for-stm32.12.3.rel1.linux64_1.1.0.202410170702/tools/bin/../lib/gcc/arm-none-eabi/12.3.1/../../../../arm-none-eabi/lib/thumb/v7e-m+fp/hard/libc_nano.a(libc_a-closer.o) (errno)
/home/cotti/st/stm32cubeide_1.17.0/plugins/com.st.stm32cube.ide.mcu.externaltools.gnu-tools-for-stm32.12.3.rel1.linux64_1.1.0.202410170702/tools/bin/../lib/gcc/arm-none-eabi/12.3.1/../../../../arm-none-eabi/lib/thumb/v7e-m+fp/hard/libc_nano.a(libc_a-impure.o)
                              /home/cotti/st/stm32cubeide_1.17.0/plugins/com.st.stm32cube.ide.mcu.externaltools.gnu-tools-for-stm32.12.3.rel1.linux64_1.1.0.202410170702/tools/bin/../lib/gcc/arm-none-eabi/12.3.1/../../../../arm-none-eabi/lib/thumb/v7e-m+fp/hard/libc_nano.a(libc_a-reent.o) (_impure_ptr)
/home/cotti/st/stm32cubeide_1.17.0/plugins/com.st.stm32cube.ide.mcu.externaltools.gnu-tools-for-stm32.12.3.rel1.linux64_1.1.0.202410170702/tools/bin/../lib/gcc/arm-none-eabi/12.3.1/../../../../arm-none-eabi/lib/thumb/v7e-m+fp/hard/libc_nano.a(libc_a-lseekr.o)
[...]
Memory Configuration

Name             Origin             Length             Attributes
RAM              0x20000000         0x00010000         xrw
FLASH            0x08000000         0x00040000         xr
*default*        0x00000000         0xffffffff

Linker script and memory map

LOAD /home/cotti/st/stm32cubeide_1.17.0/plugins/com.st.stm32cube.ide.mcu.externaltools.gnu-tools-for-stm32.12.3.rel1.linux64_1.1.0.202410170702/tools/bin/../lib/gcc/arm-none-eabi/12.3.1/thumb/v7e-m+fp/hard/crti.o
LOAD /home/cotti/st/stm32cubeide_1.17.0/plugins/com.st.stm32cube.ide.mcu.externaltools.gnu-tools-for-stm32.12.3.rel1.linux64_1.1.0.202410170702/tools/bin/../lib/gcc/arm-none-eabi/12.3.1/thumb/v7e-m+fp/hard/crtbegin.o
LOAD /home/cotti/st/stm32cubeide_1.17.0/plugins/com.st.stm32cube.ide.mcu.externaltools.gnu-tools-for-stm32.12.3.rel1.linux64_1.1.0.202410170702/tools/bin/../lib/gcc/arm-none-eabi/12.3.1/../../../../arm-none-eabi/lib/thumb/v7e-m+fp/hard/crt0.o
LOAD ./Core/Src/drv8301.o
LOAD ./Core/Src/main.o
LOAD ./Core/Src/motor_bldc.o
LOAD ./Core/Src/stm32f4xx_hal_msp.o
LOAD ./Core/Src/stm32f4xx_it.o
LOAD ./Core/Src/syscalls.o
LOAD ./Core/Src/sysmem.o
LOAD ./Core/Src/system_stm32f4xx.o
LOAD ./Core/Src/uart_bitbang.o
LOAD ./Core/Src/uart_comm.o
LOAD ./Core/Startup/startup_stm32f401rctx.o
LOAD ./Drivers/STM32F4xx_HAL_Driver/Src/stm32f4xx_hal.o
LOAD ./Drivers/STM32F4xx_HAL_Driver/Src/stm32f4xx_hal_adc.o
LOAD ./Drivers/STM32F4xx_HAL_Driver/Src/stm32f4xx_hal_adc_ex.o
LOAD ./Drivers/STM32F4xx_HAL_Driver/Src/stm32f4xx_hal_cortex.o
LOAD ./Drivers/STM32F4xx_HAL_Driver/Src/stm32f4xx_hal_dma.o
LOAD ./Drivers/STM32F4xx_HAL_Driver/Src/stm32f4xx_hal_dma_ex.o
LOAD ./Drivers/STM32F4xx_HAL_Driver/Src/stm32f4xx_hal_exti.o
LOAD ./Drivers/STM32F4xx_HAL_Driver/Src/stm32f4xx_hal_flash.o
LOAD ./Drivers/STM32F4xx_HAL_Driver/Src/stm32f4xx_hal_flash_ex.o
LOAD ./Drivers/STM32F4xx_HAL_Driver/Src/stm32f4xx_hal_flash_ramfunc.o
LOAD ./Drivers/STM32F4xx_HAL_Driver/Src/stm32f4xx_hal_gpio.o
LOAD ./Drivers/STM32F4xx_HAL_Driver/Src/stm32f4xx_hal_pwr.o
LOAD ./Drivers/STM32F4xx_HAL_Driver/Src/stm32f4xx_hal_pwr_ex.o
LOAD ./Drivers/STM32F4xx_HAL_Driver/Src/stm32f4xx_hal_rcc.o
LOAD ./Drivers/STM32F4xx_HAL_Driver/Src/stm32f4xx_hal_rcc_ex.o
LOAD ./Drivers/STM32F4xx_HAL_Driver/Src/stm32f4xx_hal_tim.o
LOAD ./Drivers/STM32F4xx_HAL_Driver/Src/stm32f4xx_hal_tim_ex.o
LOAD ./Drivers/STM32F4xx_HAL_Driver/Src/stm32f4xx_ll_adc.o
START GROUP
LOAD /home/cotti/st/stm32cubeide_1.17.0/plugins/com.st.stm32cube.ide.mcu.externaltools.gnu-tools-for-stm32.12.3.rel1.linux64_1.1.0.202410170702/tools/bin/../lib/gcc/arm-none-eabi/12.3.1/../../../../arm-none-eabi/lib/thumb/v7e-m+fp/hard/libc_nano.a
LOAD /home/cotti/st/stm32cubeide_1.17.0/plugins/com.st.stm32cube.ide.mcu.externaltools.gnu-tools-for-stm32.12.3.rel1.linux64_1.1.0.202410170702/tools/bin/../lib/gcc/arm-none-eabi/12.3.1/../../../../arm-none-eabi/lib/thumb/v7e-m+fp/hard/libm.a
END GROUP
START GROUP
LOAD /home/cotti/st/stm32cubeide_1.17.0/plugins/com.st.stm32cube.ide.mcu.externaltools.gnu-tools-for-stm32.12.3.rel1.linux64_1.1.0.202410170702/tools/bin/../lib/gcc/arm-none-eabi/12.3.1/thumb/v7e-m+fp/hard/libgcc.a
LOAD /home/cotti/st/stm32cubeide_1.17.0/plugins/com.st.stm32cube.ide.mcu.externaltools.gnu-tools-for-stm32.12.3.rel1.linux64_1.1.0.202410170702/tools/bin/../lib/gcc/arm-none-eabi/12.3.1/../../../../arm-none-eabi/lib/thumb/v7e-m+fp/hard/libc_nano.a
END GROUP
START GROUP
LOAD /home/cotti/st/stm32cubeide_1.17.0/plugins/com.st.stm32cube.ide.mcu.externaltools.gnu-tools-for-stm32.12.3.rel1.linux64_1.1.0.202410170702/tools/bin/../lib/gcc/arm-none-eabi/12.3.1/thumb/v7e-m+fp/hard/libgcc.a
LOAD /home/cotti/st/stm32cubeide_1.17.0/plugins/com.st.stm32cube.ide.mcu.externaltools.gnu-tools-for-stm32.12.3.rel1.linux64_1.1.0.202410170702/tools/bin/../lib/gcc/arm-none-eabi/12.3.1/../../../../arm-none-eabi/lib/thumb/v7e-m+fp/hard/libc_nano.a
LOAD /home/cotti/st/stm32cubeide_1.17.0/plugins/com.st.stm32cube.ide.mcu.externaltools.gnu-tools-for-stm32.12.3.rel1.linux64_1.1.0.202410170702/tools/bin/../lib/gcc/arm-none-eabi/12.3.1/../../../../arm-none-eabi/lib/thumb/v7e-m+fp/hard/libnosys.a
END GROUP
START GROUP
LOAD /home/cotti/st/stm32cubeide_1.17.0/plugins/com.st.stm32cube.ide.mcu.externaltools.gnu-tools-for-stm32.12.3.rel1.linux64_1.1.0.202410170702/tools/bin/../lib/gcc/arm-none-eabi/12.3.1/thumb/v7e-m+fp/hard/libgcc.a
LOAD /home/cotti/st/stm32cubeide_1.17.0/plugins/com.st.stm32cube.ide.mcu.externaltools.gnu-tools-for-stm32.12.3.rel1.linux64_1.1.0.202410170702/tools/bin/../lib/gcc/arm-none-eabi/12.3.1/../../../../arm-none-eabi/lib/thumb/v7e-m+fp/hard/libc_nano.a
LOAD /home/cotti/st/stm32cubeide_1.17.0/plugins/com.st.stm32cube.ide.mcu.externaltools.gnu-tools-for-stm32.12.3.rel1.linux64_1.1.0.202410170702/tools/bin/../lib/gcc/arm-none-eabi/12.3.1/../../../../arm-none-eabi/lib/thumb/v7e-m+fp/hard/libnosys.a
END GROUP
LOAD /home/cotti/st/stm32cubeide_1.17.0/plugins/com.st.stm32cube.ide.mcu.externaltools.gnu-tools-for-stm32.12.3.rel1.linux64_1.1.0.202410170702/tools/bin/../lib/gcc/arm-none-eabi/12.3.1/thumb/v7e-m+fp/hard/crtend.o
LOAD /home/cotti/st/stm32cubeide_1.17.0/plugins/com.st.stm32cube.ide.mcu.externaltools.gnu-tools-for-stm32.12.3.rel1.linux64_1.1.0.202410170702/tools/bin/../lib/gcc/arm-none-eabi/12.3.1/thumb/v7e-m+fp/hard/crtn.o
                0x20010000                        _estack = (ORIGIN (RAM) + LENGTH (RAM))
                0x00000200                        _Min_Heap_Size = 0x200
                0x00000400                        _Min_Stack_Size = 0x400

.isr_vector     0x08000000      0x194
                0x08000000                        . = ALIGN (0x4)
 *(.isr_vector)
 .isr_vector    0x08000000      0x194 ./Core/Startup/startup_stm32f401rctx.o
                0x08000000                g_pfnVectors
                0x08000194                        . = ALIGN (0x4)

.text           0x08000198     0x62cc
                0x08000198                        . = ALIGN (0x4)
 *(.text)
 .text          0x08000198       0x40 /home/cotti/st/stm32cubeide_1.17.0/plugins/com.st.stm32cube.ide.mcu.externaltools.gnu-tools-for-stm32.12.3.rel1.linux64_1.1.0.202410170702/tools/bin/../lib/gcc/arm-none-eabi/12.3.1/thumb/v7e-m+fp/hard/crtbegin.o
 .text          0x080001d8      0x378 /home/cotti/st/stm32cubeide_1.17.0/plugins/com.st.stm32cube.ide.mcu.externaltools.gnu-tools-for-stm32.12.3.rel1.linux64_1.1.0.202410170702/tools/bin/../lib/gcc/arm-none-eabi/12.3.1/thumb/v7e-m+fp/hard/libgcc.a(_arm_addsubdf3.o)
                0x080001d8                __aeabi_drsub
                0x080001e0                __aeabi_dsub
                0x080001e0                __subdf3
                0x080001e4                __adddf3
                0x080001e4                __aeabi_dadd
                0x0800045c                __aeabi_ui2d
                0x0800045c                __floatunsidf
                0x0800047c                __floatsidf
                0x0800047c                __aeabi_i2d
                0x080004a0                __extendsfdf2
                0x080004a0                __aeabi_f2d
                0x080004e4                __aeabi_ul2d
                0x080004e4                __floatundidf
                0x080004f4                __floatdidf
                0x080004f4                __aeabi_l2d
 .text          0x08000550      0x424 /home/cotti/st/stm32cubeide_1.17.0/plugins/com.st.stm32cube.ide.mcu.externaltools.gnu-tools-for-stm32.12.3.rel1.linux64_1.1.0.202410170702/tools/bin/../lib/gcc/arm-none-eabi/12.3.1/thumb/v7e-m+fp/hard/libgcc.a(_arm_muldivdf3.o)
                0x08000550                __aeabi_dmul
                0x08000550                __muldf3
                0x080007a4                __aeabi_ddiv
                0x080007a4                __divdf3
 .text          0x08000974      0x110 /home/cotti/st/stm32cubeide_1.17.0/plugins/com.st.stm32cube.ide.mcu.externaltools.gnu-tools-for-stm32.12.3.rel1.linux64_1.1.0.202410170702/tools/bin/../lib/gcc/arm-none-eabi/12.3.1/thumb/v7e-m+fp/hard/libgcc.a(_arm_cmpdf2.o)
                0x08000974                __gtdf2
                0x08000974                __gedf2
                0x0800097c                __ltdf2
                0x0800097c                __ledf2
                0x08000984                __cmpdf2
                0x08000984                __eqdf2
                0x08000984                __nedf2
                0x08000a00                __aeabi_cdrcmple
                0x08000a10                __aeabi_cdcmple
                0x08000a10                __aeabi_cdcmpeq
                0x08000a20                __aeabi_dcmpeq
                0x08000a34                __aeabi_dcmplt
                0x08000a48                __aeabi_dcmple
                0x08000a5c                __aeabi_dcmpge
                0x08000a70                __aeabi_dcmpgt
 .text          0x08000a84       0x2c /home/cotti/st/stm32cubeide_1.17.0/plugins/com.st.stm32cube.ide.mcu.externaltools.gnu-tools-for-stm32.12.3.rel1.linux64_1.1.0.202410170702/tools/bin/../lib/gcc/arm-none-eabi/12.3.1/thumb/v7e-m+fp/hard/libgcc.a(_arm_unorddf2.o)
                0x08000a84                __aeabi_dcmpun
                0x08000a84                __unorddf2
 .text          0x08000ab0       0x50 /home/cotti/st/stm32cubeide_1.17.0/plugins/com.st.stm32cube.ide.mcu.externaltools.gnu-tools-for-stm32.12.3.rel1.linux64_1.1.0.202410170702/tools/bin/../lib/gcc/arm-none-eabi/12.3.1/thumb/v7e-m+fp/hard/libgcc.a(_arm_fixdfsi.o)
                0x08000ab0                __fixdfsi
                0x08000ab0                __aeabi_d2iz
 .text          0x08000b00       0xa0 /home/cotti/st/stm32cubeide_1.17.0/plugins/com.st.stm32cube.ide.mcu.externaltools.gnu-tools-for-stm32.12.3.rel1.linux64_1.1.0.202410170702/tools/bin/../lib/gcc/arm-none-eabi/12.3.1/thumb/v7e-m+fp/hard/libgcc.a(_arm_truncdfsf2.o)
                0x08000b00                __aeabi_d2f
                0x08000b00                __truncdfsf2
 .text          0x08000ba0       0x30 /home/cotti/st/stm32cubeide_1.17.0/plugins/com.st.stm32cube.ide.mcu.externaltools.gnu-tools-for-stm32.12.3.rel1.linux64_1.1.0.202410170702/tools/bin/../lib/gcc/arm-none-eabi/12.3.1/thumb/v7e-m+fp/hard/libgcc.a(_aeabi_uldivmod.o)
                0x08000ba0                __aeabi_uldivmod
 .text          0x08000bd0      0x2bc /home/cotti/st/stm32cubeide_1.17.0/plugins/com.st.stm32cube.ide.mcu.externaltools.gnu-tools-for-stm32.12.3.rel1.linux64_1.1.0.202410170702/tools/bin/../lib/gcc/arm-none-eabi/12.3.1/thumb/v7e-m+fp/hard/libgcc.a(_udivmoddi4.o)
                0x08000bd0                __udivmoddi4
 .text          0x08000e8c        0x4 /home/cotti/st/stm32cubeide_1.17.0/plugins/com.st.stm32cube.ide.mcu.externaltools.gnu-tools-for-stm32.12.3.rel1.linux64_1.1.0.202410170702/tools/bin/../lib/gcc/arm-none-eabi/12.3.1/thumb/v7e-m+fp/hard/libgcc.a(_dvmd_tls.o)
                0x08000e8c                __aeabi_ldiv0
                0x08000e8c                __aeabi_idiv0
 *(.text*)
 .text.utils_middle_of_3_int
                0x08000e90       0x62 ./Core/Src/drv8301.o
                0x08000e90                utils_middle_of_3_int
 *fill*         0x08000ef2        0x2 
 .text.drv8301_init
                0x08000ef4       0x3c ./Core/Src/drv8301.o
                0x08000ef4                drv8301_init
 .text.drv8301_set_current_amp_gain
                0x08000f30       0x74 ./Core/Src/drv8301.o
                0x08000f30                drv8301_set_current_amp_gain
 .text.drv8301_reset_faults
                0x08000fa4       0x4c ./Core/Src/drv8301.o
                0x08000fa4                drv8301_reset_faults
 .text.drv8301_read_reg
                0x08000ff0       0x6a ./Core/Src/drv8301.o
                0x08000ff0                drv8301_read_reg
 .text.drv8301_write_reg
                0x0800105a       0x50 ./Core/Src/drv8301.o
                0x0800105a                drv8301_write_reg
 .text.spi_exchange
                0x080010aa       0x22 ./Core/Src/drv8301.o
 .text.spi_transfer
                0x080010cc       0xf4 ./Core/Src/drv8301.o
 .text.spi_begin
                0x080011c0       0x18 ./Core/Src/drv8301.o
 .text.spi_end  0x080011d8       0x18 ./Core/Src/drv8301.o
 .text.spi_delay
                0x080011f0       0x28 ./Core/Src/drv8301.o
 .text.main     0x08001218       0x54 ./Core/Src/main.o
                0x08001218                main
 .text.SystemClock_Config
                0x0800126c       0xc0 ./Core/Src/main.o
                0x0800126c                SystemClock_Config
 .text.MX_ADC1_Init
                0x0800132c      0x184 ./Core/Src/main.o
 .text.MX_TIM1_Init
                0x080014b0      0x134 ./Core/Src/main.o
 .text.MX_TIM3_Init
                0x080015e4       0x9c ./Core/Src/main.o
 .text.MX_TIM4_Init
                0x08001680       0x9c ./Core/Src/main.o
 .text.MX_TIM5_Init
                0x0800171c       0x9c ./Core/Src/main.o
 .text.MX_DMA_Init
                0x080017b8       0x40 ./Core/Src/main.o
 .text.MX_GPIO_Init
                0x080017f8      0x1b8 ./Core/Src/main.o
 .text.Error_Handler
                0x080019b0        0xc ./Core/Src/main.o
                0x080019b0                Error_Handler
 .text.motor_read_hall
                0x080019bc      0x208 ./Core/Src/motor_bldc.o
                0x080019bc                motor_read_hall
 .text.motor_get_duty
                0x08001bc4       0x18 ./Core/Src/motor_bldc.o
                0x08001bc4                motor_get_duty
 .text.motor_get_hall
                0x08001bdc       0x18 ./Core/Src/motor_bldc.o
                0x08001bdc                motor_get_hall
 .text.motor_on_off
                0x08001bf4       0x54 ./Core/Src/motor_bldc.o
                0x08001bf4                motor_on_off
 .text.motor_reset
                0x08001c48       0x3c ./Core/Src/motor_bldc.o
                0x08001c48                motor_reset
 .text.motor_set_duty
                0x08001c84       0x48 ./Core/Src/motor_bldc.o
                0x08001c84                motor_set_duty
 .text.motor_init
                0x08001ccc       0x20 ./Core/Src/motor_bldc.o
                0x08001ccc                motor_init
 .text.motor_calculate_speed
                0x08001cec       0xa4 ./Core/Src/motor_bldc.o
                0x08001cec                motor_calculate_speed
 .text.motor_get_speed_rpm
                0x08001d90       0x18 ./Core/Src/motor_bldc.o
                0x08001d90                motor_get_speed_rpm
 .text.motor_rotate
                0x08001da8      0x104 ./Core/Src/motor_bldc.o
                0x08001da8                motor_rotate
 .text.HAL_MspInit
                0x08001eac       0x50 ./Core/Src/stm32f4xx_hal_msp.o
                0x08001eac                HAL_MspInit
 .text.HAL_ADC_MspInit
                0x08001efc      0x128 ./Core/Src/stm32f4xx_hal_msp.o
                0x08001efc                HAL_ADC_MspInit
 .text.HAL_TIM_PWM_MspInit
                0x08002024       0x44 ./Core/Src/stm32f4xx_hal_msp.o
                0x08002024                HAL_TIM_PWM_MspInit
 .text.HAL_TIM_Base_MspInit
                0x08002068       0xc8 ./Core/Src/stm32f4xx_hal_msp.o
                0x08002068                HAL_TIM_Base_MspInit
 .text.HAL_TIM_MspPostInit
                0x08002130       0xb8 ./Core/Src/stm32f4xx_hal_msp.o
                0x08002130                HAL_TIM_MspPostInit
 .text.NMI_Handler
                0x080021e8        0x8 ./Core/Src/stm32f4xx_it.o
                0x080021e8                NMI_Handler
 .text.HardFault_Handler
                0x080021f0        0x8 ./Core/Src/stm32f4xx_it.o
                0x080021f0                HardFault_Handler
 .text.MemManage_Handler
                0x080021f8        0x8 ./Core/Src/stm32f4xx_it.o
                0x080021f8                MemManage_Handler
 .text.BusFault_Handler
                0x08002200        0x8 ./Core/Src/stm32f4xx_it.o
                0x08002200                BusFault_Handler
 .text.UsageFault_Handler
                0x08002208        0x8 ./Core/Src/stm32f4xx_it.o
                0x08002208                UsageFault_Handler
 .text.SVC_Handler
                0x08002210        0xe ./Core/Src/stm32f4xx_it.o
                0x08002210                SVC_Handler
 .text.DebugMon_Handler
                0x0800221e        0xe ./Core/Src/stm32f4xx_it.o
                0x0800221e                DebugMon_Handler
 .text.PendSV_Handler
                0x0800222c        0xe ./Core/Src/stm32f4xx_it.o
                0x0800222c                PendSV_Handler
 .text.SysTick_Handler
                0x0800223a        0xc ./Core/Src/stm32f4xx_it.o
                0x0800223a                SysTick_Handler
 .text.EXTI2_IRQHandler
                0x08002246       0x12 ./Core/Src/stm32f4xx_it.o
                0x08002246                EXTI2_IRQHandler
 .text.EXTI9_5_IRQHandler
                0x08002258       0x3c ./Core/Src/stm32f4xx_it.o
                0x08002258                EXTI9_5_IRQHandler
 .text.TIM3_IRQHandler
                0x08002294       0x24 ./Core/Src/stm32f4xx_it.o
                0x08002294                TIM3_IRQHandler
 .text.TIM4_IRQHandler
                0x080022b8       0x18 ./Core/Src/stm32f4xx_it.o
                0x080022b8                TIM4_IRQHandler
 .text.TIM5_IRQHandler
                0x080022d0       0x18 ./Core/Src/stm32f4xx_it.o
                0x080022d0                TIM5_IRQHandler
 .text.DMA2_Stream0_IRQHandler
                0x080022e8       0x14 ./Core/Src/stm32f4xx_it.o
                0x080022e8                DMA2_Stream0_IRQHandler
 .text.SystemInit
                0x080022fc       0x24 ./Core/Src/system_stm32f4xx.o
                0x080022fc                SystemInit
 .text.uart_init
                0x08002320       0x24 ./Core/Src/uart_bitbang.o
                0x08002320                uart_init
 .text.uart_is_empty
                0x08002344       0x28 ./Core/Src/uart_bitbang.o
                0x08002344                uart_is_empty
 .text.uart_read
                0x0800236c       0x54 ./Core/Src/uart_bitbang.o
                0x0800236c                uart_read
 .text.uart_write
                0x080023c0       0x60 ./Core/Src/uart_bitbang.o
                0x080023c0                uart_write
 .text.uart_start_received
                0x08002420       0x40 ./Core/Src/uart_bitbang.o
                0x08002420                uart_start_received
 .text.uart_write_next_bit
                0x08002460       0xec ./Core/Src/uart_bitbang.o
                0x08002460                uart_write_next_bit
 .text.uart_read_next_bit
                0x0800254c       0xb4 ./Core/Src/uart_bitbang.o
                0x0800254c                uart_read_next_bit
 .text.comm     0x08002600       0x90 ./Core/Src/uart_comm.o
                0x08002600                comm
 .text.comm_parse_command
                0x08002690      0x1d4 ./Core/Src/uart_comm.o
                0x08002690                comm_parse_command
 *fill*         0x08002864        0x4 
 .text.calculate_voltage
                0x08002868       0xa8 ./Core/Src/uart_comm.o
                0x08002868                calculate_voltage
 .text.get_voltage_1
                0x08002910       0x18 ./Core/Src/uart_comm.o
                0x08002910                get_voltage_1
 .text.get_voltage_2
                0x08002928       0x18 ./Core/Src/uart_comm.o
                0x08002928                get_voltage_2
 .text.get_voltage_3
                0x08002940       0x18 ./Core/Src/uart_comm.o
                0x08002940                get_voltage_3
 .text.get_voltage_supply
                0x08002958       0x18 ./Core/Src/uart_comm.o
                0x08002958                get_voltage_supply
 .text.calculate_phase_current
                0x08002970       0x90 ./Core/Src/uart_comm.o
                0x08002970                calculate_phase_current
 .text.get_current_phase_1
                0x08002a00       0x18 ./Core/Src/uart_comm.o
                0x08002a00                get_current_phase_1
 .text.get_current_phase_3
                0x08002a18       0x18 ./Core/Src/uart_comm.o
                0x08002a18                get_current_phase_3
 .text.adc_to_resistance
                0x08002a30       0xa8 ./Core/Src/uart_comm.o
                0x08002a30                adc_to_resistance
 .text.calculate_temperature_ntc
                0x08002ad8       0xac ./Core/Src/uart_comm.o
                0x08002ad8                calculate_temperature_ntc
 *fill*         0x08002b84        0x4 
 .text.get_temp_motor
                0x08002b88       0xcc ./Core/Src/uart_comm.o
                0x08002b88                get_temp_motor
 .text.get_temp_adc
                0x08002c54       0x2c ./Core/Src/uart_comm.o
                0x08002c54                get_temp_adc
 .text.Reset_Handler
                0x08002c80       0x50 ./Core/Startup/startup_stm32f401rctx.o
                0x08002c80                Reset_Handler
 .text.Default_Handler
                0x08002cd0        0x2 ./Core/Startup/startup_stm32f401rctx.o
                0x08002cd0                RTC_Alarm_IRQHandler
                0x08002cd0                SPI4_IRQHandler
                0x08002cd0                TIM1_CC_IRQHandler
                0x08002cd0                DMA2_Stream5_IRQHandler
                0x08002cd0                DMA1_Stream5_IRQHandler
                0x08002cd0                PVD_IRQHandler
                0x08002cd0                SDIO_IRQHandler
                0x08002cd0                TAMP_STAMP_IRQHandler
                0x08002cd0                EXTI3_IRQHandler
                0x08002cd0                TIM1_UP_TIM10_IRQHandler
                0x08002cd0                I2C3_ER_IRQHandler
                0x08002cd0                EXTI0_IRQHandler
                0x08002cd0                I2C2_EV_IRQHandler
                0x08002cd0                DMA1_Stream2_IRQHandler
                0x08002cd0                FPU_IRQHandler
                0x08002cd0                DMA2_Stream2_IRQHandler
                0x08002cd0                SPI1_IRQHandler
                0x08002cd0                TIM1_BRK_TIM9_IRQHandler
                0x08002cd0                DMA2_Stream3_IRQHandler
                0x08002cd0                USART6_IRQHandler
                0x08002cd0                I2C1_EV_IRQHandler
                0x08002cd0                DMA1_Stream6_IRQHandler
                0x08002cd0                DMA1_Stream1_IRQHandler
                0x08002cd0                RCC_IRQHandler
                0x08002cd0                Default_Handler
                0x08002cd0                EXTI15_10_IRQHandler
                0x08002cd0                ADC_IRQHandler
                0x08002cd0                DMA1_Stream7_IRQHandler
                0x08002cd0                DMA2_Stream7_IRQHandler
                0x08002cd0                I2C3_EV_IRQHandler
                0x08002cd0                RTC_WKUP_IRQHandler
                0x08002cd0                SPI2_IRQHandler
                0x08002cd0                DMA1_Stream0_IRQHandler
                0x08002cd0                EXTI4_IRQHandler
                0x08002cd0                WWDG_IRQHandler
                0x08002cd0                TIM2_IRQHandler
                0x08002cd0                OTG_FS_WKUP_IRQHandler
                0x08002cd0                TIM1_TRG_COM_TIM11_IRQHandler
                0x08002cd0                EXTI1_IRQHandler
                0x08002cd0                USART2_IRQHandler
                0x08002cd0                I2C2_ER_IRQHandler
                0x08002cd0                DMA2_Stream1_IRQHandler
                0x08002cd0                FLASH_IRQHandler
                0x08002cd0                DMA2_Stream4_IRQHandler
                0x08002cd0                USART1_IRQHandler
                0x08002cd0                OTG_FS_IRQHandler
                0x08002cd0                SPI3_IRQHandler
                0x08002cd0                DMA1_Stream4_IRQHandler
                0x08002cd0                I2C1_ER_IRQHandler
                0x08002cd0                DMA2_Stream6_IRQHandler
                0x08002cd0                DMA1_Stream3_IRQHandler
 *fill*         0x08002cd2        0x2 
 .text.HAL_Init
                0x08002cd4       0x44 ./Drivers/STM32F4xx_HAL_Driver/Src/stm32f4xx_hal.o
                0x08002cd4                HAL_Init
 .text.HAL_InitTick
                0x08002d18       0x60 ./Drivers/STM32F4xx_HAL_Driver/Src/stm32f4xx_hal.o
                0x08002d18                HAL_InitTick
 .text.HAL_IncTick
                0x08002d78       0x28 ./Drivers/STM32F4xx_HAL_Driver/Src/stm32f4xx_hal.o
                0x08002d78                HAL_IncTick
 .text.HAL_GetTick
                0x08002da0       0x18 ./Drivers/STM32F4xx_HAL_Driver/Src/stm32f4xx_hal.o
                0x08002da0                HAL_GetTick
 .text.HAL_Delay
                0x08002db8       0x48 ./Drivers/STM32F4xx_HAL_Driver/Src/stm32f4xx_hal.o
                0x08002db8                HAL_Delay
 .text.HAL_ADC_Init
                0x08002e00       0x86 ./Drivers/STM32F4xx_HAL_Driver/Src/stm32f4xx_hal_adc.o
                0x08002e00                HAL_ADC_Init
 *fill*         0x08002e86        0x2 
 .text.HAL_ADC_Start_DMA
                0x08002e88      0x1e0 ./Drivers/STM32F4xx_HAL_Driver/Src/stm32f4xx_hal_adc.o
                0x08002e88                HAL_ADC_Start_DMA
 .text.HAL_ADC_ConvCpltCallback
                0x08003068       0x14 ./Drivers/STM32F4xx_HAL_Driver/Src/stm32f4xx_hal_adc.o
                0x08003068                HAL_ADC_ConvCpltCallback
 .text.HAL_ADC_ConvHalfCpltCallback
                0x0800307c       0x14 ./Drivers/STM32F4xx_HAL_Driver/Src/stm32f4xx_hal_adc.o
                0x0800307c                HAL_ADC_ConvHalfCpltCallback
 .text.HAL_ADC_ErrorCallback
                0x08003090       0x14 ./Drivers/STM32F4xx_HAL_Driver/Src/stm32f4xx_hal_adc.o
                0x08003090                HAL_ADC_ErrorCallback
 .text.HAL_ADC_ConfigChannel
                0x080030a4      0x244 ./Drivers/STM32F4xx_HAL_Driver/Src/stm32f4xx_hal_adc.o
                0x080030a4                HAL_ADC_ConfigChannel
 .text.ADC_Init
                0x080032e8      0x1f8 ./Drivers/STM32F4xx_HAL_Driver/Src/stm32f4xx_hal_adc.o
 .text.ADC_DMAConvCplt
                0x080034e0       0xba ./Drivers/STM32F4xx_HAL_Driver/Src/stm32f4xx_hal_adc.o
 .text.ADC_DMAHalfConvCplt
                0x0800359a       0x1c ./Drivers/STM32F4xx_HAL_Driver/Src/stm32f4xx_hal_adc.o
 .text.ADC_DMAError
                0x080035b6       0x2e ./Drivers/STM32F4xx_HAL_Driver/Src/stm32f4xx_hal_adc.o
 .text.__NVIC_SetPriorityGrouping
                0x080035e4       0x48 ./Drivers/STM32F4xx_HAL_Driver/Src/stm32f4xx_hal_cortex.o
 .text.__NVIC_GetPriorityGrouping
                0x0800362c       0x1c ./Drivers/STM32F4xx_HAL_Driver/Src/stm32f4xx_hal_cortex.o
 .text.__NVIC_EnableIRQ
                0x08003648       0x3c ./Drivers/STM32F4xx_HAL_Driver/Src/stm32f4xx_hal_cortex.o
 .text.__NVIC_DisableIRQ
                0x08003684       0x48 ./Drivers/STM32F4xx_HAL_Driver/Src/stm32f4xx_hal_cortex.o
 .text.__NVIC_ClearPendingIRQ
                0x080036cc       0x3c ./Drivers/STM32F4xx_HAL_Driver/Src/stm32f4xx_hal_cortex.o
 .text.__NVIC_SetPriority
                0x08003708       0x54 ./Drivers/STM32F4xx_HAL_Driver/Src/stm32f4xx_hal_cortex.o
 .text.NVIC_EncodePriority
                0x0800375c       0x66 ./Drivers/STM32F4xx_HAL_Driver/Src/stm32f4xx_hal_cortex.o
 *fill*         0x080037c2        0x2 
 .text.SysTick_Config
                0x080037c4       0x44 ./Drivers/STM32F4xx_HAL_Driver/Src/stm32f4xx_hal_cortex.o
 .text.HAL_NVIC_SetPriorityGrouping
                0x08003808       0x16 ./Drivers/STM32F4xx_HAL_Driver/Src/stm32f4xx_hal_cortex.o
                0x08003808                HAL_NVIC_SetPriorityGrouping
 .text.HAL_NVIC_SetPriority
                0x0800381e       0x38 ./Drivers/STM32F4xx_HAL_Driver/Src/stm32f4xx_hal_cortex.o
                0x0800381e                HAL_NVIC_SetPriority
 .text.HAL_NVIC_EnableIRQ
                0x08003856       0x1c ./Drivers/STM32F4xx_HAL_Driver/Src/stm32f4xx_hal_cortex.o
                0x08003856                HAL_NVIC_EnableIRQ
 .text.HAL_NVIC_DisableIRQ
                0x08003872       0x1c ./Drivers/STM32F4xx_HAL_Driver/Src/stm32f4xx_hal_cortex.o
                0x08003872                HAL_NVIC_DisableIRQ
 .text.HAL_SYSTICK_Config
                0x0800388e       0x18 ./Drivers/STM32F4xx_HAL_Driver/Src/stm32f4xx_hal_cortex.o
                0x0800388e                HAL_SYSTICK_Config
 .text.HAL_NVIC_ClearPendingIRQ
                0x080038a6       0x1c ./Drivers/STM32F4xx_HAL_Driver/Src/stm32f4xx_hal_cortex.o
                0x080038a6                HAL_NVIC_ClearPendingIRQ
 *fill*         0x080038c2        0x2 
 .text.HAL_DMA_Init
                0x080038c4      0x15c ./Drivers/STM32F4xx_HAL_Driver/Src/stm32f4xx_hal_dma.o
                0x080038c4                HAL_DMA_Init
 .text.HAL_DMA_Start_IT
                0x08003a20       0xb0 ./Drivers/STM32F4xx_HAL_Driver/Src/stm32f4xx_hal_dma.o
                0x08003a20                HAL_DMA_Start_IT
 .text.HAL_DMA_IRQHandler
                0x08003ad0      0x314 ./Drivers/STM32F4xx_HAL_Driver/Src/stm32f4xx_hal_dma.o
                0x08003ad0                HAL_DMA_IRQHandler
 .text.DMA_SetConfig
                0x08003de4       0x5c ./Drivers/STM32F4xx_HAL_Driver/Src/stm32f4xx_hal_dma.o
 .text.DMA_CalcBaseAndBitshift
                0x08003e40       0x6c ./Drivers/STM32F4xx_HAL_Driver/Src/stm32f4xx_hal_dma.o
 .text.DMA_CheckFifoParam
                0x08003eac       0xf8 ./Drivers/STM32F4xx_HAL_Driver/Src/stm32f4xx_hal_dma.o
 .text.HAL_GPIO_Init
                0x08003fa4      0x308 ./Drivers/STM32F4xx_HAL_Driver/Src/stm32f4xx_hal_gpio.o
                0x08003fa4                HAL_GPIO_Init
 .text.HAL_GPIO_ReadPin
                0x080042ac       0x30 ./Drivers/STM32F4xx_HAL_Driver/Src/stm32f4xx_hal_gpio.o
                0x080042ac                HAL_GPIO_ReadPin
 .text.HAL_GPIO_WritePin
                0x080042dc       0x32 ./Drivers/STM32F4xx_HAL_Driver/Src/stm32f4xx_hal_gpio.o
                0x080042dc                HAL_GPIO_WritePin
 .text.HAL_GPIO_TogglePin
                0x0800430e       0x34 ./Drivers/STM32F4xx_HAL_Driver/Src/stm32f4xx_hal_gpio.o
                0x0800430e                HAL_GPIO_TogglePin
 *fill*         0x08004342        0x2 
 .text.HAL_GPIO_EXTI_IRQHandler
                0x08004344       0x30 ./Drivers/STM32F4xx_HAL_Driver/Src/stm32f4xx_hal_gpio.o
                0x08004344                HAL_GPIO_EXTI_IRQHandler
 .text.HAL_GPIO_EXTI_Callback
                0x08004374       0x16 ./Drivers/STM32F4xx_HAL_Driver/Src/stm32f4xx_hal_gpio.o
                0x08004374                HAL_GPIO_EXTI_Callback
 *fill*         0x0800438a        0x2 
 .text.HAL_RCC_OscConfig
                0x0800438c      0x4f0 ./Drivers/STM32F4xx_HAL_Driver/Src/stm32f4xx_hal_rcc.o
                0x0800438c                HAL_RCC_OscConfig
 .text.HAL_RCC_ClockConfig
                0x0800487c      0x1cc ./Drivers/STM32F4xx_HAL_Driver/Src/stm32f4xx_hal_rcc.o
                0x0800487c                HAL_RCC_ClockConfig
 .text.HAL_RCC_GetSysClockFreq
                0x08004a48      0x20c ./Drivers/STM32F4xx_HAL_Driver/Src/stm32f4xx_hal_rcc.o
                0x08004a48                HAL_RCC_GetSysClockFreq
 .text.HAL_TIM_Base_Init
                0x08004c54       0x9e ./Drivers/STM32F4xx_HAL_Driver/Src/stm32f4xx_hal_tim.o
                0x08004c54                HAL_TIM_Base_Init
 *fill*         0x08004cf2        0x2 
 .text.HAL_TIM_Base_Start_IT
                0x08004cf4       0xc4 ./Drivers/STM32F4xx_HAL_Driver/Src/stm32f4xx_hal_tim.o
                0x08004cf4                HAL_TIM_Base_Start_IT
 .text.HAL_TIM_Base_Stop_IT
                0x08004db8       0x5e ./Drivers/STM32F4xx_HAL_Driver/Src/stm32f4xx_hal_tim.o
                0x08004db8                HAL_TIM_Base_Stop_IT
 .text.HAL_TIM_PWM_Init
                0x08004e16       0x9e ./Drivers/STM32F4xx_HAL_Driver/Src/stm32f4xx_hal_tim.o
                0x08004e16                HAL_TIM_PWM_Init
 .text.HAL_TIM_PWM_Start
                0x08004eb4      0x160 ./Drivers/STM32F4xx_HAL_Driver/Src/stm32f4xx_hal_tim.o
                0x08004eb4                HAL_TIM_PWM_Start
 .text.HAL_TIM_PWM_Stop
                0x08005014       0xc8 ./Drivers/STM32F4xx_HAL_Driver/Src/stm32f4xx_hal_tim.o
                0x08005014                HAL_TIM_PWM_Stop
 .text.HAL_TIM_IRQHandler
                0x080050dc      0x1e0 ./Drivers/STM32F4xx_HAL_Driver/Src/stm32f4xx_hal_tim.o
                0x080050dc                HAL_TIM_IRQHandler
 .text.HAL_TIM_PWM_ConfigChannel
                0x080052bc      0x184 ./Drivers/STM32F4xx_HAL_Driver/Src/stm32f4xx_hal_tim.o
                0x080052bc                HAL_TIM_PWM_ConfigChannel
 .text.HAL_TIM_ConfigClockSource
                0x08005440      0x18e ./Drivers/STM32F4xx_HAL_Driver/Src/stm32f4xx_hal_tim.o
                0x08005440                HAL_TIM_ConfigClockSource
 .text.HAL_TIM_PeriodElapsedCallback
                0x080055ce       0x14 ./Drivers/STM32F4xx_HAL_Driver/Src/stm32f4xx_hal_tim.o
                0x080055ce                HAL_TIM_PeriodElapsedCallback
 .text.HAL_TIM_OC_DelayElapsedCallback
                0x080055e2       0x14 ./Drivers/STM32F4xx_HAL_Driver/Src/stm32f4xx_hal_tim.o
                0x080055e2                HAL_TIM_OC_DelayElapsedCallback
 .text.HAL_TIM_IC_CaptureCallback
                0x080055f6       0x14 ./Drivers/STM32F4xx_HAL_Driver/Src/stm32f4xx_hal_tim.o
                0x080055f6                HAL_TIM_IC_CaptureCallback
 .text.HAL_TIM_PWM_PulseFinishedCallback
                0x0800560a       0x14 ./Drivers/STM32F4xx_HAL_Driver/Src/stm32f4xx_hal_tim.o
                0x0800560a                HAL_TIM_PWM_PulseFinishedCallback
 .text.HAL_TIM_TriggerCallback
                0x0800561e       0x14 ./Drivers/STM32F4xx_HAL_Driver/Src/stm32f4xx_hal_tim.o
                0x0800561e                HAL_TIM_TriggerCallback
 *fill*         0x08005632        0x2 
 .text.TIM_Base_SetConfig
                0x08005634      0x118 ./Drivers/STM32F4xx_HAL_Driver/Src/stm32f4xx_hal_tim.o
                0x08005634                TIM_Base_SetConfig
 .text.TIM_OC1_SetConfig
                0x0800574c       0xcc ./Drivers/STM32F4xx_HAL_Driver/Src/stm32f4xx_hal_tim.o
 .text.TIM_OC2_SetConfig
                0x08005818       0xd8 ./Drivers/STM32F4xx_HAL_Driver/Src/stm32f4xx_hal_tim.o
                0x08005818                TIM_OC2_SetConfig
 .text.TIM_OC3_SetConfig
                0x080058f0       0xd4 ./Drivers/STM32F4xx_HAL_Driver/Src/stm32f4xx_hal_tim.o
 .text.TIM_OC4_SetConfig
                0x080059c4       0xa0 ./Drivers/STM32F4xx_HAL_Driver/Src/stm32f4xx_hal_tim.o
 .text.TIM_TI1_ConfigInputStage
                0x08005a64       0x5e ./Drivers/STM32F4xx_HAL_Driver/Src/stm32f4xx_hal_tim.o
 .text.TIM_TI2_ConfigInputStage
                0x08005ac2       0x60 ./Drivers/STM32F4xx_HAL_Driver/Src/stm32f4xx_hal_tim.o
 .text.TIM_ITRx_SetConfig
                0x08005b22       0x36 ./Drivers/STM32F4xx_HAL_Driver/Src/stm32f4xx_hal_tim.o
 .text.TIM_ETR_SetConfig
                0x08005b58       0x40 ./Drivers/STM32F4xx_HAL_Driver/Src/stm32f4xx_hal_tim.o
                0x08005b58                TIM_ETR_SetConfig
 .text.TIM_CCxChannelCmd
                0x08005b98       0x4a ./Drivers/STM32F4xx_HAL_Driver/Src/stm32f4xx_hal_tim.o
                0x08005b98                TIM_CCxChannelCmd
 *fill*         0x08005be2        0x2 
 .text.HAL_TIMEx_PWMN_Start
                0x08005be4      0x158 ./Drivers/STM32F4xx_HAL_Driver/Src/stm32f4xx_hal_tim_ex.o
                0x08005be4                HAL_TIMEx_PWMN_Start
 .text.HAL_TIMEx_PWMN_Stop
                0x08005d3c       0xba ./Drivers/STM32F4xx_HAL_Driver/Src/stm32f4xx_hal_tim_ex.o
                0x08005d3c                HAL_TIMEx_PWMN_Stop
 *fill*         0x08005df6        0x2 
 .text.HAL_TIMEx_MasterConfigSynchronization
                0x08005df8       0xdc ./Drivers/STM32F4xx_HAL_Driver/Src/stm32f4xx_hal_tim_ex.o
                0x08005df8                HAL_TIMEx_MasterConfigSynchronization
 .text.HAL_TIMEx_ConfigBreakDeadTime
                0x08005ed4       0xa4 ./Drivers/STM32F4xx_HAL_Driver/Src/stm32f4xx_hal_tim_ex.o
                0x08005ed4                HAL_TIMEx_ConfigBreakDeadTime
 .text.HAL_TIMEx_CommutCallback
                0x08005f78       0x14 ./Drivers/STM32F4xx_HAL_Driver/Src/stm32f4xx_hal_tim_ex.o
                0x08005f78                HAL_TIMEx_CommutCallback
 .text.HAL_TIMEx_BreakCallback
                0x08005f8c       0x14 ./Drivers/STM32F4xx_HAL_Driver/Src/stm32f4xx_hal_tim_ex.o
                0x08005f8c                HAL_TIMEx_BreakCallback
 .text.TIM_CCxNChannelCmd
                0x08005fa0       0x4a ./Drivers/STM32F4xx_HAL_Driver/Src/stm32f4xx_hal_tim_ex.o
 .text.memset   0x08005fea       0x10 /home/cotti/st/stm32cubeide_1.17.0/plugins/com.st.stm32cube.ide.mcu.externaltools.gnu-tools-for-stm32.12.3.rel1.linux64_1.1.0.202410170702/tools/bin/../lib/gcc/arm-none-eabi/12.3.1/../../../../arm-none-eabi/lib/thumb/v7e-m+fp/hard/libc_nano.a(libc_a-memset.o)
                0x08005fea                memset
 *fill*         0x08005ffa        0x2 
 .text.__errno  0x08005ffc        0xc /home/cotti/st/stm32cubeide_1.17.0/plugins/com.st.stm32cube.ide.mcu.externaltools.gnu-tools-for-stm32.12.3.rel1.linux64_1.1.0.202410170702/tools/bin/../lib/gcc/arm-none-eabi/12.3.1/../../../../arm-none-eabi/lib/thumb/v7e-m+fp/hard/libc_nano.a(libc_a-errno.o)
                0x08005ffc                __errno
 .text.__libc_init_array
                0x08006008       0x48 /home/cotti/st/stm32cubeide_1.17.0/plugins/com.st.stm32cube.ide.mcu.externaltools.gnu-tools-for-stm32.12.3.rel1.linux64_1.1.0.202410170702/tools/bin/../lib/gcc/arm-none-eabi/12.3.1/../../../../arm-none-eabi/lib/thumb/v7e-m+fp/hard/libc_nano.a(libc_a-init.o)
                0x08006008                __libc_init_array
 .text.log      0x08006050       0x7c /home/cotti/st/stm32cubeide_1.17.0/plugins/com.st.stm32cube.ide.mcu.externaltools.gnu-tools-for-stm32.12.3.rel1.linux64_1.1.0.202410170702/tools/bin/../lib/gcc/arm-none-eabi/12.3.1/../../../../arm-none-eabi/lib/thumb/v7e-m+fp/hard/libm.a(libm_a-w_log.o)
                0x08006050                log
 *fill*         0x080060cc        0x4 
 .text.nan      0x080060d0       0x10 /home/cotti/st/stm32cubeide_1.17.0/plugins/com.st.stm32cube.ide.mcu.externaltools.gnu-tools-for-stm32.12.3.rel1.linux64_1.1.0.202410170702/tools/bin/../lib/gcc/arm-none-eabi/12.3.1/../../../../arm-none-eabi/lib/thumb/v7e-m+fp/hard/libm.a(libm_a-s_nan.o)
                0x080060d0                nan
 .text.__ieee754_log
                0x080060e0      0x36c /home/cotti/st/stm32cubeide_1.17.0/plugins/com.st.stm32cube.ide.mcu.externaltools.gnu-tools-for-stm32.12.3.rel1.linux64_1.1.0.202410170702/tools/bin/../lib/gcc/arm-none-eabi/12.3.1/../../../../arm-none-eabi/lib/thumb/v7e-m+fp/hard/libm.a(libm_a-e_log.o)
                0x080060e0                __ieee754_log
 *(.glue_7)
 .glue_7        0x0800644c        0x0 linker stubs
 *(.glue_7t)
 .glue_7t       0x0800644c        0x0 linker stubs
 *(.eh_frame)
 .eh_frame      0x0800644c        0x0 /home/cotti/st/stm32cubeide_1.17.0/plugins/com.st.stm32cube.ide.mcu.externaltools.gnu-tools-for-stm32.12.3.rel1.linux64_1.1.0.202410170702/tools/bin/../lib/gcc/arm-none-eabi/12.3.1/thumb/v7e-m+fp/hard/crtbegin.o
 *(.init)
 .init          0x0800644c        0x4 /home/cotti/st/stm32cubeide_1.17.0/plugins/com.st.stm32cube.ide.mcu.externaltools.gnu-tools-for-stm32.12.3.rel1.linux64_1.1.0.202410170702/tools/bin/../lib/gcc/arm-none-eabi/12.3.1/thumb/v7e-m+fp/hard/crti.o
                0x0800644c                _init
 .init          0x08006450        0x8 /home/cotti/st/stm32cubeide_1.17.0/plugins/com.st.stm32cube.ide.mcu.externaltools.gnu-tools-for-stm32.12.3.rel1.linux64_1.1.0.202410170702/tools/bin/../lib/gcc/arm-none-eabi/12.3.1/thumb/v7e-m+fp/hard/crtn.o
 *(.fini)
 .fini          0x08006458        0x4 /home/cotti/st/stm32cubeide_1.17.0/plugins/com.st.stm32cube.ide.mcu.externaltools.gnu-tools-for-stm32.12.3.rel1.linux64_1.1.0.202410170702/tools/bin/../lib/gcc/arm-none-eabi/12.3.1/thumb/v7e-m+fp/hard/crti.o
                0x08006458                _fini
 .fini          0x0800645c        0x8 /home/cotti/st/stm32cubeide_1.17.0/plugins/com.st.stm32cube.ide.mcu.externaltools.gnu-tools-for-stm32.12.3.rel1.linux64_1.1.0.202410170702/tools/bin/../lib/gcc/arm-none-eabi/12.3.1/thumb/v7e-m+fp/hard/crtn.o
                0x08006464                        . = ALIGN (0x4)
                0x08006464                        _etext = .

.vfp11_veneer   0x08006464        0x0
 .vfp11_veneer  0x08006464        0x0 linker stubs

.v4_bx          0x08006464        0x0
 .v4_bx         0x08006464        0x0 linker stubs

.iplt           0x08006464        0x0
 .iplt          0x08006464        0x0 /home/cotti/st/stm32cubeide_1.17.0/plugins/com.st.stm32cube.ide.mcu.externaltools.gnu-tools-for-stm32.12.3.rel1.linux64_1.1.0.202410170702/tools/bin/../lib/gcc/arm-none-eabi/12.3.1/thumb/v7e-m+fp/hard/crtbegin.o

.rodata         0x08006464       0x1c
                0x08006464                        . = ALIGN (0x4)
 *(.rodata)
 *(.rodata*)
 .rodata.AHBPrescTable
                0x08006464       0x10 ./Core/Src/system_stm32f4xx.o
                0x08006464                AHBPrescTable
 .rodata.flagBitshiftOffset.0
                0x08006474        0x8 ./Drivers/STM32F4xx_HAL_Driver/Src/stm32f4xx_hal_dma.o
 .rodata.log.str1.1
                0x0800647c        0x1 /home/cotti/st/stm32cubeide_1.17.0/plugins/com.st.stm32cube.ide.mcu.externaltools.gnu-tools-for-stm32.12.3.rel1.linux64_1.1.0.202410170702/tools/bin/../lib/gcc/arm-none-eabi/12.3.1/../../../../arm-none-eabi/lib/thumb/v7e-m+fp/hard/libm.a(libm_a-w_log.o)
                0x08006480                        . = ALIGN (0x4)
 *fill*         0x0800647d        0x3 

.ARM.extab      0x08006480        0x0
                0x08006480                        . = ALIGN (0x4)
 *(.ARM.extab* .gnu.linkonce.armextab.*)
                0x08006480                        . = ALIGN (0x4)

.ARM            0x08006480        0x8
                0x08006480                        . = ALIGN (0x4)
                0x08006480                        __exidx_start = .
 *(.ARM.exidx*)
 .ARM.exidx     0x08006480        0x8 /home/cotti/st/stm32cubeide_1.17.0/plugins/com.st.stm32cube.ide.mcu.externaltools.gnu-tools-for-stm32.12.3.rel1.linux64_1.1.0.202410170702/tools/bin/../lib/gcc/arm-none-eabi/12.3.1/thumb/v7e-m+fp/hard/libgcc.a(_udivmoddi4.o)
                0x08006488                        __exidx_end = .
                0x08006488                        . = ALIGN (0x4)

.preinit_array  0x08006488        0x0
                0x08006488                        . = ALIGN (0x4)
                0x08006488                        PROVIDE (__preinit_array_start = .)
 *(.preinit_array*)
                0x08006488                        PROVIDE (__preinit_array_end = .)
                0x08006488                        . = ALIGN (0x4)

.init_array     0x08006488        0x4
                0x08006488                        . = ALIGN (0x4)
                0x08006488                        PROVIDE (__init_array_start = .)
 *(SORT_BY_NAME(.init_array.*))
 *(.init_array*)
 .init_array    0x08006488        0x4 /home/cotti/st/stm32cubeide_1.17.0/plugins/com.st.stm32cube.ide.mcu.externaltools.gnu-tools-for-stm32.12.3.rel1.linux64_1.1.0.202410170702/tools/bin/../lib/gcc/arm-none-eabi/12.3.1/thumb/v7e-m+fp/hard/crtbegin.o
                0x0800648c                        PROVIDE (__init_array_end = .)
                0x0800648c                        . = ALIGN (0x4)

.fini_array     0x0800648c        0x4
                0x0800648c                        . = ALIGN (0x4)
                [!provide]                        PROVIDE (__fini_array_start = .)
 *(SORT_BY_NAME(.fini_array.*))
 *(.fini_array*)
 .fini_array    0x0800648c        0x4 /home/cotti/st/stm32cubeide_1.17.0/plugins/com.st.stm32cube.ide.mcu.externaltools.gnu-tools-for-stm32.12.3.rel1.linux64_1.1.0.202410170702/tools/bin/../lib/gcc/arm-none-eabi/12.3.1/thumb/v7e-m+fp/hard/crtbegin.o
                [!provide]                        PROVIDE (__fini_array_end = .)
                0x08006490                        . = ALIGN (0x4)
                0x08006490                        _sidata = LOADADDR (.data)

.rel.dyn        0x08006490        0x0
 .rel.iplt      0x08006490        0x0 /home/cotti/st/stm32cubeide_1.17.0/plugins/com.st.stm32cube.ide.mcu.externaltools.gnu-tools-for-stm32.12.3.rel1.linux64_1.1.0.202410170702/tools/bin/../lib/gcc/arm-none-eabi/12.3.1/thumb/v7e-m+fp/hard/crtbegin.o

.data           0x20000000       0x60 load address 0x08006490
                0x20000000                        . = ALIGN (0x4)
                0x20000000                        _sdata = .
 *(.data)
 *(.data*)
 .data.g_duty   0x20000000        0x4 ./Core/Src/motor_bldc.o
 .data.SystemCoreClock
                0x20000004        0x4 ./Core/Src/system_stm32f4xx.o
                0x20000004                SystemCoreClock
 .data.uwTickPrio
                0x20000008        0x4 ./Drivers/STM32F4xx_HAL_Driver/Src/stm32f4xx_hal.o
                0x20000008                uwTickPrio
 .data.uwTickFreq
                0x2000000c        0x1 ./Drivers/STM32F4xx_HAL_Driver/Src/stm32f4xx_hal.o
                0x2000000c                uwTickFreq
 *fill*         0x2000000d        0x3 
 .data._impure_ptr
                0x20000010        0x4 /home/cotti/st/stm32cubeide_1.17.0/plugins/com.st.stm32cube.ide.mcu.externaltools.gnu-tools-for-stm32.12.3.rel1.linux64_1.1.0.202410170702/tools/bin/../lib/gcc/arm-none-eabi/12.3.1/../../../../arm-none-eabi/lib/thumb/v7e-m+fp/hard/libc_nano.a(libc_a-impure.o)
                0x20000010                _impure_ptr
 .data._impure_data
                0x20000014       0x4c /home/cotti/st/stm32cubeide_1.17.0/plugins/com.st.stm32cube.ide.mcu.externaltools.gnu-tools-for-stm32.12.3.rel1.linux64_1.1.0.202410170702/tools/bin/../lib/gcc/arm-none-eabi/12.3.1/../../../../arm-none-eabi/lib/thumb/v7e-m+fp/hard/libc_nano.a(libc_a-impure.o)
                0x20000014                _impure_data
 *(.RamFunc)
 *(.RamFunc*)
                0x20000060                        . = ALIGN (0x4)
                0x20000060                        _edata = .

.igot.plt       0x20000060        0x0 load address 0x080064f0
 .igot.plt      0x20000060        0x0 /home/cotti/st/stm32cubeide_1.17.0/plugins/com.st.stm32cube.ide.mcu.externaltools.gnu-tools-for-stm32.12.3.rel1.linux64_1.1.0.202410170702/tools/bin/../lib/gcc/arm-none-eabi/12.3.1/thumb/v7e-m+fp/hard/crtbegin.o
                0x20000060                        . = ALIGN (0x4)

.bss            0x20000060      0x3c4 load address 0x080064f0
                0x20000060                        _sbss = .
                0x20000060                        __bss_start__ = _sbss
 *(.bss)
 .bss           0x20000060       0x1c /home/cotti/st/stm32cubeide_1.17.0/plugins/com.st.stm32cube.ide.mcu.externaltools.gnu-tools-for-stm32.12.3.rel1.linux64_1.1.0.202410170702/tools/bin/../lib/gcc/arm-none-eabi/12.3.1/thumb/v7e-m+fp/hard/crtbegin.o
 *(.bss*)
 .bss.hadc1     0x2000007c       0x48 ./Core/Src/main.o
                0x2000007c                hadc1
 .bss.hdma_adc1
                0x200000c4       0x60 ./Core/Src/main.o
                0x200000c4                hdma_adc1
 .bss.htim1     0x20000124       0x48 ./Core/Src/main.o
                0x20000124                htim1
 .bss.htim3     0x2000016c       0x48 ./Core/Src/main.o
                0x2000016c                htim3
 .bss.htim4     0x200001b4       0x48 ./Core/Src/main.o
                0x200001b4                htim4
 .bss.htim5     0x200001fc       0x48 ./Core/Src/main.o
                0x200001fc                htim5
 .bss.adc_buffer
                0x20000244       0x24 ./Core/Src/main.o
                0x20000244                adc_buffer
 .bss.g_hall    0x20000268        0x1 ./Core/Src/motor_bldc.o
 .bss.g_on_off  0x20000269        0x1 ./Core/Src/motor_bldc.o
 *fill*         0x2000026a        0x2 
 .bss.g_spins   0x2000026c        0x4 ./Core/Src/motor_bldc.o
 .bss.g_speed_filter_rpm
                0x20000270       0x28 ./Core/Src/motor_bldc.o
 .bss.g_speed_filter_pos
                0x20000298        0x1 ./Core/Src/motor_bldc.o
 *fill*         0x20000299        0x3 
 .bss.g_speed_rpm
                0x2000029c        0x4 ./Core/Src/motor_bldc.o
 .bss.previous_hall_state.0
                0x200002a0        0x1 ./Core/Src/motor_bldc.o
 *fill*         0x200002a1        0x3 
 .bss.g_value_tx
                0x200002a4        0x4 ./Core/Src/uart_bitbang.o
 .bss.g_bit_pos_tx
                0x200002a8        0x1 ./Core/Src/uart_bitbang.o
 .bss.g_bits_to_tx
                0x200002a9        0x1 ./Core/Src/uart_bitbang.o
 .bss.g_tx_uart_busy
                0x200002aa        0x1 ./Core/Src/uart_bitbang.o
 .bss.g_data_rx
                0x200002ab        0x1 ./Core/Src/uart_bitbang.o
 .bss.g_bit_pos_rx
                0x200002ac        0x1 ./Core/Src/uart_bitbang.o
 .bss.g_rx_uart_busy
                0x200002ad        0x1 ./Core/Src/uart_bitbang.o
 *fill*         0x200002ae        0x2 
 .bss.g_circ_buffer_rx
                0x200002b0       0x32 ./Core/Src/uart_bitbang.o
 .bss.g_write_circ_pos
                0x200002e2        0x1 ./Core/Src/uart_bitbang.o
 .bss.g_read_circ_pos
                0x200002e3        0x1 ./Core/Src/uart_bitbang.o
 .bss.state.0   0x200002e4        0x1 ./Core/Src/uart_comm.o
 *fill*         0x200002e5        0x3 
 .bss.uwTick    0x200002e8        0x4 ./Drivers/STM32F4xx_HAL_Driver/Src/stm32f4xx_hal.o
                0x200002e8                uwTick
 .bss.__sf      0x200002ec      0x138 /home/cotti/st/stm32cubeide_1.17.0/plugins/com.st.stm32cube.ide.mcu.externaltools.gnu-tools-for-stm32.12.3.rel1.linux64_1.1.0.202410170702/tools/bin/../lib/gcc/arm-none-eabi/12.3.1/../../../../arm-none-eabi/lib/thumb/v7e-m+fp/hard/libc_nano.a(libc_a-findfp.o)
                0x200002ec                __sf
 *(COMMON)
                0x20000424                        . = ALIGN (0x4)
                0x20000424                        _ebss = .
                0x20000424                        __bss_end__ = _ebss

._user_heap_stack
                0x20000424      0x604 load address 0x080064f0
                0x20000428                        . = ALIGN (0x8)
 *fill*         0x20000424        0x4 
                [!provide]                        PROVIDE (end = .)
                0x20000428                        PROVIDE (_end = .)
                0x20000628                        . = (. + _Min_Heap_Size)
 *fill*         0x20000428      0x200 
                0x20000a28                        . = (. + _Min_Stack_Size)
 *fill*         0x20000628      0x400 
                0x20000a28                        . = ALIGN (0x8)

/DISCARD/
 libc.a(*)
 libm.a(*)
 libgcc.a(*)

.ARM.attributes
                0x00000000       0x30
 *(.ARM.attributes)
 .ARM.attributes
                0x00000000       0x22 /home/cotti/st/stm32cubeide_1.17.0/plugins/com.st.stm32cube.ide.mcu.externaltools.gnu-tools-for-stm32.12.3.rel1.linux64_1.1.0.202410170702/tools/bin/../lib/gcc/arm-none-eabi/12.3.1/thumb/v7e-m+fp/hard/crti.o
 .ARM.attributes
                0x00000022       0x34 /home/cotti/st/stm32cubeide_1.17.0/plugins/com.st.stm32cube.ide.mcu.externaltools.gnu-tools-for-stm32.12.3.rel1.linux64_1.1.0.202410170702/tools/bin/../lib/gcc/arm-none-eabi/12.3.1/thumb/v7e-m+fp/hard/crtbegin.o
 .ARM.attributes
                0x00000056       0x34 ./Core/Src/drv8301.o
 .ARM.attributes
                0x0000008a       0x34 ./Core/Src/main.o
 .ARM.attributes
                0x000000be       0x34 ./Core/Src/motor_bldc.o
 .ARM.attributes
                0x000000f2       0x34 ./Core/Src/stm32f4xx_hal_msp.o
 .ARM.attributes
                0x00000126       0x34 ./Core/Src/stm32f4xx_it.o
 .ARM.attributes
                0x0000015a       0x34 ./Core/Src/system_stm32f4xx.o
 .ARM.attributes
                0x0000018e       0x34 ./Core/Src/uart_bitbang.o
 .ARM.attributes
                0x000001c2       0x34 ./Core/Src/uart_comm.o
 .ARM.attributes
                0x000001f6       0x21 ./Core/Startup/startup_stm32f401rctx.o
 .ARM.attributes
                0x00000217       0x34 ./Drivers/STM32F4xx_HAL_Driver/Src/stm32f4xx_hal.o
 .ARM.attributes
                0x0000024b       0x34 ./Drivers/STM32F4xx_HAL_Driver/Src/stm32f4xx_hal_adc.o
 .ARM.attributes
                0x0000027f       0x34 ./Drivers/STM32F4xx_HAL_Driver/Src/stm32f4xx_hal_cortex.o
 .ARM.attributes
                0x000002b3       0x34 ./Drivers/STM32F4xx_HAL_Driver/Src/stm32f4xx_hal_dma.o
 .ARM.attributes
                0x000002e7       0x34 ./Drivers/STM32F4xx_HAL_Driver/Src/stm32f4xx_hal_gpio.o
 .ARM.attributes
                0x0000031b       0x34 ./Drivers/STM32F4xx_HAL_Driver/Src/stm32f4xx_hal_rcc.o
 .ARM.attributes
                0x0000034f       0x34 ./Drivers/STM32F4xx_HAL_Driver/Src/stm32f4xx_hal_tim.o
 .ARM.attributes
                0x00000383       0x34 ./Drivers/STM32F4xx_HAL_Driver/Src/stm32f4xx_hal_tim_ex.o
 .ARM.attributes
                0x000003b7       0x34 /home/cotti/st/stm32cubeide_1.17.0/plugins/com.st.stm32cube.ide.mcu.externaltools.gnu-tools-for-stm32.12.3.rel1.linux64_1.1.0.202410170702/tools/bin/../lib/gcc/arm-none-eabi/12.3.1/../../../../arm-none-eabi/lib/thumb/v7e-m+fp/hard/libc_nano.a(libc_a-findfp.o)
 .ARM.attributes
                0x000003eb       0x34 /home/cotti/st/stm32cubeide_1.17.0/plugins/com.st.stm32cube.ide.mcu.externaltools.gnu-tools-for-stm32.12.3.rel1.linux64_1.1.0.202410170702/tools/bin/../lib/gcc/arm-none-eabi/12.3.1/../../../../arm-none-eabi/lib/thumb/v7e-m+fp/hard/libc_nano.a(libc_a-memset.o)
 .ARM.attributes
                0x0000041f       0x34 /home/cotti/st/stm32cubeide_1.17.0/plugins/com.st.stm32cube.ide.mcu.externaltools.gnu-tools-for-stm32.12.3.rel1.linux64_1.1.0.202410170702/tools/bin/../lib/gcc/arm-none-eabi/12.3.1/../../../../arm-none-eabi/lib/thumb/v7e-m+fp/hard/libc_nano.a(libc_a-impure.o)
 .ARM.attributes
                0x00000453       0x34 /home/cotti/st/stm32cubeide_1.17.0/plugins/com.st.stm32cube.ide.mcu.externaltools.gnu-tools-for-stm32.12.3.rel1.linux64_1.1.0.202410170702/tools/bin/../lib/gcc/arm-none-eabi/12.3.1/../../../../arm-none-eabi/lib/thumb/v7e-m+fp/hard/libc_nano.a(libc_a-errno.o)
 .ARM.attributes
                0x00000487       0x34 /home/cotti/st/stm32cubeide_1.17.0/plugins/com.st.stm32cube.ide.mcu.externaltools.gnu-tools-for-stm32.12.3.rel1.linux64_1.1.0.202410170702/tools/bin/../lib/gcc/arm-none-eabi/12.3.1/../../../../arm-none-eabi/lib/thumb/v7e-m+fp/hard/libc_nano.a(libc_a-init.o)
 .ARM.attributes
                0x000004bb       0x34 /home/cotti/st/stm32cubeide_1.17.0/plugins/com.st.stm32cube.ide.mcu.externaltools.gnu-tools-for-stm32.12.3.rel1.linux64_1.1.0.202410170702/tools/bin/../lib/gcc/arm-none-eabi/12.3.1/../../../../arm-none-eabi/lib/thumb/v7e-m+fp/hard/libm.a(libm_a-w_log.o)
 .ARM.attributes
                0x000004ef       0x34 /home/cotti/st/stm32cubeide_1.17.0/plugins/com.st.stm32cube.ide.mcu.externaltools.gnu-tools-for-stm32.12.3.rel1.linux64_1.1.0.202410170702/tools/bin/../lib/gcc/arm-none-eabi/12.3.1/../../../../arm-none-eabi/lib/thumb/v7e-m+fp/hard/libm.a(libm_a-s_nan.o)
 .ARM.attributes
                0x00000523       0x34 /home/cotti/st/stm32cubeide_1.17.0/plugins/com.st.stm32cube.ide.mcu.externaltools.gnu-tools-for-stm32.12.3.rel1.linux64_1.1.0.202410170702/tools/bin/../lib/gcc/arm-none-eabi/12.3.1/../../../../arm-none-eabi/lib/thumb/v7e-m+fp/hard/libm.a(libm_a-e_log.o)
 .ARM.attributes
                0x00000557       0x22 /home/cotti/st/stm32cubeide_1.17.0/plugins/com.st.stm32cube.ide.mcu.externaltools.gnu-tools-for-stm32.12.3.rel1.linux64_1.1.0.202410170702/tools/bin/../lib/gcc/arm-none-eabi/12.3.1/thumb/v7e-m+fp/hard/libgcc.a(_arm_addsubdf3.o)
 .ARM.attributes
                0x00000579       0x22 /home/cotti/st/stm32cubeide_1.17.0/plugins/com.st.stm32cube.ide.mcu.externaltools.gnu-tools-for-stm32.12.3.rel1.linux64_1.1.0.202410170702/tools/bin/../lib/gcc/arm-none-eabi/12.3.1/thumb/v7e-m+fp/hard/libgcc.a(_arm_muldivdf3.o)
 .ARM.attributes
                0x0000059b       0x22 /home/cotti/st/stm32cubeide_1.17.0/plugins/com.st.stm32cube.ide.mcu.externaltools.gnu-tools-for-stm32.12.3.rel1.linux64_1.1.0.202410170702/tools/bin/../lib/gcc/arm-none-eabi/12.3.1/thumb/v7e-m+fp/hard/libgcc.a(_arm_cmpdf2.o)
 .ARM.attributes
                0x000005bd       0x22 /home/cotti/st/stm32cubeide_1.17.0/plugins/com.st.stm32cube.ide.mcu.externaltools.gnu-tools-for-stm32.12.3.rel1.linux64_1.1.0.202410170702/tools/bin/../lib/gcc/arm-none-eabi/12.3.1/thumb/v7e-m+fp/hard/libgcc.a(_arm_unorddf2.o)
 .ARM.attributes
                0x000005df       0x22 /home/cotti/st/stm32cubeide_1.17.0/plugins/com.st.stm32cube.ide.mcu.externaltools.gnu-tools-for-stm32.12.3.rel1.linux64_1.1.0.202410170702/tools/bin/../lib/gcc/arm-none-eabi/12.3.1/thumb/v7e-m+fp/hard/libgcc.a(_arm_fixdfsi.o)
 .ARM.attributes
                0x00000601       0x22 /home/cotti/st/stm32cubeide_1.17.0/plugins/com.st.stm32cube.ide.mcu.externaltools.gnu-tools-for-stm32.12.3.rel1.linux64_1.1.0.202410170702/tools/bin/../lib/gcc/arm-none-eabi/12.3.1/thumb/v7e-m+fp/hard/libgcc.a(_arm_truncdfsf2.o)
 .ARM.attributes
                0x00000623       0x22 /home/cotti/st/stm32cubeide_1.17.0/plugins/com.st.stm32cube.ide.mcu.externaltools.gnu-tools-for-stm32.12.3.rel1.linux64_1.1.0.202410170702/tools/bin/../lib/gcc/arm-none-eabi/12.3.1/thumb/v7e-m+fp/hard/libgcc.a(_aeabi_uldivmod.o)
 .ARM.attributes
                0x00000645       0x34 /home/cotti/st/stm32cubeide_1.17.0/plugins/com.st.stm32cube.ide.mcu.externaltools.gnu-tools-for-stm32.12.3.rel1.linux64_1.1.0.202410170702/tools/bin/../lib/gcc/arm-none-eabi/12.3.1/thumb/v7e-m+fp/hard/libgcc.a(_udivmoddi4.o)
 .ARM.attributes
                0x00000679       0x22 /home/cotti/st/stm32cubeide_1.17.0/plugins/com.st.stm32cube.ide.mcu.externaltools.gnu-tools-for-stm32.12.3.rel1.linux64_1.1.0.202410170702/tools/bin/../lib/gcc/arm-none-eabi/12.3.1/thumb/v7e-m+fp/hard/libgcc.a(_dvmd_tls.o)
 .ARM.attributes
                0x0000069b       0x22 /home/cotti/st/stm32cubeide_1.17.0/plugins/com.st.stm32cube.ide.mcu.externaltools.gnu-tools-for-stm32.12.3.rel1.linux64_1.1.0.202410170702/tools/bin/../lib/gcc/arm-none-eabi/12.3.1/thumb/v7e-m+fp/hard/crtn.o
OUTPUT(FOC_pwm.elf elf32-littlearm)
LOAD linker stubs
LOAD /home/cotti/st/stm32cubeide_1.17.0/plugins/com.st.stm32cube.ide.mcu.externaltools.gnu-tools-for-stm32.12.3.rel1.linux64_1.1.0.202410170702/tools/bin/../lib/gcc/arm-none-eabi/12.3.1/../../../../arm-none-eabi/lib/thumb/v7e-m+fp/hard/libc.a
LOAD /home/cotti/st/stm32cubeide_1.17.0/plugins/com.st.stm32cube.ide.mcu.externaltools.gnu-tools-for-stm32.12.3.rel1.linux64_1.1.0.202410170702/tools/bin/../lib/gcc/arm-none-eabi/12.3.1/../../../../arm-none-eabi/lib/thumb/v7e-m+fp/hard/libm.a
LOAD /home/cotti/st/stm32cubeide_1.17.0/plugins/com.st.stm32cube.ide.mcu.externaltools.gnu-tools-for-stm32.12.3.rel1.linux64_1.1.0.202410170702/tools/bin/../lib/gcc/arm-none-eabi/12.3.1/thumb/v7e-m+fp/hard/libgcc.a

.debug_info     0x00000000     0xcd3d
 .debug_info    0x00000000      0x520 ./Core/Src/drv8301.o
 .debug_info    0x00000520     0x15fc ./Core/Src/main.o
 .debug_info    0x00001b1c      0xa88 ./Core/Src/motor_bldc.o
 .debug_info    0x000025a4     0x107a ./Core/Src/stm32f4xx_hal_msp.o
 .debug_info    0x0000361e      0x8fc ./Core/Src/stm32f4xx_it.o
 .debug_info    0x00003f1a      0x53e ./Core/Src/system_stm32f4xx.o
 .debug_info    0x00004458      0xb59 ./Core/Src/uart_bitbang.o
 .debug_info    0x00004fb1      0x3a0 ./Core/Src/uart_comm.o
 .debug_info    0x00005351       0x30 ./Core/Startup/startup_stm32f401rctx.o
 .debug_info    0x00005381      0x8bb ./Drivers/STM32F4xx_HAL_Driver/Src/stm32f4xx_hal.o
 .debug_info    0x00005c3c      0xcd1 ./Drivers/STM32F4xx_HAL_Driver/Src/stm32f4xx_hal_adc.o
 .debug_info    0x0000690d      0xcf6 ./Drivers/STM32F4xx_HAL_Driver/Src/stm32f4xx_hal_cortex.o
 .debug_info    0x00007603      0x8e6 ./Drivers/STM32F4xx_HAL_Driver/Src/stm32f4xx_hal_dma.o
 .debug_info    0x00007ee9      0x6f9 ./Drivers/STM32F4xx_HAL_Driver/Src/stm32f4xx_hal_gpio.o
 .debug_info    0x000085e2      0x8f1 ./Drivers/STM32F4xx_HAL_Driver/Src/stm32f4xx_hal_rcc.o
 .debug_info    0x00008ed3     0x2996 ./Drivers/STM32F4xx_HAL_Driver/Src/stm32f4xx_hal_tim.o
 .debug_info    0x0000b869     0x14d4 ./Drivers/STM32F4xx_HAL_Driver/Src/stm32f4xx_hal_tim_ex.o

.debug_abbrev   0x00000000     0x23f8
 .debug_abbrev  0x00000000      0x221 ./Core/Src/drv8301.o
 .debug_abbrev  0x00000221      0x2c6 ./Core/Src/main.o
 .debug_abbrev  0x000004e7      0x27c ./Core/Src/motor_bldc.o
 .debug_abbrev  0x00000763      0x28c ./Core/Src/stm32f4xx_hal_msp.o
 .debug_abbrev  0x000009ef      0x21c ./Core/Src/stm32f4xx_it.o
 .debug_abbrev  0x00000c0b      0x11a ./Core/Src/system_stm32f4xx.o
 .debug_abbrev  0x00000d25      0x24c ./Core/Src/uart_bitbang.o
 .debug_abbrev  0x00000f71      0x122 ./Core/Src/uart_comm.o
 .debug_abbrev  0x00001093       0x24 ./Core/Startup/startup_stm32f401rctx.o
 .debug_abbrev  0x000010b7      0x24b ./Drivers/STM32F4xx_HAL_Driver/Src/stm32f4xx_hal.o
 .debug_abbrev  0x00001302      0x20e ./Drivers/STM32F4xx_HAL_Driver/Src/stm32f4xx_hal_adc.o
 .debug_abbrev  0x00001510      0x31d ./Drivers/STM32F4xx_HAL_Driver/Src/stm32f4xx_hal_cortex.o
 .debug_abbrev  0x0000182d      0x221 ./Drivers/STM32F4xx_HAL_Driver/Src/stm32f4xx_hal_dma.o
 .debug_abbrev  0x00001a4e      0x1d3 ./Drivers/STM32F4xx_HAL_Driver/Src/stm32f4xx_hal_gpio.o
 .debug_abbrev  0x00001c21      0x2b6 ./Drivers/STM32F4xx_HAL_Driver/Src/stm32f4xx_hal_rcc.o
 .debug_abbrev  0x00001ed7      0x28b ./Drivers/STM32F4xx_HAL_Driver/Src/stm32f4xx_hal_tim.o
 .debug_abbrev  0x00002162      0x296 ./Drivers/STM32F4xx_HAL_Driver/Src/stm32f4xx_hal_tim_ex.o

.debug_aranges  0x00000000      0xd30
 .debug_aranges
                0x00000000       0x88 ./Core/Src/drv8301.o
 .debug_aranges
                0x00000088       0x68 ./Core/Src/main.o
 .debug_aranges
                0x000000f0       0x78 ./Core/Src/motor_bldc.o
 .debug_aranges
                0x00000168       0x58 ./Core/Src/stm32f4xx_hal_msp.o
 .debug_aranges
                0x000001c0       0x90 ./Core/Src/stm32f4xx_it.o
 .debug_aranges
                0x00000250       0x28 ./Core/Src/system_stm32f4xx.o
 .debug_aranges
                0x00000278       0x50 ./Core/Src/uart_bitbang.o
 .debug_aranges
                0x000002c8       0x90 ./Core/Src/uart_comm.o
 .debug_aranges
                0x00000358       0x28 ./Core/Startup/startup_stm32f401rctx.o
 .debug_aranges
                0x00000380       0xf0 ./Drivers/STM32F4xx_HAL_Driver/Src/stm32f4xx_hal.o
 .debug_aranges
                0x00000470       0xe8 ./Drivers/STM32F4xx_HAL_Driver/Src/stm32f4xx_hal_adc.o
 .debug_aranges
                0x00000558      0x130 ./Drivers/STM32F4xx_HAL_Driver/Src/stm32f4xx_hal_cortex.o
 .debug_aranges
                0x00000688       0x90 ./Drivers/STM32F4xx_HAL_Driver/Src/stm32f4xx_hal_dma.o
 .debug_aranges
                0x00000718       0x58 ./Drivers/STM32F4xx_HAL_Driver/Src/stm32f4xx_hal_gpio.o
 .debug_aranges
                0x00000770       0x88 ./Drivers/STM32F4xx_HAL_Driver/Src/stm32f4xx_hal_rcc.o
 .debug_aranges
                0x000007f8      0x3d0 ./Drivers/STM32F4xx_HAL_Driver/Src/stm32f4xx_hal_tim.o
 .debug_aranges
                0x00000bc8      0x168 ./Drivers/STM32F4xx_HAL_Driver/Src/stm32f4xx_hal_tim_ex.o

.debug_rnglists
                0x00000000      0xa23
 .debug_rnglists
                0x00000000       0x62 ./Core/Src/drv8301.o
 .debug_rnglists
                0x00000062       0x50 ./Core/Src/main.o
 .debug_rnglists
                0x000000b2       0x58 ./Core/Src/motor_bldc.o
 .debug_rnglists
                0x0000010a       0x40 ./Core/Src/stm32f4xx_hal_msp.o
 .debug_rnglists
                0x0000014a       0x67 ./Core/Src/stm32f4xx_it.o
 .debug_rnglists
                0x000001b1       0x1a ./Core/Src/system_stm32f4xx.o
 .debug_rnglists
                0x000001cb       0x39 ./Core/Src/uart_bitbang.o
 .debug_rnglists
                0x00000204       0x6e ./Core/Src/uart_comm.o
 .debug_rnglists
                0x00000272       0x19 ./Core/Startup/startup_stm32f401rctx.o
 .debug_rnglists
                0x0000028b       0xaf ./Drivers/STM32F4xx_HAL_Driver/Src/stm32f4xx_hal.o
 .debug_rnglists
                0x0000033a       0xb5 ./Drivers/STM32F4xx_HAL_Driver/Src/stm32f4xx_hal_adc.o
 .debug_rnglists
                0x000003ef       0xe0 ./Drivers/STM32F4xx_HAL_Driver/Src/stm32f4xx_hal_cortex.o
 .debug_rnglists
                0x000004cf       0x70 ./Drivers/STM32F4xx_HAL_Driver/Src/stm32f4xx_hal_dma.o
 .debug_rnglists
                0x0000053f       0x3f ./Drivers/STM32F4xx_HAL_Driver/Src/stm32f4xx_hal_gpio.o
 .debug_rnglists
                0x0000057e       0x66 ./Drivers/STM32F4xx_HAL_Driver/Src/stm32f4xx_hal_rcc.o
 .debug_rnglists
                0x000005e4      0x31a ./Drivers/STM32F4xx_HAL_Driver/Src/stm32f4xx_hal_tim.o
 .debug_rnglists
                0x000008fe      0x125 ./Drivers/STM32F4xx_HAL_Driver/Src/stm32f4xx_hal_tim_ex.o

.debug_macro    0x00000000    0x17ebc
 .debug_macro   0x00000000      0x2dd ./Core/Src/drv8301.o
 .debug_macro   0x000002dd      0xab4 ./Core/Src/drv8301.o
 .debug_macro   0x00000d91      0x29b ./Core/Src/drv8301.o
 .debug_macro   0x0000102c       0x2e ./Core/Src/drv8301.o
 .debug_macro   0x0000105a       0x28 ./Core/Src/drv8301.o
 .debug_macro   0x00001082       0x22 ./Core/Src/drv8301.o
 .debug_macro   0x000010a4       0x8e ./Core/Src/drv8301.o
 .debug_macro   0x00001132       0x51 ./Core/Src/drv8301.o
 .debug_macro   0x00001183      0x103 ./Core/Src/drv8301.o
 .debug_macro   0x00001286       0x6a ./Core/Src/drv8301.o
 .debug_macro   0x000012f0      0x1df ./Core/Src/drv8301.o
 .debug_macro   0x000014cf       0x1c ./Core/Src/drv8301.o
 .debug_macro   0x000014eb       0x22 ./Core/Src/drv8301.o
 .debug_macro   0x0000150d       0xfb ./Core/Src/drv8301.o
 .debug_macro   0x00001608     0x1011 ./Core/Src/drv8301.o
 .debug_macro   0x00002619      0x11f ./Core/Src/drv8301.o
 .debug_macro   0x00002738     0xb86c ./Core/Src/drv8301.o
 .debug_macro   0x0000dfa4       0x6d ./Core/Src/drv8301.o
 .debug_macro   0x0000e011     0x369a ./Core/Src/drv8301.o
 .debug_macro   0x000116ab      0x189 ./Core/Src/drv8301.o
 .debug_macro   0x00011834       0x5c ./Core/Src/drv8301.o
 .debug_macro   0x00011890      0x416 ./Core/Src/drv8301.o
 .debug_macro   0x00011ca6      0x9e9 ./Core/Src/drv8301.o
 .debug_macro   0x0001268f      0x115 ./Core/Src/drv8301.o
 .debug_macro   0x000127a4       0xf8 ./Core/Src/drv8301.o
 .debug_macro   0x0001289c       0xa5 ./Core/Src/drv8301.o
 .debug_macro   0x00012941      0x15f ./Core/Src/drv8301.o
 .debug_macro   0x00012aa0      0x287 ./Core/Src/drv8301.o
 .debug_macro   0x00012d27       0x5f ./Core/Src/drv8301.o
 .debug_macro   0x00012d86      0x236 ./Core/Src/drv8301.o
 .debug_macro   0x00012fbc      0x9e1 ./Core/Src/drv8301.o
 .debug_macro   0x0001399d      0x38b ./Core/Src/drv8301.o
 .debug_macro   0x00013d28      0x176 ./Core/Src/drv8301.o
 .debug_macro   0x00013e9e       0xf9 ./Core/Src/drv8301.o
 .debug_macro   0x00013f97      0x132 ./Core/Src/drv8301.o
 .debug_macro   0x000140c9      0x23a ./Core/Src/drv8301.o
 .debug_macro   0x00014303       0x2e ./Core/Src/drv8301.o
 .debug_macro   0x00014331      0x127 ./Core/Src/drv8301.o
 .debug_macro   0x00014458       0x85 ./Core/Src/drv8301.o
 .debug_macro   0x000144dd       0x89 ./Core/Src/drv8301.o
 .debug_macro   0x00014566      0x8ed ./Core/Src/drv8301.o
 .debug_macro   0x00014e53       0x47 ./Core/Src/drv8301.o
 .debug_macro   0x00014e9a      0x126 ./Core/Src/drv8301.o
 .debug_macro   0x00014fc0       0x40 ./Core/Src/drv8301.o
 .debug_macro   0x00015000       0x5e ./Core/Src/drv8301.o
 .debug_macro   0x0001505e       0x34 ./Core/Src/drv8301.o
 .debug_macro   0x00015092       0x16 ./Core/Src/drv8301.o
 .debug_macro   0x000150a8       0x61 ./Core/Src/drv8301.o
 .debug_macro   0x00015109       0x2a ./Core/Src/drv8301.o
 .debug_macro   0x00015133       0x43 ./Core/Src/drv8301.o
 .debug_macro   0x00015176       0x34 ./Core/Src/drv8301.o
 .debug_macro   0x000151aa       0x16 ./Core/Src/drv8301.o
 .debug_macro   0x000151c0       0x43 ./Core/Src/drv8301.o
 .debug_macro   0x00015203       0x34 ./Core/Src/drv8301.o
 .debug_macro   0x00015237       0x10 ./Core/Src/drv8301.o
 .debug_macro   0x00015247       0x58 ./Core/Src/drv8301.o
 .debug_macro   0x0001529f       0x8e ./Core/Src/drv8301.o
 .debug_macro   0x0001532d       0x1c ./Core/Src/drv8301.o
 .debug_macro   0x00015349      0x177 ./Core/Src/drv8301.o
 .debug_macro   0x000154c0      0x369 ./Core/Src/drv8301.o
 .debug_macro   0x00015829      0x19b ./Core/Src/drv8301.o
 .debug_macro   0x000159c4       0xb2 ./Core/Src/drv8301.o
 .debug_macro   0x00015a76      0x126 ./Core/Src/drv8301.o
 .debug_macro   0x00015b9c      0x2d9 ./Core/Src/main.o
 .debug_macro   0x00015e75      0x2dd ./Core/Src/motor_bldc.o
 .debug_macro   0x00016152      0x2d9 ./Core/Src/stm32f4xx_hal_msp.o
 .debug_macro   0x0001642b      0x2e3 ./Core/Src/stm32f4xx_it.o
 .debug_macro   0x0001670e      0x1ec ./Core/Src/system_stm32f4xx.o
 .debug_macro   0x000168fa      0x2e3 ./Core/Src/uart_bitbang.o
 .debug_macro   0x00016bdd       0x10 ./Core/Src/uart_bitbang.o
 .debug_macro   0x00016bed      0x2dd ./Core/Src/uart_comm.o
 .debug_macro   0x00016eca      0x24c ./Drivers/STM32F4xx_HAL_Driver/Src/stm32f4xx_hal.o
 .debug_macro   0x00017116      0x1ed ./Drivers/STM32F4xx_HAL_Driver/Src/stm32f4xx_hal_adc.o
 .debug_macro   0x00017303      0x1ec ./Drivers/STM32F4xx_HAL_Driver/Src/stm32f4xx_hal_cortex.o
 .debug_macro   0x000174ef      0x1f2 ./Drivers/STM32F4xx_HAL_Driver/Src/stm32f4xx_hal_dma.o
 .debug_macro   0x000176e1      0x1f2 ./Drivers/STM32F4xx_HAL_Driver/Src/stm32f4xx_hal_gpio.o
 .debug_macro   0x000178d3      0x210 ./Drivers/STM32F4xx_HAL_Driver/Src/stm32f4xx_hal_rcc.o
 .debug_macro   0x00017ae3      0x1ed ./Drivers/STM32F4xx_HAL_Driver/Src/stm32f4xx_hal_tim.o
 .debug_macro   0x00017cd0      0x1ec ./Drivers/STM32F4xx_HAL_Driver/Src/stm32f4xx_hal_tim_ex.o

.debug_line     0x00000000     0xee9c
 .debug_line    0x00000000      0xad0 ./Core/Src/drv8301.o
 .debug_line    0x00000ad0      0xbaf ./Core/Src/main.o
 .debug_line    0x0000167f      0xaed ./Core/Src/motor_bldc.o
 .debug_line    0x0000216c      0x9bd ./Core/Src/stm32f4xx_hal_msp.o
 .debug_line    0x00002b29      0x9a2 ./Core/Src/stm32f4xx_it.o
 .debug_line    0x000034cb      0x75b ./Core/Src/system_stm32f4xx.o
 .debug_line    0x00003c26      0x982 ./Core/Src/uart_bitbang.o
 .debug_line    0x000045a8      0xa52 ./Core/Src/uart_comm.o
 .debug_line    0x00004ffa       0x7a ./Core/Startup/startup_stm32f401rctx.o
 .debug_line    0x00005074      0x9c4 ./Drivers/STM32F4xx_HAL_Driver/Src/stm32f4xx_hal.o
 .debug_line    0x00005a38     0x1180 ./Drivers/STM32F4xx_HAL_Driver/Src/stm32f4xx_hal_adc.o
 .debug_line    0x00006bb8      0xcb6 ./Drivers/STM32F4xx_HAL_Driver/Src/stm32f4xx_hal_cortex.o
 .debug_line    0x0000786e      0xf34 ./Drivers/STM32F4xx_HAL_Driver/Src/stm32f4xx_hal_dma.o
 .debug_line    0x000087a2      0xb14 ./Drivers/STM32F4xx_HAL_Driver/Src/stm32f4xx_hal_gpio.o
 .debug_line    0x000092b6      0xd4f ./Drivers/STM32F4xx_HAL_Driver/Src/stm32f4xx_hal_rcc.o
 .debug_line    0x0000a005     0x3542 ./Drivers/STM32F4xx_HAL_Driver/Src/stm32f4xx_hal_tim.o
 .debug_line    0x0000d547     0x1955 ./Drivers/STM32F4xx_HAL_Driver/Src/stm32f4xx_hal_tim_ex.o

.debug_str      0x00000000    0x9792b
 .debug_str     0x00000000    0x93e76 ./Core/Src/drv8301.o
                              0x9410e (size before relaxing)
 .debug_str     0x00093e76      0xfd9 ./Core/Src/main.o
                              0x95066 (size before relaxing)
 .debug_str     0x00094e4f      0x1e3 ./Core/Src/motor_bldc.o
                              0x9470f (size before relaxing)
 .debug_str     0x00095032      0x101 ./Core/Src/stm32f4xx_hal_msp.o
                              0x94c4e (size before relaxing)
 .debug_str     0x00095133      0x1c9 ./Core/Src/stm32f4xx_it.o
                              0x94694 (size before relaxing)
 .debug_str     0x000952fc       0xdb ./Core/Src/system_stm32f4xx.o
                              0x8fe51 (size before relaxing)
 .debug_str     0x000953d7      0x10c ./Core/Src/uart_bitbang.o
                              0x94a2e (size before relaxing)
 .debug_str     0x000954e3      0x12d ./Core/Src/uart_comm.o
                              0x940d4 (size before relaxing)
 .debug_str     0x00095610       0x81 ./Core/Startup/startup_stm32f401rctx.o
 .debug_str     0x00095691      0x60d ./Drivers/STM32F4xx_HAL_Driver/Src/stm32f4xx_hal.o
                              0x90873 (size before relaxing)
 .debug_str     0x00095c9e      0x2c1 ./Drivers/STM32F4xx_HAL_Driver/Src/stm32f4xx_hal_adc.o
                              0x9042c (size before relaxing)
 .debug_str     0x00095f5f      0x34d ./Drivers/STM32F4xx_HAL_Driver/Src/stm32f4xx_hal_cortex.o
                              0x905dd (size before relaxing)
 .debug_str     0x000962ac      0x2d5 ./Drivers/STM32F4xx_HAL_Driver/Src/stm32f4xx_hal_dma.o
                              0x90259 (size before relaxing)
 .debug_str     0x00096581       0xe4 ./Drivers/STM32F4xx_HAL_Driver/Src/stm32f4xx_hal_gpio.o
                              0x8ffcc (size before relaxing)
 .debug_str     0x00096665      0x233 ./Drivers/STM32F4xx_HAL_Driver/Src/stm32f4xx_hal_rcc.o
                              0x90285 (size before relaxing)
 .debug_str     0x00096898      0xcdb ./Drivers/STM32F4xx_HAL_Driver/Src/stm32f4xx_hal_tim.o
                              0x911c9 (size before relaxing)
 .debug_str     0x00097573      0x3b8 ./Drivers/STM32F4xx_HAL_Driver/Src/stm32f4xx_hal_tim_ex.o
                              0x909d5 (size before relaxing)

.comment        0x00000000       0x43
 .comment       0x00000000       0x43 ./Core/Src/drv8301.o
                                 0x44 (size before relaxing)
 .comment       0x00000043       0x44 ./Core/Src/main.o
 .comment       0x00000043       0x44 ./Core/Src/motor_bldc.o
 .comment       0x00000043       0x44 ./Core/Src/stm32f4xx_hal_msp.o
 .comment       0x00000043       0x44 ./Core/Src/stm32f4xx_it.o
 .comment       0x00000043       0x44 ./Core/Src/system_stm32f4xx.o
 .comment       0x00000043       0x44 ./Core/Src/uart_bitbang.o
 .comment       0x00000043       0x44 ./Core/Src/uart_comm.o
 .comment       0x00000043       0x44 ./Drivers/STM32F4xx_HAL_Driver/Src/stm32f4xx_hal.o
 .comment       0x00000043       0x44 ./Drivers/STM32F4xx_HAL_Driver/Src/stm32f4xx_hal_adc.o
 .comment       0x00000043       0x44 ./Drivers/STM32F4xx_HAL_Driver/Src/stm32f4xx_hal_cortex.o
 .comment       0x00000043       0x44 ./Drivers/STM32F4xx_HAL_Driver/Src/stm32f4xx_hal_dma.o
 .comment       0x00000043       0x44 ./Drivers/STM32F4xx_HAL_Driver/Src/stm32f4xx_hal_gpio.o
 .comment       0x00000043       0x44 ./Drivers/STM32F4xx_HAL_Driver/Src/stm32f4xx_hal_rcc.o
 .comment       0x00000043       0x44 ./Drivers/STM32F4xx_HAL_Driver/Src/stm32f4xx_hal_tim.o
 .comment       0x00000043       0x44 ./Drivers/STM32F4xx_HAL_Driver/Src/stm32f4xx_hal_tim_ex.o

.debug_frame    0x00000000     0x3a20
 .debug_frame   0x00000000      0x1f8 ./Core/Src/drv8301.o
 .debug_frame   0x000001f8      0x164 ./Core/Src/main.o
 .debug_frame   0x0000035c      0x1ac ./Core/Src/motor_bldc.o
 .debug_frame   0x00000508      0x13c ./Core/Src/stm32f4xx_hal_msp.o
 .debug_frame   0x00000644      0x1b4 ./Core/Src/stm32f4xx_it.o
 .debug_frame   0x000007f8       0x58 ./Core/Src/system_stm32f4xx.o
 .debug_frame   0x00000850       0xfc ./Core/Src/uart_bitbang.o
 .debug_frame   0x0000094c      0x1f8 ./Core/Src/uart_comm.o
 .debug_frame   0x00000b44      0x374 ./Drivers/STM32F4xx_HAL_Driver/Src/stm32f4xx_hal.o
 .debug_frame   0x00000eb8      0x3fc ./Drivers/STM32F4xx_HAL_Driver/Src/stm32f4xx_hal_adc.o
 .debug_frame   0x000012b4      0x508 ./Drivers/STM32F4xx_HAL_Driver/Src/stm32f4xx_hal_cortex.o
 .debug_frame   0x000017bc      0x250 ./Drivers/STM32F4xx_HAL_Driver/Src/stm32f4xx_hal_dma.o
 .debug_frame   0x00001a0c      0x14c ./Drivers/STM32F4xx_HAL_Driver/Src/stm32f4xx_hal_gpio.o
 .debug_frame   0x00001b58      0x1f4 ./Drivers/STM32F4xx_HAL_Driver/Src/stm32f4xx_hal_rcc.o
 .debug_frame   0x00001d4c     0x11b8 ./Drivers/STM32F4xx_HAL_Driver/Src/stm32f4xx_hal_tim.o
 .debug_frame   0x00002f04      0x638 ./Drivers/STM32F4xx_HAL_Driver/Src/stm32f4xx_hal_tim_ex.o
 .debug_frame   0x0000353c      0x144 /home/cotti/st/stm32cubeide_1.17.0/plugins/com.st.stm32cube.ide.mcu.externaltools.gnu-tools-for-stm32.12.3.rel1.linux64_1.1.0.202410170702/tools/bin/../lib/gcc/arm-none-eabi/12.3.1/../../../../arm-none-eabi/lib/thumb/v7e-m+fp/hard/libc_nano.a(libc_a-findfp.o)
 .debug_frame   0x00003680       0x20 /home/cotti/st/stm32cubeide_1.17.0/plugins/com.st.stm32cube.ide.mcu.externaltools.gnu-tools-for-stm32.12.3.rel1.linux64_1.1.0.202410170702/tools/bin/../lib/gcc/arm-none-eabi/12.3.1/../../../../arm-none-eabi/lib/thumb/v7e-m+fp/hard/libc_nano.a(libc_a-memset.o)
 .debug_frame   0x000036a0       0x20 /home/cotti/st/stm32cubeide_1.17.0/plugins/com.st.stm32cube.ide.mcu.externaltools.gnu-tools-for-stm32.12.3.rel1.linux64_1.1.0.202410170702/tools/bin/../lib/gcc/arm-none-eabi/12.3.1/../../../../arm-none-eabi/lib/thumb/v7e-m+fp/hard/libc_nano.a(libc_a-errno.o)
 .debug_frame   0x000036c0       0x2c /home/cotti/st/stm32cubeide_1.17.0/plugins/com.st.stm32cube.ide.mcu.externaltools.gnu-tools-for-stm32.12.3.rel1.linux64_1.1.0.202410170702/tools/bin/../lib/gcc/arm-none-eabi/12.3.1/../../../../arm-none-eabi/lib/thumb/v7e-m+fp/hard/libc_nano.a(libc_a-init.o)
 .debug_frame   0x000036ec       0x4c /home/cotti/st/stm32cubeide_1.17.0/plugins/com.st.stm32cube.ide.mcu.externaltools.gnu-tools-for-stm32.12.3.rel1.linux64_1.1.0.202410170702/tools/bin/../lib/gcc/arm-none-eabi/12.3.1/../../../../arm-none-eabi/lib/thumb/v7e-m+fp/hard/libm.a(libm_a-w_log.o)
 .debug_frame   0x00003738       0x20 /home/cotti/st/stm32cubeide_1.17.0/plugins/com.st.stm32cube.ide.mcu.externaltools.gnu-tools-for-stm32.12.3.rel1.linux64_1.1.0.202410170702/tools/bin/../lib/gcc/arm-none-eabi/12.3.1/../../../../arm-none-eabi/lib/thumb/v7e-m+fp/hard/libm.a(libm_a-s_nan.o)
 .debug_frame   0x00003758       0x40 /home/cotti/st/stm32cubeide_1.17.0/plugins/com.st.stm32cube.ide.mcu.externaltools.gnu-tools-for-stm32.12.3.rel1.linux64_1.1.0.202410170702/tools/bin/../lib/gcc/arm-none-eabi/12.3.1/../../../../arm-none-eabi/lib/thumb/v7e-m+fp/hard/libm.a(libm_a-e_log.o)
 .debug_frame   0x00003798       0xac /home/cotti/st/stm32cubeide_1.17.0/plugins/com.st.stm32cube.ide.mcu.externaltools.gnu-tools-for-stm32.12.3.rel1.linux64_1.1.0.202410170702/tools/bin/../lib/gcc/arm-none-eabi/12.3.1/thumb/v7e-m+fp/hard/libgcc.a(_arm_addsubdf3.o)
 .debug_frame   0x00003844       0x50 /home/cotti/st/stm32cubeide_1.17.0/plugins/com.st.stm32cube.ide.mcu.externaltools.gnu-tools-for-stm32.12.3.rel1.linux64_1.1.0.202410170702/tools/bin/../lib/gcc/arm-none-eabi/12.3.1/thumb/v7e-m+fp/hard/libgcc.a(_arm_muldivdf3.o)
 .debug_frame   0x00003894       0xc4 /home/cotti/st/stm32cubeide_1.17.0/plugins/com.st.stm32cube.ide.mcu.externaltools.gnu-tools-for-stm32.12.3.rel1.linux64_1.1.0.202410170702/tools/bin/../lib/gcc/arm-none-eabi/12.3.1/thumb/v7e-m+fp/hard/libgcc.a(_arm_cmpdf2.o)
 .debug_frame   0x00003958       0x20 /home/cotti/st/stm32cubeide_1.17.0/plugins/com.st.stm32cube.ide.mcu.externaltools.gnu-tools-for-stm32.12.3.rel1.linux64_1.1.0.202410170702/tools/bin/../lib/gcc/arm-none-eabi/12.3.1/thumb/v7e-m+fp/hard/libgcc.a(_arm_unorddf2.o)
 .debug_frame   0x00003978       0x24 /home/cotti/st/stm32cubeide_1.17.0/plugins/com.st.stm32cube.ide.mcu.externaltools.gnu-tools-for-stm32.12.3.rel1.linux64_1.1.0.202410170702/tools/bin/../lib/gcc/arm-none-eabi/12.3.1/thumb/v7e-m+fp/hard/libgcc.a(_arm_fixdfsi.o)
 .debug_frame   0x0000399c       0x24 /home/cotti/st/stm32cubeide_1.17.0/plugins/com.st.stm32cube.ide.mcu.externaltools.gnu-tools-for-stm32.12.3.rel1.linux64_1.1.0.202410170702/tools/bin/../lib/gcc/arm-none-eabi/12.3.1/thumb/v7e-m+fp/hard/libgcc.a(_arm_truncdfsf2.o)
 .debug_frame   0x000039c0       0x2c /home/cotti/st/stm32cubeide_1.17.0/plugins/com.st.stm32cube.ide.mcu.externaltools.gnu-tools-for-stm32.12.3.rel1.linux64_1.1.0.202410170702/tools/bin/../lib/gcc/arm-none-eabi/12.3.1/thumb/v7e-m+fp/hard/libgcc.a(_aeabi_uldivmod.o)
 .debug_frame   0x000039ec       0x34 /home/cotti/st/stm32cubeide_1.17.0/plugins/com.st.stm32cube.ide.mcu.externaltools.gnu-tools-for-stm32.12.3.rel1.linux64_1.1.0.202410170702/tools/bin/../lib/gcc/arm-none-eabi/12.3.1/thumb/v7e-m+fp/hard/libgcc.a(_udivmoddi4.o)

.debug_line_str
                0x00000000       0x65
 .debug_line_str
                0x00000000       0x65 ./Core/Startup/startup_stm32f401rctx.o
