../Core/Src/drv8301_bedder.c:29:5:utils_middle_of_3_int	32	static
../Core/Src/drv8301_bedder.c:42:6:drv8301_init	24	static
../Core/Src/drv8301_bedder.c:87:6:drv8301_set_oc_adj	24	static
../Core/Src/drv8301_bedder.c:100:6:drv8301_set_oc_mode	24	static
../Core/Src/drv8301_bedder.c:107:6:drv8301_set_current_amp_gain	24	static
../Core/Src/drv8301_bedder.c:150:5:drv8301_read_faults	16	static
../Core/Src/drv8301_bedder.c:159:6:drv8301_reset_faults	16	static
../Core/Src/drv8301_bedder.c:176:14:drv8301_read_reg	24	static
../Core/Src/drv8301_bedder.c:195:6:drv8301_write_reg	24	static
../Core/Src/drv8301_bedder.c:206:17:spi_exchange	24	static
../Core/Src/drv8301_bedder.c:212:13:spi_transfer	48	static,ignoring_inline_asm
../Core/Src/drv8301_bedder.c:247:13:spi_begin	8	static
../Core/Src/drv8301_bedder.c:251:13:spi_end	8	static
../Core/Src/drv8301_bedder.c:255:13:spi_delay	16	static,ignoring_inline_asm
